<?xml version="1.0" encoding="utf-8"?>
<TestRun id="2329326f-e403-4e07-b1b6-19ac1229e21e" name="21Kuben@DESKTOP-KCE3CM5 2025-12-15 00:06:04" runUser="DESKTOP-KCE3CM5\21Kuben" xmlns="http://microsoft.com/schemas/VisualStudio/TeamTest/2010">
  <Times creation="2025-12-15T00:06:04.9872004+01:00" queuing="2025-12-15T00:06:04.9872007+01:00" start="2025-12-15T00:06:03.6826635+01:00" finish="2025-12-15T00:06:06.1409733+01:00" />
  <TestSettings name="default" id="a538ea6d-b7ef-42c8-8bb2-55d3ab57db83">
    <Deployment runDeploymentRoot="21Kuben_DESKTOP-KCE3CM5_2025-12-15_00_06_04" />
  </TestSettings>
  <Results>
    <UnitTestResult executionId="181724f2-8687-4495-b9af-ae7c3361d9be" testId="64f660d3-d49f-64fc-c50b-52a0c628d4eb" testName="backend.backend.Tests.UserConnectionManagerTests.RemoveUserConnection_ShouldRemoveUser_WhenLastConnectionClosed" computerName="DESKTOP-KCE3CM5" duration="00:00:00.0075420" startTime="2025-12-15T00:06:04.9751352+01:00" endTime="2025-12-15T00:06:04.9751353+01:00" testType="13cdc9d9-ddb5-4fa4-a97d-d965ccfc6d4b" outcome="Passed" testListId="8c84fa94-04c1-424b-9868-57a2d4851a1d" relativeResultsDirectory="181724f2-8687-4495-b9af-ae7c3361d9be" />
    <UnitTestResult executionId="254439fd-8c01-4c05-a324-f8aa5deab898" testId="93f0a8cf-6e81-9eb4-4f03-c27f36759df8" testName="backend.backend.Tests.UserConnectionManagerTests.KeepUserConnection_ShouldAddUserToOnlineList" computerName="DESKTOP-KCE3CM5" duration="00:00:00.0005693" startTime="2025-12-15T00:06:04.9746086+01:00" endTime="2025-12-15T00:06:04.9746087+01:00" testType="13cdc9d9-ddb5-4fa4-a97d-d965ccfc6d4b" outcome="Passed" testListId="8c84fa94-04c1-424b-9868-57a2d4851a1d" relativeResultsDirectory="254439fd-8c01-4c05-a324-f8aa5deab898" />
    <UnitTestResult executionId="80f41574-c191-4dbd-a23f-b303498425bd" testId="4c392eba-9e7d-94c0-d161-6200375990d9" testName="backend.Tests.PackagesControllerTests.DeletePackage_ShouldRemoveFromDbAndLog" computerName="DESKTOP-KCE3CM5" duration="00:00:00.0301874" startTime="2025-12-15T00:06:05.4455020+01:00" endTime="2025-12-15T00:06:05.4455021+01:00" testType="13cdc9d9-ddb5-4fa4-a97d-d965ccfc6d4b" outcome="Passed" testListId="8c84fa94-04c1-424b-9868-57a2d4851a1d" relativeResultsDirectory="80f41574-c191-4dbd-a23f-b303498425bd" />
    <UnitTestResult executionId="ac8ef2a6-238f-4bc8-8b30-0d7e7096e075" testId="ddf46821-1129-9f6d-43c9-45de1dc9a9f8" testName="backend.Tests.PricingServiceTests.CalculateBasePriceWithRiskFactor_ShouldApplyCorrectMultipliers(basePrice: 100, category: &quot;Indywidualny&quot;, age: 30, expected: 100)" computerName="DESKTOP-KCE3CM5" duration="00:00:00.0000083" startTime="2025-12-15T00:06:04.9741861+01:00" endTime="2025-12-15T00:06:04.9741862+01:00" testType="13cdc9d9-ddb5-4fa4-a97d-d965ccfc6d4b" outcome="Passed" testListId="8c84fa94-04c1-424b-9868-57a2d4851a1d" relativeResultsDirectory="ac8ef2a6-238f-4bc8-8b30-0d7e7096e075" />
    <UnitTestResult executionId="37f3a911-d8d5-4f47-bf26-1aff7b9ed1a0" testId="b83fbe41-e5bd-fefb-2e92-151089ae61a9" testName="backend.Tests.PricingServiceTests.CalculateBasePriceWithRiskFactor_ShouldApplyCorrectMultipliers(basePrice: 100, category: &quot;Biznesowy&quot;, age: 40, expected: 100)" computerName="DESKTOP-KCE3CM5" duration="00:00:00.0002429" startTime="2025-12-15T00:06:04.9680996+01:00" endTime="2025-12-15T00:06:04.9680997+01:00" testType="13cdc9d9-ddb5-4fa4-a97d-d965ccfc6d4b" outcome="Passed" testListId="8c84fa94-04c1-424b-9868-57a2d4851a1d" relativeResultsDirectory="37f3a911-d8d5-4f47-bf26-1aff7b9ed1a0" />
    <UnitTestResult executionId="d679d84f-ef3c-4d43-bb54-6f598e46f520" testId="7738d824-a503-f166-d65a-aedcdc281d9d" testName="backend.Tests.PackagesControllerTests.GetPackages_ShouldReturnAllPackages" computerName="DESKTOP-KCE3CM5" duration="00:00:00.0042690" startTime="2025-12-15T00:06:05.4547194+01:00" endTime="2025-12-15T00:06:05.4547195+01:00" testType="13cdc9d9-ddb5-4fa4-a97d-d965ccfc6d4b" outcome="Passed" testListId="8c84fa94-04c1-424b-9868-57a2d4851a1d" relativeResultsDirectory="d679d84f-ef3c-4d43-bb54-6f598e46f520" />
    <UnitTestResult executionId="caa89e6d-798f-45f3-b652-118824be7a14" testId="59ea6ed0-4e2a-8ca1-9630-33cd51343c8a" testName="backend.backend.Tests.PdfServiceTests.GenerateCertificate_ShouldReturnPdfBytes_WhenAllDataIsProvided" computerName="DESKTOP-KCE3CM5" duration="00:00:00.1981762" startTime="2025-12-15T00:06:05.1349237+01:00" endTime="2025-12-15T00:06:05.1349238+01:00" testType="13cdc9d9-ddb5-4fa4-a97d-d965ccfc6d4b" outcome="Passed" testListId="8c84fa94-04c1-424b-9868-57a2d4851a1d" relativeResultsDirectory="caa89e6d-798f-45f3-b652-118824be7a14" />
    <UnitTestResult executionId="7798d0d3-124a-4dd0-9589-edd3a0a727a5" testId="171e9e01-50ed-4f05-4203-ac10dec3c163" testName="backend.backend.Tests.UserConnectionManagerTests.KeepUserConnection_ShouldStoreMultipleConnections_ForSameUser" computerName="DESKTOP-KCE3CM5" duration="00:00:00.0143349" startTime="2025-12-15T00:06:04.9668046+01:00" endTime="2025-12-15T00:06:04.9668047+01:00" testType="13cdc9d9-ddb5-4fa4-a97d-d965ccfc6d4b" outcome="Passed" testListId="8c84fa94-04c1-424b-9868-57a2d4851a1d" relativeResultsDirectory="7798d0d3-124a-4dd0-9589-edd3a0a727a5" />
    <UnitTestResult executionId="0f5e6305-e962-4e4c-b007-c8f42daa65f1" testId="0de8acf2-9760-0ef1-dc11-cb2d80cef712" testName="backend.Tests.NotificationServiceTests.BroadcastToAllUsersAsync_ShouldNotifyEveryoneInDb" computerName="DESKTOP-KCE3CM5" duration="00:00:00.0370495" startTime="2025-12-15T00:06:05.4514717+01:00" endTime="2025-12-15T00:06:05.4514718+01:00" testType="13cdc9d9-ddb5-4fa4-a97d-d965ccfc6d4b" outcome="Passed" testListId="8c84fa94-04c1-424b-9868-57a2d4851a1d" relativeResultsDirectory="0f5e6305-e962-4e4c-b007-c8f42daa65f1" />
    <UnitTestResult executionId="6b753001-3230-4d41-8ded-04e3ac0c2486" testId="684fae4f-1267-9acd-1e71-da072c48bfc9" testName="backend.Tests.LogServiceTests.LogAsync_ShouldMarkAsSensitive_WhenFlagIsTrue" computerName="DESKTOP-KCE3CM5" duration="00:00:00.4791745" startTime="2025-12-15T00:06:05.4137328+01:00" endTime="2025-12-15T00:06:05.4137329+01:00" testType="13cdc9d9-ddb5-4fa4-a97d-d965ccfc6d4b" outcome="Passed" testListId="8c84fa94-04c1-424b-9868-57a2d4851a1d" relativeResultsDirectory="6b753001-3230-4d41-8ded-04e3ac0c2486" />
    <UnitTestResult executionId="3a6250a7-3b56-4130-9fa8-8a1a1c8d3b01" testId="c8f10b2c-6ce2-8371-aefd-9026c4f349b8" testName="backend.Tests.EmailServiceTests.SendEmailAsync_ShouldHandleAttachments_WithoutCrashing" computerName="DESKTOP-KCE3CM5" duration="00:00:00.1086015" startTime="2025-12-15T00:06:05.0449250+01:00" endTime="2025-12-15T00:06:05.0449251+01:00" testType="13cdc9d9-ddb5-4fa4-a97d-d965ccfc6d4b" outcome="Passed" testListId="8c84fa94-04c1-424b-9868-57a2d4851a1d" relativeResultsDirectory="3a6250a7-3b56-4130-9fa8-8a1a1c8d3b01" />
    <UnitTestResult executionId="c6f09cfd-7369-4029-8ad3-041013e19747" testId="3742c538-16d7-f3de-46d1-f04fa7fb1708" testName="backend.Tests.SubscriptionExpirationWorkerTests.ExecuteAsync_ShouldProcessExpiringSubscriptions" computerName="DESKTOP-KCE3CM5" duration="00:00:01.0809823" startTime="2025-12-15T00:06:06.0155846+01:00" endTime="2025-12-15T00:06:06.0155848+01:00" testType="13cdc9d9-ddb5-4fa4-a97d-d965ccfc6d4b" outcome="Passed" testListId="8c84fa94-04c1-424b-9868-57a2d4851a1d" relativeResultsDirectory="c6f09cfd-7369-4029-8ad3-041013e19747" />
    <UnitTestResult executionId="3c29a456-adf1-43df-8dfc-ea6e7f095c3d" testId="8c99b516-318f-b793-0628-3e55de949e48" testName="backend.Tests.AuthControllerTests.Login_ShouldFail_WhenPasswordIsWrong" computerName="DESKTOP-KCE3CM5" duration="00:00:00.1878755" startTime="2025-12-15T00:06:05.1223820+01:00" endTime="2025-12-15T00:06:05.1223822+01:00" testType="13cdc9d9-ddb5-4fa4-a97d-d965ccfc6d4b" outcome="Passed" testListId="8c84fa94-04c1-424b-9868-57a2d4851a1d" relativeResultsDirectory="3c29a456-adf1-43df-8dfc-ea6e7f095c3d" />
    <UnitTestResult executionId="b248de0d-caf4-47fe-9650-36934a84aeaa" testId="56fc3619-cef4-2d15-367b-aba300ac4430" testName="backend.Tests.AdminControllerTests.GetLogs_ShouldHideSensitiveLogs_ForRegularAdmin" computerName="DESKTOP-KCE3CM5" duration="00:00:00.4827776" startTime="2025-12-15T00:06:05.4172572+01:00" endTime="2025-12-15T00:06:05.4172573+01:00" testType="13cdc9d9-ddb5-4fa4-a97d-d965ccfc6d4b" outcome="Passed" testListId="8c84fa94-04c1-424b-9868-57a2d4851a1d" relativeResultsDirectory="b248de0d-caf4-47fe-9650-36934a84aeaa" />
    <UnitTestResult executionId="b5d929e6-2791-4cfb-8320-d356b5d84e98" testId="1b3fa396-e7b4-ae72-597e-b8e9e9d1028a" testName="backend.Tests.PackagesControllerTests.CreatePackage_ShouldAddToDbAndLog" computerName="DESKTOP-KCE3CM5" duration="00:00:00.4807698" startTime="2025-12-15T00:06:05.4152438+01:00" endTime="2025-12-15T00:06:05.4152439+01:00" testType="13cdc9d9-ddb5-4fa4-a97d-d965ccfc6d4b" outcome="Passed" testListId="8c84fa94-04c1-424b-9868-57a2d4851a1d" relativeResultsDirectory="b5d929e6-2791-4cfb-8320-d356b5d84e98" />
    <UnitTestResult executionId="ebe8306f-c46c-412c-8797-25e3cdc42b76" testId="a03e420e-45ea-08b4-2b56-a94623cccfc1" testName="backend.Tests.FavoritesControllerTests.ToggleFavorite_ShouldAddFavorite_WhenNotExists" computerName="DESKTOP-KCE3CM5" duration="00:00:00.0018026" startTime="2025-12-15T00:06:05.4569566+01:00" endTime="2025-12-15T00:06:05.4569567+01:00" testType="13cdc9d9-ddb5-4fa4-a97d-d965ccfc6d4b" outcome="Passed" testListId="8c84fa94-04c1-424b-9868-57a2d4851a1d" relativeResultsDirectory="ebe8306f-c46c-412c-8797-25e3cdc42b76" />
    <UnitTestResult executionId="2f01923f-76e4-4664-ab96-0d7e7c387d5a" testId="568b1123-1bea-ef90-1747-5333a7430e39" testName="backend.Tests.PricingServiceTests.CalculateBasePriceWithRiskFactor_ShouldApplyCorrectMultipliers(basePrice: 100, category: &quot;Indywidualny&quot;, age: 40, expected: 115)" computerName="DESKTOP-KCE3CM5" duration="00:00:00.0000122" startTime="2025-12-15T00:06:04.9739358+01:00" endTime="2025-12-15T00:06:04.9739358+01:00" testType="13cdc9d9-ddb5-4fa4-a97d-d965ccfc6d4b" outcome="Passed" testListId="8c84fa94-04c1-424b-9868-57a2d4851a1d" relativeResultsDirectory="2f01923f-76e4-4664-ab96-0d7e7c387d5a" />
    <UnitTestResult executionId="c0468c7d-f449-4ac8-8dfc-1f4b191338f0" testId="1a7e4847-65f6-9317-45e9-57895cf098b4" testName="backend.Tests.NotificationServiceTests.CreateNotificationAsync_ShouldAddOneNotificationToDb" computerName="DESKTOP-KCE3CM5" duration="00:00:00.4799004" startTime="2025-12-15T00:06:05.4145564+01:00" endTime="2025-12-15T00:06:05.4145564+01:00" testType="13cdc9d9-ddb5-4fa4-a97d-d965ccfc6d4b" outcome="Passed" testListId="8c84fa94-04c1-424b-9868-57a2d4851a1d" relativeResultsDirectory="c0468c7d-f449-4ac8-8dfc-1f4b191338f0" />
    <UnitTestResult executionId="c2771400-f2c5-48df-b527-bf9933416c46" testId="09fce9dd-6b32-3b12-021f-a02b252c2b0b" testName="backend.Tests.PricingServiceTests.CalculateFinalPrice_ShouldReturnCorrectAmount(basePrice: 100, duration: &quot;yearly&quot;, billingPeriod: &quot;upfront&quot;, expected: 1140)" computerName="DESKTOP-KCE3CM5" duration="00:00:00.0003592" startTime="2025-12-15T00:06:04.9752329+01:00" endTime="2025-12-15T00:06:04.9752330+01:00" testType="13cdc9d9-ddb5-4fa4-a97d-d965ccfc6d4b" outcome="Passed" testListId="8c84fa94-04c1-424b-9868-57a2d4851a1d" relativeResultsDirectory="c2771400-f2c5-48df-b527-bf9933416c46" />
    <UnitTestResult executionId="00393646-c009-4b63-a418-cb8fe6198f18" testId="3229b200-0cc3-b781-3425-5b97c0a15f03" testName="backend.Tests.NotificationServiceTests.NotifyAllAdminsAsync_ShouldCreateNotificationsOnlyForAdmins" computerName="DESKTOP-KCE3CM5" duration="00:00:00.0052557" startTime="2025-12-15T00:06:05.4567651+01:00" endTime="2025-12-15T00:06:05.4567653+01:00" testType="13cdc9d9-ddb5-4fa4-a97d-d965ccfc6d4b" outcome="Passed" testListId="8c84fa94-04c1-424b-9868-57a2d4851a1d" relativeResultsDirectory="00393646-c009-4b63-a418-cb8fe6198f18" />
    <UnitTestResult executionId="318e2a5f-c643-4452-b538-73e2df17a42f" testId="5b61c1c2-d3e7-00f9-39ab-050d29660eae" testName="backend.Tests.PricingServiceTests.CalculateFinalPrice_ShouldReturnCorrectAmount(basePrice: 69, duration: &quot;7d&quot;, billingPeriod: &quot;upfront&quot;, expected: 1)" computerName="DESKTOP-KCE3CM5" duration="00:00:00.0000048" startTime="2025-12-15T00:06:04.9768240+01:00" endTime="2025-12-15T00:06:04.9768241+01:00" testType="13cdc9d9-ddb5-4fa4-a97d-d965ccfc6d4b" outcome="Passed" testListId="8c84fa94-04c1-424b-9868-57a2d4851a1d" relativeResultsDirectory="318e2a5f-c643-4452-b538-73e2df17a42f" />
    <UnitTestResult executionId="e8f2712d-6f09-42c1-9cb5-1a6ac6fe9483" testId="840d6f13-43a3-73dc-0248-02e472a067e3" testName="backend.Tests.PackagesControllerTests.UpdatePackage_ShouldModifyDbAndLog" computerName="DESKTOP-KCE3CM5" duration="00:00:00.0026731" startTime="2025-12-15T00:06:05.4482005+01:00" endTime="2025-12-15T00:06:05.4482006+01:00" testType="13cdc9d9-ddb5-4fa4-a97d-d965ccfc6d4b" outcome="Passed" testListId="8c84fa94-04c1-424b-9868-57a2d4851a1d" relativeResultsDirectory="e8f2712d-6f09-42c1-9cb5-1a6ac6fe9483" />
    <UnitTestResult executionId="96d574e2-0ffc-4b49-bf16-3f619b59c6f5" testId="37ceb3bd-172e-9c11-a52e-86af6e9cecc7" testName="backend.Tests.PricingServiceTests.CalculateFinalPrice_ShouldReturnCorrectAmount(basePrice: 10, duration: &quot;biennial&quot;, billingPeriod: &quot;upfront&quot;, expected: 204)" computerName="DESKTOP-KCE3CM5" duration="00:00:00.0000123" startTime="2025-12-15T00:06:04.9754085+01:00" endTime="2025-12-15T00:06:04.9754086+01:00" testType="13cdc9d9-ddb5-4fa4-a97d-d965ccfc6d4b" outcome="Passed" testListId="8c84fa94-04c1-424b-9868-57a2d4851a1d" relativeResultsDirectory="96d574e2-0ffc-4b49-bf16-3f619b59c6f5" />
    <UnitTestResult executionId="031afccc-20d9-41d7-8a12-9081a96a6a4c" testId="14cc1016-1fd2-5fad-c474-3eac6bf81bd3" testName="backend.Tests.LogServiceTests.LogAsync_ShouldHandleNullUserId" computerName="DESKTOP-KCE3CM5" duration="00:00:00.0007517" startTime="2025-12-15T00:06:05.4393808+01:00" endTime="2025-12-15T00:06:05.4393809+01:00" testType="13cdc9d9-ddb5-4fa4-a97d-d965ccfc6d4b" outcome="Passed" testListId="8c84fa94-04c1-424b-9868-57a2d4851a1d" relativeResultsDirectory="031afccc-20d9-41d7-8a12-9081a96a6a4c" />
    <UnitTestResult executionId="7e19764e-9341-406b-acee-6843dea7e81d" testId="06d4ccb0-6ecd-57e2-3c52-bf410233b932" testName="backend.Tests.PricingServiceTests.CalculateFinalPrice_ShouldReturnCorrectAmount(basePrice: 99, duration: &quot;yearly&quot;, billingPeriod: &quot;monthly&quot;, expected: 99)" computerName="DESKTOP-KCE3CM5" duration="00:00:00.0000073" startTime="2025-12-15T00:06:04.9770063+01:00" endTime="2025-12-15T00:06:04.9770063+01:00" testType="13cdc9d9-ddb5-4fa4-a97d-d965ccfc6d4b" outcome="Passed" testListId="8c84fa94-04c1-424b-9868-57a2d4851a1d" relativeResultsDirectory="7e19764e-9341-406b-acee-6843dea7e81d" />
    <UnitTestResult executionId="0357282b-f7c6-48cb-93b8-a7973b300efd" testId="dd87b4a5-487d-7ddf-2abd-9983111ca95a" testName="backend.Tests.FavoritesControllerTests.GetMyFavorites_ShouldReturnOnlyUserFavorites" computerName="DESKTOP-KCE3CM5" duration="00:00:00.0111524" startTime="2025-12-15T00:06:05.4542368+01:00" endTime="2025-12-15T00:06:05.4542369+01:00" testType="13cdc9d9-ddb5-4fa4-a97d-d965ccfc6d4b" outcome="Passed" testListId="8c84fa94-04c1-424b-9868-57a2d4851a1d" relativeResultsDirectory="0357282b-f7c6-48cb-93b8-a7973b300efd" />
    <UnitTestResult executionId="5d77cde7-bd6e-4ae6-aa4e-0b9ab3a13928" testId="65d3676d-fc3e-aab2-bee6-74ff1d9ec238" testName="backend.Tests.PricingServiceTests.CalculateBasePriceWithRiskFactor_ShouldApplyCorrectMultipliers(basePrice: 100, category: &quot;Indywidualny&quot;, age: 60, expected: 155)" computerName="DESKTOP-KCE3CM5" duration="00:00:00.0000075" startTime="2025-12-15T00:06:04.9744209+01:00" endTime="2025-12-15T00:06:04.9744210+01:00" testType="13cdc9d9-ddb5-4fa4-a97d-d965ccfc6d4b" outcome="Passed" testListId="8c84fa94-04c1-424b-9868-57a2d4851a1d" relativeResultsDirectory="5d77cde7-bd6e-4ae6-aa4e-0b9ab3a13928" />
    <UnitTestResult executionId="142e122f-72dc-43dd-9255-f126a86882d2" testId="e00d2733-5417-7d71-e16a-fc9fed9a743b" testName="backend.Tests.AccountControllerTests.UpdateProfile_ShouldReturnOk_WhenDataIsValid" computerName="DESKTOP-KCE3CM5" duration="00:00:00.0036222" startTime="2025-12-15T00:06:05.1543301+01:00" endTime="2025-12-15T00:06:05.1543302+01:00" testType="13cdc9d9-ddb5-4fa4-a97d-d965ccfc6d4b" outcome="Passed" testListId="8c84fa94-04c1-424b-9868-57a2d4851a1d" relativeResultsDirectory="142e122f-72dc-43dd-9255-f126a86882d2" />
    <UnitTestResult executionId="8e32b7a0-f997-4de6-8e4b-6f6968c56813" testId="517f6bab-db57-3dd3-7522-05c4cf2a1a65" testName="backend.Tests.AuthControllerTests.Login_ShouldSucceed_WhenCredentialsAreCorrect" computerName="DESKTOP-KCE3CM5" duration="00:00:00.3203119" startTime="2025-12-15T00:06:05.4493360+01:00" endTime="2025-12-15T00:06:05.4493361+01:00" testType="13cdc9d9-ddb5-4fa4-a97d-d965ccfc6d4b" outcome="Passed" testListId="8c84fa94-04c1-424b-9868-57a2d4851a1d" relativeResultsDirectory="8e32b7a0-f997-4de6-8e4b-6f6968c56813" />
    <UnitTestResult executionId="c88ef420-e1c0-4b5a-aa81-1ca9d5c328f3" testId="ceb1155c-7144-d228-d059-e0b6aa1680d1" testName="backend.Tests.PasswordResetTokenProviderTests.Provider_ShouldInitializeCorrectly" computerName="DESKTOP-KCE3CM5" duration="00:00:00.0487077" startTime="2025-12-15T00:06:05.0016621+01:00" endTime="2025-12-15T00:06:05.0016624+01:00" testType="13cdc9d9-ddb5-4fa4-a97d-d965ccfc6d4b" outcome="Passed" testListId="8c84fa94-04c1-424b-9868-57a2d4851a1d" relativeResultsDirectory="c88ef420-e1c0-4b5a-aa81-1ca9d5c328f3" />
    <UnitTestResult executionId="f849e08e-754b-4bbc-aebb-c63bc9c1c567" testId="85eef496-9705-bbac-0fbf-2907c463f47c" testName="backend.Tests.PricingServiceTests.CalculateFinalPrice_ShouldReturnBasePrice_WhenBillingIsMonthly" computerName="DESKTOP-KCE3CM5" duration="00:00:00.0001337" startTime="2025-12-15T00:06:04.9777279+01:00" endTime="2025-12-15T00:06:04.9777280+01:00" testType="13cdc9d9-ddb5-4fa4-a97d-d965ccfc6d4b" outcome="Passed" testListId="8c84fa94-04c1-424b-9868-57a2d4851a1d" relativeResultsDirectory="f849e08e-754b-4bbc-aebb-c63bc9c1c567" />
    <UnitTestResult executionId="4bd902d0-a161-418f-91a0-20c6de263a03" testId="3641ebfb-7be4-bc49-7f6b-4b11e7e30320" testName="backend.Tests.EmailServiceTests.SendEmailAsync_ShouldAttemptToSend_AndLogFailure_WhenServerIsFake" computerName="DESKTOP-KCE3CM5" duration="00:00:00.0032678" startTime="2025-12-15T00:06:05.0492702+01:00" endTime="2025-12-15T00:06:05.0492703+01:00" testType="13cdc9d9-ddb5-4fa4-a97d-d965ccfc6d4b" outcome="Passed" testListId="8c84fa94-04c1-424b-9868-57a2d4851a1d" relativeResultsDirectory="4bd902d0-a161-418f-91a0-20c6de263a03" />
    <UnitTestResult executionId="170a8b82-2ffc-479d-a03d-3ebfff9a40f2" testId="82bdeae6-5926-ffb0-1295-279e4b99635f" testName="backend.Tests.PricingServiceTests.CalculateFinalPrice_ShouldReturnOneZloty_WhenDurationIs7Days" computerName="DESKTOP-KCE3CM5" duration="00:00:00.0001122" startTime="2025-12-15T00:06:04.9779083+01:00" endTime="2025-12-15T00:06:04.9779083+01:00" testType="13cdc9d9-ddb5-4fa4-a97d-d965ccfc6d4b" outcome="Passed" testListId="8c84fa94-04c1-424b-9868-57a2d4851a1d" relativeResultsDirectory="170a8b82-2ffc-479d-a03d-3ebfff9a40f2" />
    <UnitTestResult executionId="71d5655c-bb55-49de-b3ee-5bf11fbfc1d3" testId="a93333e2-0980-2760-711a-48e08a3a4f67" testName="backend.Tests.LogServiceTests.LogAsync_ShouldSaveLogToDatabase_WhenDataIsCorrect" computerName="DESKTOP-KCE3CM5" duration="00:00:00.0240917" startTime="2025-12-15T00:06:05.4378816+01:00" endTime="2025-12-15T00:06:05.4378817+01:00" testType="13cdc9d9-ddb5-4fa4-a97d-d965ccfc6d4b" outcome="Passed" testListId="8c84fa94-04c1-424b-9868-57a2d4851a1d" relativeResultsDirectory="71d5655c-bb55-49de-b3ee-5bf11fbfc1d3" />
    <UnitTestResult executionId="66ce9bdd-1297-45ca-bc2d-ad0b02b21612" testId="3f54f33a-b481-9d8d-67ea-6fc744c75015" testName="backend.Tests.FavoritesControllerTests.ToggleFavorite_ShouldRemoveFavorite_WhenAlreadyExists" computerName="DESKTOP-KCE3CM5" duration="00:00:00.4959040" startTime="2025-12-15T00:06:05.4304058+01:00" endTime="2025-12-15T00:06:05.4304059+01:00" testType="13cdc9d9-ddb5-4fa4-a97d-d965ccfc6d4b" outcome="Passed" testListId="8c84fa94-04c1-424b-9868-57a2d4851a1d" relativeResultsDirectory="66ce9bdd-1297-45ca-bc2d-ad0b02b21612" />
    <UnitTestResult executionId="bf033c21-e14c-404d-b6ce-234c145e2d32" testId="e4afb0ed-fbc0-6df6-ba14-6e0f57e22c6e" testName="backend.backend.Tests.PdfServiceTests.GenerateCertificate_ShouldNotThrowError_WhenOptionalDataIsMissing" computerName="DESKTOP-KCE3CM5" duration="00:00:00.0218094" startTime="2025-12-15T00:06:05.1567905+01:00" endTime="2025-12-15T00:06:05.1567905+01:00" testType="13cdc9d9-ddb5-4fa4-a97d-d965ccfc6d4b" outcome="Passed" testListId="8c84fa94-04c1-424b-9868-57a2d4851a1d" relativeResultsDirectory="bf033c21-e14c-404d-b6ce-234c145e2d32" />
    <UnitTestResult executionId="f8766ecb-c8c1-48a9-bffc-d0b35e0c494a" testId="d0d26361-86b6-6918-a751-f6af266de81e" testName="backend.Tests.NotificationServiceTests.NotifyAllAdminsAsync_ShouldDoNothing_WhenNoAdminsExist" computerName="DESKTOP-KCE3CM5" duration="00:00:00.0007393" startTime="2025-12-15T00:06:05.4575393+01:00" endTime="2025-12-15T00:06:05.4575394+01:00" testType="13cdc9d9-ddb5-4fa4-a97d-d965ccfc6d4b" outcome="Passed" testListId="8c84fa94-04c1-424b-9868-57a2d4851a1d" relativeResultsDirectory="f8766ecb-c8c1-48a9-bffc-d0b35e0c494a" />
    <UnitTestResult executionId="96a08335-5fc5-40b8-9dc3-e497dc0f0726" testId="8f468b58-05c5-a627-d295-c518484d896b" testName="backend.Tests.PricingServiceTests.CalculateFinalPrice_ShouldReturnCorrectAmount(basePrice: 69, duration: &quot;yearly&quot;, billingPeriod: &quot;monthly&quot;, expected: 69)" computerName="DESKTOP-KCE3CM5" duration="00:00:00.0080780" startTime="2025-12-15T00:06:04.9749638+01:00" endTime="2025-12-15T00:06:04.9749638+01:00" testType="13cdc9d9-ddb5-4fa4-a97d-d965ccfc6d4b" outcome="Passed" testListId="8c84fa94-04c1-424b-9868-57a2d4851a1d" relativeResultsDirectory="96a08335-5fc5-40b8-9dc3-e497dc0f0726" />
    <UnitTestResult executionId="8fbc782c-9cd6-47d0-805a-ce451b149d00" testId="ba70ecaa-1be4-8cf3-b944-9d25bbc946d0" testName="backend.Tests.PricingServiceTests.CalculateFinalPrice_ShouldReturnCorrectAmount(basePrice: 169, duration: &quot;biennial&quot;, billingPeriod: &quot;monthly&quot;, expected: 169)" computerName="DESKTOP-KCE3CM5" duration="00:00:00.0000055" startTime="2025-12-15T00:06:04.9773656+01:00" endTime="2025-12-15T00:06:04.9773657+01:00" testType="13cdc9d9-ddb5-4fa4-a97d-d965ccfc6d4b" outcome="Passed" testListId="8c84fa94-04c1-424b-9868-57a2d4851a1d" relativeResultsDirectory="8fbc782c-9cd6-47d0-805a-ce451b149d00" />
    <UnitTestResult executionId="745dfebd-bd54-4a16-9ca6-e9dcf94866ef" testId="95a71f6e-9e41-edbd-53a9-6562a7b3f211" testName="backend.Tests.PackagesControllerTests.GetPackage_ShouldReturnNotFound_WhenIdDoesNotExist" computerName="DESKTOP-KCE3CM5" duration="00:00:00.0021777" startTime="2025-12-15T00:06:05.4504135+01:00" endTime="2025-12-15T00:06:05.4504136+01:00" testType="13cdc9d9-ddb5-4fa4-a97d-d965ccfc6d4b" outcome="Passed" testListId="8c84fa94-04c1-424b-9868-57a2d4851a1d" relativeResultsDirectory="745dfebd-bd54-4a16-9ca6-e9dcf94866ef" />
    <UnitTestResult executionId="96dd8f48-79a8-4a34-a6ab-168ef0bc89e1" testId="d3ed2de6-7eef-ce52-b2c6-a316250e72cb" testName="backend.backend.Tests.UserConnectionManagerTests.KeepUserConnection_ShouldBeCaseInsensitive" computerName="DESKTOP-KCE3CM5" duration="00:00:00.0001615" startTime="2025-12-15T00:06:04.9747868+01:00" endTime="2025-12-15T00:06:04.9747869+01:00" testType="13cdc9d9-ddb5-4fa4-a97d-d965ccfc6d4b" outcome="Passed" testListId="8c84fa94-04c1-424b-9868-57a2d4851a1d" relativeResultsDirectory="96dd8f48-79a8-4a34-a6ab-168ef0bc89e1" />
    <UnitTestResult executionId="dc25cbdb-c26c-4ca9-a009-cf499d959280" testId="b294224f-3502-75b2-20a1-ac9e314d967d" testName="backend.Tests.PricingServiceTests.CalculateFinalPrice_ShouldReturnCorrectAmount(basePrice: 50, duration: &quot;yearly&quot;, billingPeriod: &quot;upfront&quot;, expected: 570)" computerName="DESKTOP-KCE3CM5" duration="00:00:00.0000069" startTime="2025-12-15T00:06:04.9771855+01:00" endTime="2025-12-15T00:06:04.9771856+01:00" testType="13cdc9d9-ddb5-4fa4-a97d-d965ccfc6d4b" outcome="Passed" testListId="8c84fa94-04c1-424b-9868-57a2d4851a1d" relativeResultsDirectory="dc25cbdb-c26c-4ca9-a009-cf499d959280" />
    <UnitTestResult executionId="a07d8dc1-766f-4117-b6a1-2d4bdb2efdb7" testId="db2a3050-c20d-0766-ea34-c420a6ae5519" testName="backend.Tests.AdminControllerTests.GetDashboardStats_ShouldReturnCorrectCounts" computerName="DESKTOP-KCE3CM5" duration="00:00:00.0303131" startTime="2025-12-15T00:06:05.4476274+01:00" endTime="2025-12-15T00:06:05.4476275+01:00" testType="13cdc9d9-ddb5-4fa4-a97d-d965ccfc6d4b" outcome="Passed" testListId="8c84fa94-04c1-424b-9868-57a2d4851a1d" relativeResultsDirectory="a07d8dc1-766f-4117-b6a1-2d4bdb2efdb7" />
    <UnitTestResult executionId="501abb9d-25f9-4624-914c-208c2b82758b" testId="bb4ec92b-2f39-5601-2281-d1b3c8c44188" testName="backend.Tests.AuthControllerTests.Register_ShouldSucceed_WhenDataIsCorrect" computerName="DESKTOP-KCE3CM5" duration="00:00:00.0065438" startTime="2025-12-15T00:06:05.1289811+01:00" endTime="2025-12-15T00:06:05.1289812+01:00" testType="13cdc9d9-ddb5-4fa4-a97d-d965ccfc6d4b" outcome="Passed" testListId="8c84fa94-04c1-424b-9868-57a2d4851a1d" relativeResultsDirectory="501abb9d-25f9-4624-914c-208c2b82758b" />
    <UnitTestResult executionId="1f011376-1ff5-4072-84d5-e2cd367a4ace" testId="c7897678-47cc-3307-e73a-a1c5636d83e5" testName="backend.Tests.AccountControllerTests.UpdateProfile_ShouldReturnBadRequest_WhenUserIsUnder18" computerName="DESKTOP-KCE3CM5" duration="00:00:00.2161284" startTime="2025-12-15T00:06:05.1506559+01:00" endTime="2025-12-15T00:06:05.1506560+01:00" testType="13cdc9d9-ddb5-4fa4-a97d-d965ccfc6d4b" outcome="Passed" testListId="8c84fa94-04c1-424b-9868-57a2d4851a1d" relativeResultsDirectory="1f011376-1ff5-4072-84d5-e2cd367a4ace" />
    <UnitTestResult executionId="88b24eff-5eb3-47b8-b737-33f6a3e5b747" testId="1f70a0cb-1e89-b235-cfd5-ec8f34f73d98" testName="backend.Tests.FavoritesControllerTests.IsFavorite_ShouldReturnFalse_IfFavoriteDoesNotExist" computerName="DESKTOP-KCE3CM5" duration="00:00:00.0006843" startTime="2025-12-15T00:06:05.4549580+01:00" endTime="2025-12-15T00:06:05.4549581+01:00" testType="13cdc9d9-ddb5-4fa4-a97d-d965ccfc6d4b" outcome="Passed" testListId="8c84fa94-04c1-424b-9868-57a2d4851a1d" relativeResultsDirectory="88b24eff-5eb3-47b8-b737-33f6a3e5b747" />
    <UnitTestResult executionId="d15215d7-7f68-4aed-831f-865014b97ce3" testId="e5f5f809-a794-ca9f-7915-0760e75d1870" testName="backend.Tests.LogServiceTests.LogAsync_ShouldDefaultToSystem_WhenUserNameIsNull" computerName="DESKTOP-KCE3CM5" duration="00:00:00.0006757" startTime="2025-12-15T00:06:05.4386032+01:00" endTime="2025-12-15T00:06:05.4386033+01:00" testType="13cdc9d9-ddb5-4fa4-a97d-d965ccfc6d4b" outcome="Passed" testListId="8c84fa94-04c1-424b-9868-57a2d4851a1d" relativeResultsDirectory="d15215d7-7f68-4aed-831f-865014b97ce3" />
    <UnitTestResult executionId="48ed2bae-8428-464f-b36e-9c0fc00b4535" testId="2fde8d80-4919-9f2c-3c0c-f6c8af1c0643" testName="backend.Tests.PackagesControllerTests.GetPricingOptions_ShouldReturnOptionsFromService" computerName="DESKTOP-KCE3CM5" duration="00:00:00.0007136" startTime="2025-12-15T00:06:05.4562749+01:00" endTime="2025-12-15T00:06:05.4562750+01:00" testType="13cdc9d9-ddb5-4fa4-a97d-d965ccfc6d4b" outcome="Passed" testListId="8c84fa94-04c1-424b-9868-57a2d4851a1d" relativeResultsDirectory="48ed2bae-8428-464f-b36e-9c0fc00b4535" />
    <UnitTestResult executionId="07887889-816a-4d96-98e3-cc568dcdc04d" testId="7f33902a-0b09-2d0d-f3da-ba52ea0cdc42" testName="backend.Tests.AdminControllerTests.LockUser_ShouldFail_WhenAdminTriesToLockAnotherAdmin" computerName="DESKTOP-KCE3CM5" duration="00:00:00.0050877" startTime="2025-12-15T00:06:05.4527557+01:00" endTime="2025-12-15T00:06:05.4527558+01:00" testType="13cdc9d9-ddb5-4fa4-a97d-d965ccfc6d4b" outcome="Passed" testListId="8c84fa94-04c1-424b-9868-57a2d4851a1d" relativeResultsDirectory="07887889-816a-4d96-98e3-cc568dcdc04d" />
    <UnitTestResult executionId="db4e6d52-3fa0-443c-8762-cc4c63d4c036" testId="311f430b-8702-833e-f2f2-b4c659bdc5a5" testName="backend.Tests.PricingServiceTests.CalculateFinalPrice_ShouldReturnCorrectAmount(basePrice: 100, duration: &quot;biennial&quot;, billingPeriod: &quot;upfront&quot;, expected: 2040)" computerName="DESKTOP-KCE3CM5" duration="00:00:00.0000062" startTime="2025-12-15T00:06:04.9775473+01:00" endTime="2025-12-15T00:06:04.9775473+01:00" testType="13cdc9d9-ddb5-4fa4-a97d-d965ccfc6d4b" outcome="Passed" testListId="8c84fa94-04c1-424b-9868-57a2d4851a1d" relativeResultsDirectory="db4e6d52-3fa0-443c-8762-cc4c63d4c036" />
    <UnitTestResult executionId="e75cd0cc-8a34-401e-8151-f5108761e1d5" testId="36773925-af73-4e19-f95d-9a8ab5814bb0" testName="backend.Tests.PricingServiceTests.CalculateBasePriceWithRiskFactor_ShouldApplyCorrectMultipliers(basePrice: 100, category: &quot;Indywidualny&quot;, age: 20, expected: 100)" computerName="DESKTOP-KCE3CM5" duration="00:00:00.0154291" startTime="2025-12-15T00:06:04.9623236+01:00" endTime="2025-12-15T00:06:04.9623423+01:00" testType="13cdc9d9-ddb5-4fa4-a97d-d965ccfc6d4b" outcome="Passed" testListId="8c84fa94-04c1-424b-9868-57a2d4851a1d" relativeResultsDirectory="e75cd0cc-8a34-401e-8151-f5108761e1d5" />
    <UnitTestResult executionId="6daa1d20-ba28-4f5f-a689-322559632d1f" testId="9e5da526-15be-1992-0287-495e10127401" testName="backend.Tests.PasswordResetTokenProviderTests.Options_ShouldHaveCorrectDefaults" computerName="DESKTOP-KCE3CM5" duration="00:00:00.0152520" startTime="2025-12-15T00:06:04.9673348+01:00" endTime="2025-12-15T00:06:04.9673348+01:00" testType="13cdc9d9-ddb5-4fa4-a97d-d965ccfc6d4b" outcome="Passed" testListId="8c84fa94-04c1-424b-9868-57a2d4851a1d" relativeResultsDirectory="6daa1d20-ba28-4f5f-a689-322559632d1f" />
    <UnitTestResult executionId="8726d212-23c0-41b7-9637-5bd2fe4fef88" testId="20e398eb-1ed8-67c5-567b-b02887bacf81" testName="backend.Tests.PricingServiceTests.CalculateFinalPrice_ShouldReturnCorrectAmount(basePrice: 450, duration: &quot;7d&quot;, billingPeriod: &quot;upfront&quot;, expected: 1)" computerName="DESKTOP-KCE3CM5" duration="00:00:00.0000065" startTime="2025-12-15T00:06:04.9766254+01:00" endTime="2025-12-15T00:06:04.9766255+01:00" testType="13cdc9d9-ddb5-4fa4-a97d-d965ccfc6d4b" outcome="Passed" testListId="8c84fa94-04c1-424b-9868-57a2d4851a1d" relativeResultsDirectory="8726d212-23c0-41b7-9637-5bd2fe4fef88" />
    <UnitTestResult executionId="d86b55d6-4663-409d-ba81-d46a36e7bef0" testId="4c48772d-455c-651a-58cd-617cf80928ed" testName="backend.Tests.FavoritesControllerTests.IsFavorite_ShouldReturnTrue_IfFavoriteExists" computerName="DESKTOP-KCE3CM5" duration="00:00:00.0126020" startTime="2025-12-15T00:06:05.4430653+01:00" endTime="2025-12-15T00:06:05.4430653+01:00" testType="13cdc9d9-ddb5-4fa4-a97d-d965ccfc6d4b" outcome="Passed" testListId="8c84fa94-04c1-424b-9868-57a2d4851a1d" relativeResultsDirectory="d86b55d6-4663-409d-ba81-d46a36e7bef0" />
    <UnitTestResult executionId="b3dc26f6-902a-4f25-8945-5e3998e0d2a0" testId="52bc6620-548f-a6ea-441b-e71b786d9162" testName="backend.Tests.PackagesControllerTests.GetPackage_ShouldReturnPackage_WhenIdExists" computerName="DESKTOP-KCE3CM5" duration="00:00:00.0007500" startTime="2025-12-15T00:06:05.4555044+01:00" endTime="2025-12-15T00:06:05.4555045+01:00" testType="13cdc9d9-ddb5-4fa4-a97d-d965ccfc6d4b" outcome="Passed" testListId="8c84fa94-04c1-424b-9868-57a2d4851a1d" relativeResultsDirectory="b3dc26f6-902a-4f25-8945-5e3998e0d2a0" />
  </Results>
  <TestDefinitions>
    <UnitTest name="backend.Tests.PricingServiceTests.CalculateFinalPrice_ShouldReturnCorrectAmount(basePrice: 99, duration: &quot;yearly&quot;, billingPeriod: &quot;monthly&quot;, expected: 99)" storage="c:\users\21kuben\desktop\web-project\inzynierka\backend\backend\backend.tests\bin\debug\net8.0\backend.tests.dll" id="06d4ccb0-6ecd-57e2-3c52-bf410233b932">
      <Execution id="7e19764e-9341-406b-acee-6843dea7e81d" />
      <TestMethod codeBase="C:\Users\21Kuben\Desktop\web-project\Inzynierka\backend\backend\backend.Tests\bin\Debug\net8.0\backend.Tests.dll" adapterTypeName="executor://xunit/VsTestRunner2/netcoreapp" className="backend.Tests.PricingServiceTests" name="CalculateFinalPrice_ShouldReturnCorrectAmount" />
    </UnitTest>
    <UnitTest name="backend.Tests.AccountControllerTests.UpdateProfile_ShouldReturnBadRequest_WhenUserIsUnder18" storage="c:\users\21kuben\desktop\web-project\inzynierka\backend\backend\backend.tests\bin\debug\net8.0\backend.tests.dll" id="c7897678-47cc-3307-e73a-a1c5636d83e5">
      <Execution id="1f011376-1ff5-4072-84d5-e2cd367a4ace" />
      <TestMethod codeBase="C:\Users\21Kuben\Desktop\web-project\Inzynierka\backend\backend\backend.Tests\bin\Debug\net8.0\backend.Tests.dll" adapterTypeName="executor://xunit/VsTestRunner2/netcoreapp" className="backend.Tests.AccountControllerTests" name="UpdateProfile_ShouldReturnBadRequest_WhenUserIsUnder18" />
    </UnitTest>
    <UnitTest name="backend.Tests.LogServiceTests.LogAsync_ShouldHandleNullUserId" storage="c:\users\21kuben\desktop\web-project\inzynierka\backend\backend\backend.tests\bin\debug\net8.0\backend.tests.dll" id="14cc1016-1fd2-5fad-c474-3eac6bf81bd3">
      <Execution id="031afccc-20d9-41d7-8a12-9081a96a6a4c" />
      <TestMethod codeBase="C:\Users\21Kuben\Desktop\web-project\Inzynierka\backend\backend\backend.Tests\bin\Debug\net8.0\backend.Tests.dll" adapterTypeName="executor://xunit/VsTestRunner2/netcoreapp" className="backend.Tests.LogServiceTests" name="LogAsync_ShouldHandleNullUserId" />
    </UnitTest>
    <UnitTest name="backend.Tests.PasswordResetTokenProviderTests.Options_ShouldHaveCorrectDefaults" storage="c:\users\21kuben\desktop\web-project\inzynierka\backend\backend\backend.tests\bin\debug\net8.0\backend.tests.dll" id="9e5da526-15be-1992-0287-495e10127401">
      <Execution id="6daa1d20-ba28-4f5f-a689-322559632d1f" />
      <TestMethod codeBase="C:\Users\21Kuben\Desktop\web-project\Inzynierka\backend\backend\backend.Tests\bin\Debug\net8.0\backend.Tests.dll" adapterTypeName="executor://xunit/VsTestRunner2/netcoreapp" className="backend.Tests.PasswordResetTokenProviderTests" name="Options_ShouldHaveCorrectDefaults" />
    </UnitTest>
    <UnitTest name="backend.Tests.PricingServiceTests.CalculateFinalPrice_ShouldReturnOneZloty_WhenDurationIs7Days" storage="c:\users\21kuben\desktop\web-project\inzynierka\backend\backend\backend.tests\bin\debug\net8.0\backend.tests.dll" id="82bdeae6-5926-ffb0-1295-279e4b99635f">
      <Execution id="170a8b82-2ffc-479d-a03d-3ebfff9a40f2" />
      <TestMethod codeBase="C:\Users\21Kuben\Desktop\web-project\Inzynierka\backend\backend\backend.Tests\bin\Debug\net8.0\backend.Tests.dll" adapterTypeName="executor://xunit/VsTestRunner2/netcoreapp" className="backend.Tests.PricingServiceTests" name="CalculateFinalPrice_ShouldReturnOneZloty_WhenDurationIs7Days" />
    </UnitTest>
    <UnitTest name="backend.Tests.NotificationServiceTests.BroadcastToAllUsersAsync_ShouldNotifyEveryoneInDb" storage="c:\users\21kuben\desktop\web-project\inzynierka\backend\backend\backend.tests\bin\debug\net8.0\backend.tests.dll" id="0de8acf2-9760-0ef1-dc11-cb2d80cef712">
      <Execution id="0f5e6305-e962-4e4c-b007-c8f42daa65f1" />
      <TestMethod codeBase="C:\Users\21Kuben\Desktop\web-project\Inzynierka\backend\backend\backend.Tests\bin\Debug\net8.0\backend.Tests.dll" adapterTypeName="executor://xunit/VsTestRunner2/netcoreapp" className="backend.Tests.NotificationServiceTests" name="BroadcastToAllUsersAsync_ShouldNotifyEveryoneInDb" />
    </UnitTest>
    <UnitTest name="backend.Tests.PricingServiceTests.CalculateBasePriceWithRiskFactor_ShouldApplyCorrectMultipliers(basePrice: 100, category: &quot;Indywidualny&quot;, age: 40, expected: 115)" storage="c:\users\21kuben\desktop\web-project\inzynierka\backend\backend\backend.tests\bin\debug\net8.0\backend.tests.dll" id="568b1123-1bea-ef90-1747-5333a7430e39">
      <Execution id="2f01923f-76e4-4664-ab96-0d7e7c387d5a" />
      <TestMethod codeBase="C:\Users\21Kuben\Desktop\web-project\Inzynierka\backend\backend\backend.Tests\bin\Debug\net8.0\backend.Tests.dll" adapterTypeName="executor://xunit/VsTestRunner2/netcoreapp" className="backend.Tests.PricingServiceTests" name="CalculateBasePriceWithRiskFactor_ShouldApplyCorrectMultipliers" />
    </UnitTest>
    <UnitTest name="backend.Tests.PricingServiceTests.CalculateBasePriceWithRiskFactor_ShouldApplyCorrectMultipliers(basePrice: 100, category: &quot;Biznesowy&quot;, age: 40, expected: 100)" storage="c:\users\21kuben\desktop\web-project\inzynierka\backend\backend\backend.tests\bin\debug\net8.0\backend.tests.dll" id="b83fbe41-e5bd-fefb-2e92-151089ae61a9">
      <Execution id="37f3a911-d8d5-4f47-bf26-1aff7b9ed1a0" />
      <TestMethod codeBase="C:\Users\21Kuben\Desktop\web-project\Inzynierka\backend\backend\backend.Tests\bin\Debug\net8.0\backend.Tests.dll" adapterTypeName="executor://xunit/VsTestRunner2/netcoreapp" className="backend.Tests.PricingServiceTests" name="CalculateBasePriceWithRiskFactor_ShouldApplyCorrectMultipliers" />
    </UnitTest>
    <UnitTest name="backend.Tests.FavoritesControllerTests.GetMyFavorites_ShouldReturnOnlyUserFavorites" storage="c:\users\21kuben\desktop\web-project\inzynierka\backend\backend\backend.tests\bin\debug\net8.0\backend.tests.dll" id="dd87b4a5-487d-7ddf-2abd-9983111ca95a">
      <Execution id="0357282b-f7c6-48cb-93b8-a7973b300efd" />
      <TestMethod codeBase="C:\Users\21Kuben\Desktop\web-project\Inzynierka\backend\backend\backend.Tests\bin\Debug\net8.0\backend.Tests.dll" adapterTypeName="executor://xunit/VsTestRunner2/netcoreapp" className="backend.Tests.FavoritesControllerTests" name="GetMyFavorites_ShouldReturnOnlyUserFavorites" />
    </UnitTest>
    <UnitTest name="backend.Tests.PackagesControllerTests.UpdatePackage_ShouldModifyDbAndLog" storage="c:\users\21kuben\desktop\web-project\inzynierka\backend\backend\backend.tests\bin\debug\net8.0\backend.tests.dll" id="840d6f13-43a3-73dc-0248-02e472a067e3">
      <Execution id="e8f2712d-6f09-42c1-9cb5-1a6ac6fe9483" />
      <TestMethod codeBase="C:\Users\21Kuben\Desktop\web-project\Inzynierka\backend\backend\backend.Tests\bin\Debug\net8.0\backend.Tests.dll" adapterTypeName="executor://xunit/VsTestRunner2/netcoreapp" className="backend.Tests.PackagesControllerTests" name="UpdatePackage_ShouldModifyDbAndLog" />
    </UnitTest>
    <UnitTest name="backend.Tests.PricingServiceTests.CalculateFinalPrice_ShouldReturnCorrectAmount(basePrice: 10, duration: &quot;biennial&quot;, billingPeriod: &quot;upfront&quot;, expected: 204)" storage="c:\users\21kuben\desktop\web-project\inzynierka\backend\backend\backend.tests\bin\debug\net8.0\backend.tests.dll" id="37ceb3bd-172e-9c11-a52e-86af6e9cecc7">
      <Execution id="96d574e2-0ffc-4b49-bf16-3f619b59c6f5" />
      <TestMethod codeBase="C:\Users\21Kuben\Desktop\web-project\Inzynierka\backend\backend\backend.Tests\bin\Debug\net8.0\backend.Tests.dll" adapterTypeName="executor://xunit/VsTestRunner2/netcoreapp" className="backend.Tests.PricingServiceTests" name="CalculateFinalPrice_ShouldReturnCorrectAmount" />
    </UnitTest>
    <UnitTest name="backend.backend.Tests.UserConnectionManagerTests.KeepUserConnection_ShouldBeCaseInsensitive" storage="c:\users\21kuben\desktop\web-project\inzynierka\backend\backend\backend.tests\bin\debug\net8.0\backend.tests.dll" id="d3ed2de6-7eef-ce52-b2c6-a316250e72cb">
      <Execution id="96dd8f48-79a8-4a34-a6ab-168ef0bc89e1" />
      <TestMethod codeBase="C:\Users\21Kuben\Desktop\web-project\Inzynierka\backend\backend\backend.Tests\bin\Debug\net8.0\backend.Tests.dll" adapterTypeName="executor://xunit/VsTestRunner2/netcoreapp" className="backend.backend.Tests.UserConnectionManagerTests" name="KeepUserConnection_ShouldBeCaseInsensitive" />
    </UnitTest>
    <UnitTest name="backend.Tests.AuthControllerTests.Login_ShouldFail_WhenPasswordIsWrong" storage="c:\users\21kuben\desktop\web-project\inzynierka\backend\backend\backend.tests\bin\debug\net8.0\backend.tests.dll" id="8c99b516-318f-b793-0628-3e55de949e48">
      <Execution id="3c29a456-adf1-43df-8dfc-ea6e7f095c3d" />
      <TestMethod codeBase="C:\Users\21Kuben\Desktop\web-project\Inzynierka\backend\backend\backend.Tests\bin\Debug\net8.0\backend.Tests.dll" adapterTypeName="executor://xunit/VsTestRunner2/netcoreapp" className="backend.Tests.AuthControllerTests" name="Login_ShouldFail_WhenPasswordIsWrong" />
    </UnitTest>
    <UnitTest name="backend.Tests.PricingServiceTests.CalculateFinalPrice_ShouldReturnCorrectAmount(basePrice: 100, duration: &quot;yearly&quot;, billingPeriod: &quot;upfront&quot;, expected: 1140)" storage="c:\users\21kuben\desktop\web-project\inzynierka\backend\backend\backend.tests\bin\debug\net8.0\backend.tests.dll" id="09fce9dd-6b32-3b12-021f-a02b252c2b0b">
      <Execution id="c2771400-f2c5-48df-b527-bf9933416c46" />
      <TestMethod codeBase="C:\Users\21Kuben\Desktop\web-project\Inzynierka\backend\backend\backend.Tests\bin\Debug\net8.0\backend.Tests.dll" adapterTypeName="executor://xunit/VsTestRunner2/netcoreapp" className="backend.Tests.PricingServiceTests" name="CalculateFinalPrice_ShouldReturnCorrectAmount" />
    </UnitTest>
    <UnitTest name="backend.Tests.AccountControllerTests.UpdateProfile_ShouldReturnOk_WhenDataIsValid" storage="c:\users\21kuben\desktop\web-project\inzynierka\backend\backend\backend.tests\bin\debug\net8.0\backend.tests.dll" id="e00d2733-5417-7d71-e16a-fc9fed9a743b">
      <Execution id="142e122f-72dc-43dd-9255-f126a86882d2" />
      <TestMethod codeBase="C:\Users\21Kuben\Desktop\web-project\Inzynierka\backend\backend\backend.Tests\bin\Debug\net8.0\backend.Tests.dll" adapterTypeName="executor://xunit/VsTestRunner2/netcoreapp" className="backend.Tests.AccountControllerTests" name="UpdateProfile_ShouldReturnOk_WhenDataIsValid" />
    </UnitTest>
    <UnitTest name="backend.Tests.FavoritesControllerTests.ToggleFavorite_ShouldRemoveFavorite_WhenAlreadyExists" storage="c:\users\21kuben\desktop\web-project\inzynierka\backend\backend\backend.tests\bin\debug\net8.0\backend.tests.dll" id="3f54f33a-b481-9d8d-67ea-6fc744c75015">
      <Execution id="66ce9bdd-1297-45ca-bc2d-ad0b02b21612" />
      <TestMethod codeBase="C:\Users\21Kuben\Desktop\web-project\Inzynierka\backend\backend\backend.Tests\bin\Debug\net8.0\backend.Tests.dll" adapterTypeName="executor://xunit/VsTestRunner2/netcoreapp" className="backend.Tests.FavoritesControllerTests" name="ToggleFavorite_ShouldRemoveFavorite_WhenAlreadyExists" />
    </UnitTest>
    <UnitTest name="backend.backend.Tests.PdfServiceTests.GenerateCertificate_ShouldNotThrowError_WhenOptionalDataIsMissing" storage="c:\users\21kuben\desktop\web-project\inzynierka\backend\backend\backend.tests\bin\debug\net8.0\backend.tests.dll" id="e4afb0ed-fbc0-6df6-ba14-6e0f57e22c6e">
      <Execution id="bf033c21-e14c-404d-b6ce-234c145e2d32" />
      <TestMethod codeBase="C:\Users\21Kuben\Desktop\web-project\Inzynierka\backend\backend\backend.Tests\bin\Debug\net8.0\backend.Tests.dll" adapterTypeName="executor://xunit/VsTestRunner2/netcoreapp" className="backend.backend.Tests.PdfServiceTests" name="GenerateCertificate_ShouldNotThrowError_WhenOptionalDataIsMissing" />
    </UnitTest>
    <UnitTest name="backend.Tests.PackagesControllerTests.GetPricingOptions_ShouldReturnOptionsFromService" storage="c:\users\21kuben\desktop\web-project\inzynierka\backend\backend\backend.tests\bin\debug\net8.0\backend.tests.dll" id="2fde8d80-4919-9f2c-3c0c-f6c8af1c0643">
      <Execution id="48ed2bae-8428-464f-b36e-9c0fc00b4535" />
      <TestMethod codeBase="C:\Users\21Kuben\Desktop\web-project\Inzynierka\backend\backend\backend.Tests\bin\Debug\net8.0\backend.Tests.dll" adapterTypeName="executor://xunit/VsTestRunner2/netcoreapp" className="backend.Tests.PackagesControllerTests" name="GetPricingOptions_ShouldReturnOptionsFromService" />
    </UnitTest>
    <UnitTest name="backend.Tests.AdminControllerTests.GetDashboardStats_ShouldReturnCorrectCounts" storage="c:\users\21kuben\desktop\web-project\inzynierka\backend\backend\backend.tests\bin\debug\net8.0\backend.tests.dll" id="db2a3050-c20d-0766-ea34-c420a6ae5519">
      <Execution id="a07d8dc1-766f-4117-b6a1-2d4bdb2efdb7" />
      <TestMethod codeBase="C:\Users\21Kuben\Desktop\web-project\Inzynierka\backend\backend\backend.Tests\bin\Debug\net8.0\backend.Tests.dll" adapterTypeName="executor://xunit/VsTestRunner2/netcoreapp" className="backend.Tests.AdminControllerTests" name="GetDashboardStats_ShouldReturnCorrectCounts" />
    </UnitTest>
    <UnitTest name="backend.Tests.PricingServiceTests.CalculateBasePriceWithRiskFactor_ShouldApplyCorrectMultipliers(basePrice: 100, category: &quot;Indywidualny&quot;, age: 30, expected: 100)" storage="c:\users\21kuben\desktop\web-project\inzynierka\backend\backend\backend.tests\bin\debug\net8.0\backend.tests.dll" id="ddf46821-1129-9f6d-43c9-45de1dc9a9f8">
      <Execution id="ac8ef2a6-238f-4bc8-8b30-0d7e7096e075" />
      <TestMethod codeBase="C:\Users\21Kuben\Desktop\web-project\Inzynierka\backend\backend\backend.Tests\bin\Debug\net8.0\backend.Tests.dll" adapterTypeName="executor://xunit/VsTestRunner2/netcoreapp" className="backend.Tests.PricingServiceTests" name="CalculateBasePriceWithRiskFactor_ShouldApplyCorrectMultipliers" />
    </UnitTest>
    <UnitTest name="backend.Tests.FavoritesControllerTests.ToggleFavorite_ShouldAddFavorite_WhenNotExists" storage="c:\users\21kuben\desktop\web-project\inzynierka\backend\backend\backend.tests\bin\debug\net8.0\backend.tests.dll" id="a03e420e-45ea-08b4-2b56-a94623cccfc1">
      <Execution id="ebe8306f-c46c-412c-8797-25e3cdc42b76" />
      <TestMethod codeBase="C:\Users\21Kuben\Desktop\web-project\Inzynierka\backend\backend\backend.Tests\bin\Debug\net8.0\backend.Tests.dll" adapterTypeName="executor://xunit/VsTestRunner2/netcoreapp" className="backend.Tests.FavoritesControllerTests" name="ToggleFavorite_ShouldAddFavorite_WhenNotExists" />
    </UnitTest>
    <UnitTest name="backend.backend.Tests.UserConnectionManagerTests.RemoveUserConnection_ShouldRemoveUser_WhenLastConnectionClosed" storage="c:\users\21kuben\desktop\web-project\inzynierka\backend\backend\backend.tests\bin\debug\net8.0\backend.tests.dll" id="64f660d3-d49f-64fc-c50b-52a0c628d4eb">
      <Execution id="181724f2-8687-4495-b9af-ae7c3361d9be" />
      <TestMethod codeBase="C:\Users\21Kuben\Desktop\web-project\Inzynierka\backend\backend\backend.Tests\bin\Debug\net8.0\backend.Tests.dll" adapterTypeName="executor://xunit/VsTestRunner2/netcoreapp" className="backend.backend.Tests.UserConnectionManagerTests" name="RemoveUserConnection_ShouldRemoveUser_WhenLastConnectionClosed" />
    </UnitTest>
    <UnitTest name="backend.Tests.EmailServiceTests.SendEmailAsync_ShouldAttemptToSend_AndLogFailure_WhenServerIsFake" storage="c:\users\21kuben\desktop\web-project\inzynierka\backend\backend\backend.tests\bin\debug\net8.0\backend.tests.dll" id="3641ebfb-7be4-bc49-7f6b-4b11e7e30320">
      <Execution id="4bd902d0-a161-418f-91a0-20c6de263a03" />
      <TestMethod codeBase="C:\Users\21Kuben\Desktop\web-project\Inzynierka\backend\backend\backend.Tests\bin\Debug\net8.0\backend.Tests.dll" adapterTypeName="executor://xunit/VsTestRunner2/netcoreapp" className="backend.Tests.EmailServiceTests" name="SendEmailAsync_ShouldAttemptToSend_AndLogFailure_WhenServerIsFake" />
    </UnitTest>
    <UnitTest name="backend.Tests.EmailServiceTests.SendEmailAsync_ShouldHandleAttachments_WithoutCrashing" storage="c:\users\21kuben\desktop\web-project\inzynierka\backend\backend\backend.tests\bin\debug\net8.0\backend.tests.dll" id="c8f10b2c-6ce2-8371-aefd-9026c4f349b8">
      <Execution id="3a6250a7-3b56-4130-9fa8-8a1a1c8d3b01" />
      <TestMethod codeBase="C:\Users\21Kuben\Desktop\web-project\Inzynierka\backend\backend\backend.Tests\bin\Debug\net8.0\backend.Tests.dll" adapterTypeName="executor://xunit/VsTestRunner2/netcoreapp" className="backend.Tests.EmailServiceTests" name="SendEmailAsync_ShouldHandleAttachments_WithoutCrashing" />
    </UnitTest>
    <UnitTest name="backend.Tests.PricingServiceTests.CalculateFinalPrice_ShouldReturnCorrectAmount(basePrice: 100, duration: &quot;biennial&quot;, billingPeriod: &quot;upfront&quot;, expected: 2040)" storage="c:\users\21kuben\desktop\web-project\inzynierka\backend\backend\backend.tests\bin\debug\net8.0\backend.tests.dll" id="311f430b-8702-833e-f2f2-b4c659bdc5a5">
      <Execution id="db4e6d52-3fa0-443c-8762-cc4c63d4c036" />
      <TestMethod codeBase="C:\Users\21Kuben\Desktop\web-project\Inzynierka\backend\backend\backend.Tests\bin\Debug\net8.0\backend.Tests.dll" adapterTypeName="executor://xunit/VsTestRunner2/netcoreapp" className="backend.Tests.PricingServiceTests" name="CalculateFinalPrice_ShouldReturnCorrectAmount" />
    </UnitTest>
    <UnitTest name="backend.Tests.PricingServiceTests.CalculateBasePriceWithRiskFactor_ShouldApplyCorrectMultipliers(basePrice: 100, category: &quot;Indywidualny&quot;, age: 20, expected: 100)" storage="c:\users\21kuben\desktop\web-project\inzynierka\backend\backend\backend.tests\bin\debug\net8.0\backend.tests.dll" id="36773925-af73-4e19-f95d-9a8ab5814bb0">
      <Execution id="e75cd0cc-8a34-401e-8151-f5108761e1d5" />
      <TestMethod codeBase="C:\Users\21Kuben\Desktop\web-project\Inzynierka\backend\backend\backend.Tests\bin\Debug\net8.0\backend.Tests.dll" adapterTypeName="executor://xunit/VsTestRunner2/netcoreapp" className="backend.Tests.PricingServiceTests" name="CalculateBasePriceWithRiskFactor_ShouldApplyCorrectMultipliers" />
    </UnitTest>
    <UnitTest name="backend.backend.Tests.PdfServiceTests.GenerateCertificate_ShouldReturnPdfBytes_WhenAllDataIsProvided" storage="c:\users\21kuben\desktop\web-project\inzynierka\backend\backend\backend.tests\bin\debug\net8.0\backend.tests.dll" id="59ea6ed0-4e2a-8ca1-9630-33cd51343c8a">
      <Execution id="caa89e6d-798f-45f3-b652-118824be7a14" />
      <TestMethod codeBase="C:\Users\21Kuben\Desktop\web-project\Inzynierka\backend\backend\backend.Tests\bin\Debug\net8.0\backend.Tests.dll" adapterTypeName="executor://xunit/VsTestRunner2/netcoreapp" className="backend.backend.Tests.PdfServiceTests" name="GenerateCertificate_ShouldReturnPdfBytes_WhenAllDataIsProvided" />
    </UnitTest>
    <UnitTest name="backend.Tests.AdminControllerTests.LockUser_ShouldFail_WhenAdminTriesToLockAnotherAdmin" storage="c:\users\21kuben\desktop\web-project\inzynierka\backend\backend\backend.tests\bin\debug\net8.0\backend.tests.dll" id="7f33902a-0b09-2d0d-f3da-ba52ea0cdc42">
      <Execution id="07887889-816a-4d96-98e3-cc568dcdc04d" />
      <TestMethod codeBase="C:\Users\21Kuben\Desktop\web-project\Inzynierka\backend\backend\backend.Tests\bin\Debug\net8.0\backend.Tests.dll" adapterTypeName="executor://xunit/VsTestRunner2/netcoreapp" className="backend.Tests.AdminControllerTests" name="LockUser_ShouldFail_WhenAdminTriesToLockAnotherAdmin" />
    </UnitTest>
    <UnitTest name="backend.Tests.PricingServiceTests.CalculateBasePriceWithRiskFactor_ShouldApplyCorrectMultipliers(basePrice: 100, category: &quot;Indywidualny&quot;, age: 60, expected: 155)" storage="c:\users\21kuben\desktop\web-project\inzynierka\backend\backend\backend.tests\bin\debug\net8.0\backend.tests.dll" id="65d3676d-fc3e-aab2-bee6-74ff1d9ec238">
      <Execution id="5d77cde7-bd6e-4ae6-aa4e-0b9ab3a13928" />
      <TestMethod codeBase="C:\Users\21Kuben\Desktop\web-project\Inzynierka\backend\backend\backend.Tests\bin\Debug\net8.0\backend.Tests.dll" adapterTypeName="executor://xunit/VsTestRunner2/netcoreapp" className="backend.Tests.PricingServiceTests" name="CalculateBasePriceWithRiskFactor_ShouldApplyCorrectMultipliers" />
    </UnitTest>
    <UnitTest name="backend.Tests.AuthControllerTests.Register_ShouldSucceed_WhenDataIsCorrect" storage="c:\users\21kuben\desktop\web-project\inzynierka\backend\backend\backend.tests\bin\debug\net8.0\backend.tests.dll" id="bb4ec92b-2f39-5601-2281-d1b3c8c44188">
      <Execution id="501abb9d-25f9-4624-914c-208c2b82758b" />
      <TestMethod codeBase="C:\Users\21Kuben\Desktop\web-project\Inzynierka\backend\backend\backend.Tests\bin\Debug\net8.0\backend.Tests.dll" adapterTypeName="executor://xunit/VsTestRunner2/netcoreapp" className="backend.Tests.AuthControllerTests" name="Register_ShouldSucceed_WhenDataIsCorrect" />
    </UnitTest>
    <UnitTest name="backend.Tests.PackagesControllerTests.GetPackages_ShouldReturnAllPackages" storage="c:\users\21kuben\desktop\web-project\inzynierka\backend\backend\backend.tests\bin\debug\net8.0\backend.tests.dll" id="7738d824-a503-f166-d65a-aedcdc281d9d">
      <Execution id="d679d84f-ef3c-4d43-bb54-6f598e46f520" />
      <TestMethod codeBase="C:\Users\21Kuben\Desktop\web-project\Inzynierka\backend\backend\backend.Tests\bin\Debug\net8.0\backend.Tests.dll" adapterTypeName="executor://xunit/VsTestRunner2/netcoreapp" className="backend.Tests.PackagesControllerTests" name="GetPackages_ShouldReturnAllPackages" />
    </UnitTest>
    <UnitTest name="backend.Tests.PricingServiceTests.CalculateFinalPrice_ShouldReturnCorrectAmount(basePrice: 50, duration: &quot;yearly&quot;, billingPeriod: &quot;upfront&quot;, expected: 570)" storage="c:\users\21kuben\desktop\web-project\inzynierka\backend\backend\backend.tests\bin\debug\net8.0\backend.tests.dll" id="b294224f-3502-75b2-20a1-ac9e314d967d">
      <Execution id="dc25cbdb-c26c-4ca9-a009-cf499d959280" />
      <TestMethod codeBase="C:\Users\21Kuben\Desktop\web-project\Inzynierka\backend\backend\backend.Tests\bin\Debug\net8.0\backend.Tests.dll" adapterTypeName="executor://xunit/VsTestRunner2/netcoreapp" className="backend.Tests.PricingServiceTests" name="CalculateFinalPrice_ShouldReturnCorrectAmount" />
    </UnitTest>
    <UnitTest name="backend.Tests.NotificationServiceTests.CreateNotificationAsync_ShouldAddOneNotificationToDb" storage="c:\users\21kuben\desktop\web-project\inzynierka\backend\backend\backend.tests\bin\debug\net8.0\backend.tests.dll" id="1a7e4847-65f6-9317-45e9-57895cf098b4">
      <Execution id="c0468c7d-f449-4ac8-8dfc-1f4b191338f0" />
      <TestMethod codeBase="C:\Users\21Kuben\Desktop\web-project\Inzynierka\backend\backend\backend.Tests\bin\Debug\net8.0\backend.Tests.dll" adapterTypeName="executor://xunit/VsTestRunner2/netcoreapp" className="backend.Tests.NotificationServiceTests" name="CreateNotificationAsync_ShouldAddOneNotificationToDb" />
    </UnitTest>
    <UnitTest name="backend.backend.Tests.UserConnectionManagerTests.KeepUserConnection_ShouldAddUserToOnlineList" storage="c:\users\21kuben\desktop\web-project\inzynierka\backend\backend\backend.tests\bin\debug\net8.0\backend.tests.dll" id="93f0a8cf-6e81-9eb4-4f03-c27f36759df8">
      <Execution id="254439fd-8c01-4c05-a324-f8aa5deab898" />
      <TestMethod codeBase="C:\Users\21Kuben\Desktop\web-project\Inzynierka\backend\backend\backend.Tests\bin\Debug\net8.0\backend.Tests.dll" adapterTypeName="executor://xunit/VsTestRunner2/netcoreapp" className="backend.backend.Tests.UserConnectionManagerTests" name="KeepUserConnection_ShouldAddUserToOnlineList" />
    </UnitTest>
    <UnitTest name="backend.Tests.LogServiceTests.LogAsync_ShouldSaveLogToDatabase_WhenDataIsCorrect" storage="c:\users\21kuben\desktop\web-project\inzynierka\backend\backend\backend.tests\bin\debug\net8.0\backend.tests.dll" id="a93333e2-0980-2760-711a-48e08a3a4f67">
      <Execution id="71d5655c-bb55-49de-b3ee-5bf11fbfc1d3" />
      <TestMethod codeBase="C:\Users\21Kuben\Desktop\web-project\Inzynierka\backend\backend\backend.Tests\bin\Debug\net8.0\backend.Tests.dll" adapterTypeName="executor://xunit/VsTestRunner2/netcoreapp" className="backend.Tests.LogServiceTests" name="LogAsync_ShouldSaveLogToDatabase_WhenDataIsCorrect" />
    </UnitTest>
    <UnitTest name="backend.Tests.AuthControllerTests.Login_ShouldSucceed_WhenCredentialsAreCorrect" storage="c:\users\21kuben\desktop\web-project\inzynierka\backend\backend\backend.tests\bin\debug\net8.0\backend.tests.dll" id="517f6bab-db57-3dd3-7522-05c4cf2a1a65">
      <Execution id="8e32b7a0-f997-4de6-8e4b-6f6968c56813" />
      <TestMethod codeBase="C:\Users\21Kuben\Desktop\web-project\Inzynierka\backend\backend\backend.Tests\bin\Debug\net8.0\backend.Tests.dll" adapterTypeName="executor://xunit/VsTestRunner2/netcoreapp" className="backend.Tests.AuthControllerTests" name="Login_ShouldSucceed_WhenCredentialsAreCorrect" />
    </UnitTest>
    <UnitTest name="backend.Tests.PackagesControllerTests.CreatePackage_ShouldAddToDbAndLog" storage="c:\users\21kuben\desktop\web-project\inzynierka\backend\backend\backend.tests\bin\debug\net8.0\backend.tests.dll" id="1b3fa396-e7b4-ae72-597e-b8e9e9d1028a">
      <Execution id="b5d929e6-2791-4cfb-8320-d356b5d84e98" />
      <TestMethod codeBase="C:\Users\21Kuben\Desktop\web-project\Inzynierka\backend\backend\backend.Tests\bin\Debug\net8.0\backend.Tests.dll" adapterTypeName="executor://xunit/VsTestRunner2/netcoreapp" className="backend.Tests.PackagesControllerTests" name="CreatePackage_ShouldAddToDbAndLog" />
    </UnitTest>
    <UnitTest name="backend.Tests.PackagesControllerTests.GetPackage_ShouldReturnPackage_WhenIdExists" storage="c:\users\21kuben\desktop\web-project\inzynierka\backend\backend\backend.tests\bin\debug\net8.0\backend.tests.dll" id="52bc6620-548f-a6ea-441b-e71b786d9162">
      <Execution id="b3dc26f6-902a-4f25-8945-5e3998e0d2a0" />
      <TestMethod codeBase="C:\Users\21Kuben\Desktop\web-project\Inzynierka\backend\backend\backend.Tests\bin\Debug\net8.0\backend.Tests.dll" adapterTypeName="executor://xunit/VsTestRunner2/netcoreapp" className="backend.Tests.PackagesControllerTests" name="GetPackage_ShouldReturnPackage_WhenIdExists" />
    </UnitTest>
    <UnitTest name="backend.Tests.LogServiceTests.LogAsync_ShouldMarkAsSensitive_WhenFlagIsTrue" storage="c:\users\21kuben\desktop\web-project\inzynierka\backend\backend\backend.tests\bin\debug\net8.0\backend.tests.dll" id="684fae4f-1267-9acd-1e71-da072c48bfc9">
      <Execution id="6b753001-3230-4d41-8ded-04e3ac0c2486" />
      <TestMethod codeBase="C:\Users\21Kuben\Desktop\web-project\Inzynierka\backend\backend\backend.Tests\bin\Debug\net8.0\backend.Tests.dll" adapterTypeName="executor://xunit/VsTestRunner2/netcoreapp" className="backend.Tests.LogServiceTests" name="LogAsync_ShouldMarkAsSensitive_WhenFlagIsTrue" />
    </UnitTest>
    <UnitTest name="backend.Tests.PricingServiceTests.CalculateFinalPrice_ShouldReturnCorrectAmount(basePrice: 69, duration: &quot;7d&quot;, billingPeriod: &quot;upfront&quot;, expected: 1)" storage="c:\users\21kuben\desktop\web-project\inzynierka\backend\backend\backend.tests\bin\debug\net8.0\backend.tests.dll" id="5b61c1c2-d3e7-00f9-39ab-050d29660eae">
      <Execution id="318e2a5f-c643-4452-b538-73e2df17a42f" />
      <TestMethod codeBase="C:\Users\21Kuben\Desktop\web-project\Inzynierka\backend\backend\backend.Tests\bin\Debug\net8.0\backend.Tests.dll" adapterTypeName="executor://xunit/VsTestRunner2/netcoreapp" className="backend.Tests.PricingServiceTests" name="CalculateFinalPrice_ShouldReturnCorrectAmount" />
    </UnitTest>
    <UnitTest name="backend.Tests.NotificationServiceTests.NotifyAllAdminsAsync_ShouldDoNothing_WhenNoAdminsExist" storage="c:\users\21kuben\desktop\web-project\inzynierka\backend\backend\backend.tests\bin\debug\net8.0\backend.tests.dll" id="d0d26361-86b6-6918-a751-f6af266de81e">
      <Execution id="f8766ecb-c8c1-48a9-bffc-d0b35e0c494a" />
      <TestMethod codeBase="C:\Users\21Kuben\Desktop\web-project\Inzynierka\backend\backend\backend.Tests\bin\Debug\net8.0\backend.Tests.dll" adapterTypeName="executor://xunit/VsTestRunner2/netcoreapp" className="backend.Tests.NotificationServiceTests" name="NotifyAllAdminsAsync_ShouldDoNothing_WhenNoAdminsExist" />
    </UnitTest>
    <UnitTest name="backend.backend.Tests.UserConnectionManagerTests.KeepUserConnection_ShouldStoreMultipleConnections_ForSameUser" storage="c:\users\21kuben\desktop\web-project\inzynierka\backend\backend\backend.tests\bin\debug\net8.0\backend.tests.dll" id="171e9e01-50ed-4f05-4203-ac10dec3c163">
      <Execution id="7798d0d3-124a-4dd0-9589-edd3a0a727a5" />
      <TestMethod codeBase="C:\Users\21Kuben\Desktop\web-project\Inzynierka\backend\backend\backend.Tests\bin\Debug\net8.0\backend.Tests.dll" adapterTypeName="executor://xunit/VsTestRunner2/netcoreapp" className="backend.backend.Tests.UserConnectionManagerTests" name="KeepUserConnection_ShouldStoreMultipleConnections_ForSameUser" />
    </UnitTest>
    <UnitTest name="backend.Tests.PasswordResetTokenProviderTests.Provider_ShouldInitializeCorrectly" storage="c:\users\21kuben\desktop\web-project\inzynierka\backend\backend\backend.tests\bin\debug\net8.0\backend.tests.dll" id="ceb1155c-7144-d228-d059-e0b6aa1680d1">
      <Execution id="c88ef420-e1c0-4b5a-aa81-1ca9d5c328f3" />
      <TestMethod codeBase="C:\Users\21Kuben\Desktop\web-project\Inzynierka\backend\backend\backend.Tests\bin\Debug\net8.0\backend.Tests.dll" adapterTypeName="executor://xunit/VsTestRunner2/netcoreapp" className="backend.Tests.PasswordResetTokenProviderTests" name="Provider_ShouldInitializeCorrectly" />
    </UnitTest>
    <UnitTest name="backend.Tests.PackagesControllerTests.DeletePackage_ShouldRemoveFromDbAndLog" storage="c:\users\21kuben\desktop\web-project\inzynierka\backend\backend\backend.tests\bin\debug\net8.0\backend.tests.dll" id="4c392eba-9e7d-94c0-d161-6200375990d9">
      <Execution id="80f41574-c191-4dbd-a23f-b303498425bd" />
      <TestMethod codeBase="C:\Users\21Kuben\Desktop\web-project\Inzynierka\backend\backend\backend.Tests\bin\Debug\net8.0\backend.Tests.dll" adapterTypeName="executor://xunit/VsTestRunner2/netcoreapp" className="backend.Tests.PackagesControllerTests" name="DeletePackage_ShouldRemoveFromDbAndLog" />
    </UnitTest>
    <UnitTest name="backend.Tests.PricingServiceTests.CalculateFinalPrice_ShouldReturnCorrectAmount(basePrice: 169, duration: &quot;biennial&quot;, billingPeriod: &quot;monthly&quot;, expected: 169)" storage="c:\users\21kuben\desktop\web-project\inzynierka\backend\backend\backend.tests\bin\debug\net8.0\backend.tests.dll" id="ba70ecaa-1be4-8cf3-b944-9d25bbc946d0">
      <Execution id="8fbc782c-9cd6-47d0-805a-ce451b149d00" />
      <TestMethod codeBase="C:\Users\21Kuben\Desktop\web-project\Inzynierka\backend\backend\backend.Tests\bin\Debug\net8.0\backend.Tests.dll" adapterTypeName="executor://xunit/VsTestRunner2/netcoreapp" className="backend.Tests.PricingServiceTests" name="CalculateFinalPrice_ShouldReturnCorrectAmount" />
    </UnitTest>
    <UnitTest name="backend.Tests.AdminControllerTests.GetLogs_ShouldHideSensitiveLogs_ForRegularAdmin" storage="c:\users\21kuben\desktop\web-project\inzynierka\backend\backend\backend.tests\bin\debug\net8.0\backend.tests.dll" id="56fc3619-cef4-2d15-367b-aba300ac4430">
      <Execution id="b248de0d-caf4-47fe-9650-36934a84aeaa" />
      <TestMethod codeBase="C:\Users\21Kuben\Desktop\web-project\Inzynierka\backend\backend\backend.Tests\bin\Debug\net8.0\backend.Tests.dll" adapterTypeName="executor://xunit/VsTestRunner2/netcoreapp" className="backend.Tests.AdminControllerTests" name="GetLogs_ShouldHideSensitiveLogs_ForRegularAdmin" />
    </UnitTest>
    <UnitTest name="backend.Tests.PackagesControllerTests.GetPackage_ShouldReturnNotFound_WhenIdDoesNotExist" storage="c:\users\21kuben\desktop\web-project\inzynierka\backend\backend\backend.tests\bin\debug\net8.0\backend.tests.dll" id="95a71f6e-9e41-edbd-53a9-6562a7b3f211">
      <Execution id="745dfebd-bd54-4a16-9ca6-e9dcf94866ef" />
      <TestMethod codeBase="C:\Users\21Kuben\Desktop\web-project\Inzynierka\backend\backend\backend.Tests\bin\Debug\net8.0\backend.Tests.dll" adapterTypeName="executor://xunit/VsTestRunner2/netcoreapp" className="backend.Tests.PackagesControllerTests" name="GetPackage_ShouldReturnNotFound_WhenIdDoesNotExist" />
    </UnitTest>
    <UnitTest name="backend.Tests.LogServiceTests.LogAsync_ShouldDefaultToSystem_WhenUserNameIsNull" storage="c:\users\21kuben\desktop\web-project\inzynierka\backend\backend\backend.tests\bin\debug\net8.0\backend.tests.dll" id="e5f5f809-a794-ca9f-7915-0760e75d1870">
      <Execution id="d15215d7-7f68-4aed-831f-865014b97ce3" />
      <TestMethod codeBase="C:\Users\21Kuben\Desktop\web-project\Inzynierka\backend\backend\backend.Tests\bin\Debug\net8.0\backend.Tests.dll" adapterTypeName="executor://xunit/VsTestRunner2/netcoreapp" className="backend.Tests.LogServiceTests" name="LogAsync_ShouldDefaultToSystem_WhenUserNameIsNull" />
    </UnitTest>
    <UnitTest name="backend.Tests.SubscriptionExpirationWorkerTests.ExecuteAsync_ShouldProcessExpiringSubscriptions" storage="c:\users\21kuben\desktop\web-project\inzynierka\backend\backend\backend.tests\bin\debug\net8.0\backend.tests.dll" id="3742c538-16d7-f3de-46d1-f04fa7fb1708">
      <Execution id="c6f09cfd-7369-4029-8ad3-041013e19747" />
      <TestMethod codeBase="C:\Users\21Kuben\Desktop\web-project\Inzynierka\backend\backend\backend.Tests\bin\Debug\net8.0\backend.Tests.dll" adapterTypeName="executor://xunit/VsTestRunner2/netcoreapp" className="backend.Tests.SubscriptionExpirationWorkerTests" name="ExecuteAsync_ShouldProcessExpiringSubscriptions" />
    </UnitTest>
    <UnitTest name="backend.Tests.FavoritesControllerTests.IsFavorite_ShouldReturnTrue_IfFavoriteExists" storage="c:\users\21kuben\desktop\web-project\inzynierka\backend\backend\backend.tests\bin\debug\net8.0\backend.tests.dll" id="4c48772d-455c-651a-58cd-617cf80928ed">
      <Execution id="d86b55d6-4663-409d-ba81-d46a36e7bef0" />
      <TestMethod codeBase="C:\Users\21Kuben\Desktop\web-project\Inzynierka\backend\backend\backend.Tests\bin\Debug\net8.0\backend.Tests.dll" adapterTypeName="executor://xunit/VsTestRunner2/netcoreapp" className="backend.Tests.FavoritesControllerTests" name="IsFavorite_ShouldReturnTrue_IfFavoriteExists" />
    </UnitTest>
    <UnitTest name="backend.Tests.PricingServiceTests.CalculateFinalPrice_ShouldReturnCorrectAmount(basePrice: 450, duration: &quot;7d&quot;, billingPeriod: &quot;upfront&quot;, expected: 1)" storage="c:\users\21kuben\desktop\web-project\inzynierka\backend\backend\backend.tests\bin\debug\net8.0\backend.tests.dll" id="20e398eb-1ed8-67c5-567b-b02887bacf81">
      <Execution id="8726d212-23c0-41b7-9637-5bd2fe4fef88" />
      <TestMethod codeBase="C:\Users\21Kuben\Desktop\web-project\Inzynierka\backend\backend\backend.Tests\bin\Debug\net8.0\backend.Tests.dll" adapterTypeName="executor://xunit/VsTestRunner2/netcoreapp" className="backend.Tests.PricingServiceTests" name="CalculateFinalPrice_ShouldReturnCorrectAmount" />
    </UnitTest>
    <UnitTest name="backend.Tests.PricingServiceTests.CalculateFinalPrice_ShouldReturnCorrectAmount(basePrice: 69, duration: &quot;yearly&quot;, billingPeriod: &quot;monthly&quot;, expected: 69)" storage="c:\users\21kuben\desktop\web-project\inzynierka\backend\backend\backend.tests\bin\debug\net8.0\backend.tests.dll" id="8f468b58-05c5-a627-d295-c518484d896b">
      <Execution id="96a08335-5fc5-40b8-9dc3-e497dc0f0726" />
      <TestMethod codeBase="C:\Users\21Kuben\Desktop\web-project\Inzynierka\backend\backend\backend.Tests\bin\Debug\net8.0\backend.Tests.dll" adapterTypeName="executor://xunit/VsTestRunner2/netcoreapp" className="backend.Tests.PricingServiceTests" name="CalculateFinalPrice_ShouldReturnCorrectAmount" />
    </UnitTest>
    <UnitTest name="backend.Tests.NotificationServiceTests.NotifyAllAdminsAsync_ShouldCreateNotificationsOnlyForAdmins" storage="c:\users\21kuben\desktop\web-project\inzynierka\backend\backend\backend.tests\bin\debug\net8.0\backend.tests.dll" id="3229b200-0cc3-b781-3425-5b97c0a15f03">
      <Execution id="00393646-c009-4b63-a418-cb8fe6198f18" />
      <TestMethod codeBase="C:\Users\21Kuben\Desktop\web-project\Inzynierka\backend\backend\backend.Tests\bin\Debug\net8.0\backend.Tests.dll" adapterTypeName="executor://xunit/VsTestRunner2/netcoreapp" className="backend.Tests.NotificationServiceTests" name="NotifyAllAdminsAsync_ShouldCreateNotificationsOnlyForAdmins" />
    </UnitTest>
    <UnitTest name="backend.Tests.FavoritesControllerTests.IsFavorite_ShouldReturnFalse_IfFavoriteDoesNotExist" storage="c:\users\21kuben\desktop\web-project\inzynierka\backend\backend\backend.tests\bin\debug\net8.0\backend.tests.dll" id="1f70a0cb-1e89-b235-cfd5-ec8f34f73d98">
      <Execution id="88b24eff-5eb3-47b8-b737-33f6a3e5b747" />
      <TestMethod codeBase="C:\Users\21Kuben\Desktop\web-project\Inzynierka\backend\backend\backend.Tests\bin\Debug\net8.0\backend.Tests.dll" adapterTypeName="executor://xunit/VsTestRunner2/netcoreapp" className="backend.Tests.FavoritesControllerTests" name="IsFavorite_ShouldReturnFalse_IfFavoriteDoesNotExist" />
    </UnitTest>
    <UnitTest name="backend.Tests.PricingServiceTests.CalculateFinalPrice_ShouldReturnBasePrice_WhenBillingIsMonthly" storage="c:\users\21kuben\desktop\web-project\inzynierka\backend\backend\backend.tests\bin\debug\net8.0\backend.tests.dll" id="85eef496-9705-bbac-0fbf-2907c463f47c">
      <Execution id="f849e08e-754b-4bbc-aebb-c63bc9c1c567" />
      <TestMethod codeBase="C:\Users\21Kuben\Desktop\web-project\Inzynierka\backend\backend\backend.Tests\bin\Debug\net8.0\backend.Tests.dll" adapterTypeName="executor://xunit/VsTestRunner2/netcoreapp" className="backend.Tests.PricingServiceTests" name="CalculateFinalPrice_ShouldReturnBasePrice_WhenBillingIsMonthly" />
    </UnitTest>
  </TestDefinitions>
  <TestEntries>
    <TestEntry testId="64f660d3-d49f-64fc-c50b-52a0c628d4eb" executionId="181724f2-8687-4495-b9af-ae7c3361d9be" testListId="8c84fa94-04c1-424b-9868-57a2d4851a1d" />
    <TestEntry testId="93f0a8cf-6e81-9eb4-4f03-c27f36759df8" executionId="254439fd-8c01-4c05-a324-f8aa5deab898" testListId="8c84fa94-04c1-424b-9868-57a2d4851a1d" />
    <TestEntry testId="4c392eba-9e7d-94c0-d161-6200375990d9" executionId="80f41574-c191-4dbd-a23f-b303498425bd" testListId="8c84fa94-04c1-424b-9868-57a2d4851a1d" />
    <TestEntry testId="ddf46821-1129-9f6d-43c9-45de1dc9a9f8" executionId="ac8ef2a6-238f-4bc8-8b30-0d7e7096e075" testListId="8c84fa94-04c1-424b-9868-57a2d4851a1d" />
    <TestEntry testId="b83fbe41-e5bd-fefb-2e92-151089ae61a9" executionId="37f3a911-d8d5-4f47-bf26-1aff7b9ed1a0" testListId="8c84fa94-04c1-424b-9868-57a2d4851a1d" />
    <TestEntry testId="7738d824-a503-f166-d65a-aedcdc281d9d" executionId="d679d84f-ef3c-4d43-bb54-6f598e46f520" testListId="8c84fa94-04c1-424b-9868-57a2d4851a1d" />
    <TestEntry testId="59ea6ed0-4e2a-8ca1-9630-33cd51343c8a" executionId="caa89e6d-798f-45f3-b652-118824be7a14" testListId="8c84fa94-04c1-424b-9868-57a2d4851a1d" />
    <TestEntry testId="171e9e01-50ed-4f05-4203-ac10dec3c163" executionId="7798d0d3-124a-4dd0-9589-edd3a0a727a5" testListId="8c84fa94-04c1-424b-9868-57a2d4851a1d" />
    <TestEntry testId="0de8acf2-9760-0ef1-dc11-cb2d80cef712" executionId="0f5e6305-e962-4e4c-b007-c8f42daa65f1" testListId="8c84fa94-04c1-424b-9868-57a2d4851a1d" />
    <TestEntry testId="684fae4f-1267-9acd-1e71-da072c48bfc9" executionId="6b753001-3230-4d41-8ded-04e3ac0c2486" testListId="8c84fa94-04c1-424b-9868-57a2d4851a1d" />
    <TestEntry testId="c8f10b2c-6ce2-8371-aefd-9026c4f349b8" executionId="3a6250a7-3b56-4130-9fa8-8a1a1c8d3b01" testListId="8c84fa94-04c1-424b-9868-57a2d4851a1d" />
    <TestEntry testId="3742c538-16d7-f3de-46d1-f04fa7fb1708" executionId="c6f09cfd-7369-4029-8ad3-041013e19747" testListId="8c84fa94-04c1-424b-9868-57a2d4851a1d" />
    <TestEntry testId="8c99b516-318f-b793-0628-3e55de949e48" executionId="3c29a456-adf1-43df-8dfc-ea6e7f095c3d" testListId="8c84fa94-04c1-424b-9868-57a2d4851a1d" />
    <TestEntry testId="56fc3619-cef4-2d15-367b-aba300ac4430" executionId="b248de0d-caf4-47fe-9650-36934a84aeaa" testListId="8c84fa94-04c1-424b-9868-57a2d4851a1d" />
    <TestEntry testId="1b3fa396-e7b4-ae72-597e-b8e9e9d1028a" executionId="b5d929e6-2791-4cfb-8320-d356b5d84e98" testListId="8c84fa94-04c1-424b-9868-57a2d4851a1d" />
    <TestEntry testId="a03e420e-45ea-08b4-2b56-a94623cccfc1" executionId="ebe8306f-c46c-412c-8797-25e3cdc42b76" testListId="8c84fa94-04c1-424b-9868-57a2d4851a1d" />
    <TestEntry testId="568b1123-1bea-ef90-1747-5333a7430e39" executionId="2f01923f-76e4-4664-ab96-0d7e7c387d5a" testListId="8c84fa94-04c1-424b-9868-57a2d4851a1d" />
    <TestEntry testId="1a7e4847-65f6-9317-45e9-57895cf098b4" executionId="c0468c7d-f449-4ac8-8dfc-1f4b191338f0" testListId="8c84fa94-04c1-424b-9868-57a2d4851a1d" />
    <TestEntry testId="09fce9dd-6b32-3b12-021f-a02b252c2b0b" executionId="c2771400-f2c5-48df-b527-bf9933416c46" testListId="8c84fa94-04c1-424b-9868-57a2d4851a1d" />
    <TestEntry testId="3229b200-0cc3-b781-3425-5b97c0a15f03" executionId="00393646-c009-4b63-a418-cb8fe6198f18" testListId="8c84fa94-04c1-424b-9868-57a2d4851a1d" />
    <TestEntry testId="5b61c1c2-d3e7-00f9-39ab-050d29660eae" executionId="318e2a5f-c643-4452-b538-73e2df17a42f" testListId="8c84fa94-04c1-424b-9868-57a2d4851a1d" />
    <TestEntry testId="840d6f13-43a3-73dc-0248-02e472a067e3" executionId="e8f2712d-6f09-42c1-9cb5-1a6ac6fe9483" testListId="8c84fa94-04c1-424b-9868-57a2d4851a1d" />
    <TestEntry testId="37ceb3bd-172e-9c11-a52e-86af6e9cecc7" executionId="96d574e2-0ffc-4b49-bf16-3f619b59c6f5" testListId="8c84fa94-04c1-424b-9868-57a2d4851a1d" />
    <TestEntry testId="14cc1016-1fd2-5fad-c474-3eac6bf81bd3" executionId="031afccc-20d9-41d7-8a12-9081a96a6a4c" testListId="8c84fa94-04c1-424b-9868-57a2d4851a1d" />
    <TestEntry testId="06d4ccb0-6ecd-57e2-3c52-bf410233b932" executionId="7e19764e-9341-406b-acee-6843dea7e81d" testListId="8c84fa94-04c1-424b-9868-57a2d4851a1d" />
    <TestEntry testId="dd87b4a5-487d-7ddf-2abd-9983111ca95a" executionId="0357282b-f7c6-48cb-93b8-a7973b300efd" testListId="8c84fa94-04c1-424b-9868-57a2d4851a1d" />
    <TestEntry testId="65d3676d-fc3e-aab2-bee6-74ff1d9ec238" executionId="5d77cde7-bd6e-4ae6-aa4e-0b9ab3a13928" testListId="8c84fa94-04c1-424b-9868-57a2d4851a1d" />
    <TestEntry testId="e00d2733-5417-7d71-e16a-fc9fed9a743b" executionId="142e122f-72dc-43dd-9255-f126a86882d2" testListId="8c84fa94-04c1-424b-9868-57a2d4851a1d" />
    <TestEntry testId="517f6bab-db57-3dd3-7522-05c4cf2a1a65" executionId="8e32b7a0-f997-4de6-8e4b-6f6968c56813" testListId="8c84fa94-04c1-424b-9868-57a2d4851a1d" />
    <TestEntry testId="ceb1155c-7144-d228-d059-e0b6aa1680d1" executionId="c88ef420-e1c0-4b5a-aa81-1ca9d5c328f3" testListId="8c84fa94-04c1-424b-9868-57a2d4851a1d" />
    <TestEntry testId="85eef496-9705-bbac-0fbf-2907c463f47c" executionId="f849e08e-754b-4bbc-aebb-c63bc9c1c567" testListId="8c84fa94-04c1-424b-9868-57a2d4851a1d" />
    <TestEntry testId="3641ebfb-7be4-bc49-7f6b-4b11e7e30320" executionId="4bd902d0-a161-418f-91a0-20c6de263a03" testListId="8c84fa94-04c1-424b-9868-57a2d4851a1d" />
    <TestEntry testId="82bdeae6-5926-ffb0-1295-279e4b99635f" executionId="170a8b82-2ffc-479d-a03d-3ebfff9a40f2" testListId="8c84fa94-04c1-424b-9868-57a2d4851a1d" />
    <TestEntry testId="a93333e2-0980-2760-711a-48e08a3a4f67" executionId="71d5655c-bb55-49de-b3ee-5bf11fbfc1d3" testListId="8c84fa94-04c1-424b-9868-57a2d4851a1d" />
    <TestEntry testId="3f54f33a-b481-9d8d-67ea-6fc744c75015" executionId="66ce9bdd-1297-45ca-bc2d-ad0b02b21612" testListId="8c84fa94-04c1-424b-9868-57a2d4851a1d" />
    <TestEntry testId="e4afb0ed-fbc0-6df6-ba14-6e0f57e22c6e" executionId="bf033c21-e14c-404d-b6ce-234c145e2d32" testListId="8c84fa94-04c1-424b-9868-57a2d4851a1d" />
    <TestEntry testId="d0d26361-86b6-6918-a751-f6af266de81e" executionId="f8766ecb-c8c1-48a9-bffc-d0b35e0c494a" testListId="8c84fa94-04c1-424b-9868-57a2d4851a1d" />
    <TestEntry testId="8f468b58-05c5-a627-d295-c518484d896b" executionId="96a08335-5fc5-40b8-9dc3-e497dc0f0726" testListId="8c84fa94-04c1-424b-9868-57a2d4851a1d" />
    <TestEntry testId="ba70ecaa-1be4-8cf3-b944-9d25bbc946d0" executionId="8fbc782c-9cd6-47d0-805a-ce451b149d00" testListId="8c84fa94-04c1-424b-9868-57a2d4851a1d" />
    <TestEntry testId="95a71f6e-9e41-edbd-53a9-6562a7b3f211" executionId="745dfebd-bd54-4a16-9ca6-e9dcf94866ef" testListId="8c84fa94-04c1-424b-9868-57a2d4851a1d" />
    <TestEntry testId="d3ed2de6-7eef-ce52-b2c6-a316250e72cb" executionId="96dd8f48-79a8-4a34-a6ab-168ef0bc89e1" testListId="8c84fa94-04c1-424b-9868-57a2d4851a1d" />
    <TestEntry testId="b294224f-3502-75b2-20a1-ac9e314d967d" executionId="dc25cbdb-c26c-4ca9-a009-cf499d959280" testListId="8c84fa94-04c1-424b-9868-57a2d4851a1d" />
    <TestEntry testId="db2a3050-c20d-0766-ea34-c420a6ae5519" executionId="a07d8dc1-766f-4117-b6a1-2d4bdb2efdb7" testListId="8c84fa94-04c1-424b-9868-57a2d4851a1d" />
    <TestEntry testId="bb4ec92b-2f39-5601-2281-d1b3c8c44188" executionId="501abb9d-25f9-4624-914c-208c2b82758b" testListId="8c84fa94-04c1-424b-9868-57a2d4851a1d" />
    <TestEntry testId="c7897678-47cc-3307-e73a-a1c5636d83e5" executionId="1f011376-1ff5-4072-84d5-e2cd367a4ace" testListId="8c84fa94-04c1-424b-9868-57a2d4851a1d" />
    <TestEntry testId="1f70a0cb-1e89-b235-cfd5-ec8f34f73d98" executionId="88b24eff-5eb3-47b8-b737-33f6a3e5b747" testListId="8c84fa94-04c1-424b-9868-57a2d4851a1d" />
    <TestEntry testId="e5f5f809-a794-ca9f-7915-0760e75d1870" executionId="d15215d7-7f68-4aed-831f-865014b97ce3" testListId="8c84fa94-04c1-424b-9868-57a2d4851a1d" />
    <TestEntry testId="2fde8d80-4919-9f2c-3c0c-f6c8af1c0643" executionId="48ed2bae-8428-464f-b36e-9c0fc00b4535" testListId="8c84fa94-04c1-424b-9868-57a2d4851a1d" />
    <TestEntry testId="7f33902a-0b09-2d0d-f3da-ba52ea0cdc42" executionId="07887889-816a-4d96-98e3-cc568dcdc04d" testListId="8c84fa94-04c1-424b-9868-57a2d4851a1d" />
    <TestEntry testId="311f430b-8702-833e-f2f2-b4c659bdc5a5" executionId="db4e6d52-3fa0-443c-8762-cc4c63d4c036" testListId="8c84fa94-04c1-424b-9868-57a2d4851a1d" />
    <TestEntry testId="36773925-af73-4e19-f95d-9a8ab5814bb0" executionId="e75cd0cc-8a34-401e-8151-f5108761e1d5" testListId="8c84fa94-04c1-424b-9868-57a2d4851a1d" />
    <TestEntry testId="9e5da526-15be-1992-0287-495e10127401" executionId="6daa1d20-ba28-4f5f-a689-322559632d1f" testListId="8c84fa94-04c1-424b-9868-57a2d4851a1d" />
    <TestEntry testId="20e398eb-1ed8-67c5-567b-b02887bacf81" executionId="8726d212-23c0-41b7-9637-5bd2fe4fef88" testListId="8c84fa94-04c1-424b-9868-57a2d4851a1d" />
    <TestEntry testId="4c48772d-455c-651a-58cd-617cf80928ed" executionId="d86b55d6-4663-409d-ba81-d46a36e7bef0" testListId="8c84fa94-04c1-424b-9868-57a2d4851a1d" />
    <TestEntry testId="52bc6620-548f-a6ea-441b-e71b786d9162" executionId="b3dc26f6-902a-4f25-8945-5e3998e0d2a0" testListId="8c84fa94-04c1-424b-9868-57a2d4851a1d" />
  </TestEntries>
  <TestLists>
    <TestList name="Wyniki, których nie ma na liście" id="8c84fa94-04c1-424b-9868-57a2d4851a1d" />
    <TestList name="Wszystkie załadowane wyniki" id="19431567-8539-422a-85d7-44ee4e166bda" />
  </TestLists>
  <ResultSummary outcome="Completed">
    <Counters total="55" executed="55" passed="55" failed="0" error="0" timeout="0" aborted="0" inconclusive="0" passedButRunAborted="0" notRunnable="0" notExecuted="0" disconnected="0" warning="0" completed="0" inProgress="0" pending="0" />
    <Output>
      <StdOut>[xUnit.net 00:00:00.00] xUnit.net VSTest Adapter v2.5.3.1+6b60a9e56a (64-bit .NET 8.0.22)&#xD;
[xUnit.net 00:00:00.11]   Discovering: backend.Tests&#xD;
[xUnit.net 00:00:00.14]   Discovered:  backend.Tests&#xD;
[xUnit.net 00:00:00.14]   Starting:    backend.Tests&#xD;
[xUnit.net 00:00:01.25]   Finished:    backend.Tests&#xD;
</StdOut>
    </Output>
    <CollectorDataEntries>
      <Collector agentName="DESKTOP-KCE3CM5" uri="datacollector://microsoft/CoverletCodeCoverage/1.0" collectorDisplayName="XPlat code coverage">
        <UriAttachments>
          <UriAttachment>
            <A href="DESKTOP-KCE3CM5\coverage.cobertura.xml"></A>
          </UriAttachment>
        </UriAttachments>
      </Collector>
    </CollectorDataEntries>
  </ResultSummary>
</TestRun>