<?xml version="1.0" encoding="utf-8"?>
<TestRun id="1930cd88-c18a-4700-99b9-fce8f552abf8" name="21Kuben@DESKTOP-KCE3CM5 2025-12-15 01:21:13" runUser="DESKTOP-KCE3CM5\21Kuben" xmlns="http://microsoft.com/schemas/VisualStudio/TeamTest/2010">
  <Times creation="2025-12-15T01:21:13.6297887+01:00" queuing="2025-12-15T01:21:13.6297890+01:00" start="2025-12-15T01:21:12.2642141+01:00" finish="2025-12-15T01:21:14.8164590+01:00" />
  <TestSettings name="default" id="b95b381f-eeb2-4445-b4b6-ad483df74fe0">
    <Deployment runDeploymentRoot="21Kuben_DESKTOP-KCE3CM5_2025-12-15_01_21_13" />
  </TestSettings>
  <Results>
    <UnitTestResult executionId="6d5ae181-fe7a-45d7-8b00-c63d72771f1f" testId="4c48772d-455c-651a-58cd-617cf80928ed" testName="backend.Tests.FavoritesControllerTests.IsFavorite_ShouldReturnTrue_IfFavoriteExists" computerName="DESKTOP-KCE3CM5" duration="00:00:00.0152809" startTime="2025-12-15T01:21:14.1066918+01:00" endTime="2025-12-15T01:21:14.1066919+01:00" testType="13cdc9d9-ddb5-4fa4-a97d-d965ccfc6d4b" outcome="Passed" testListId="8c84fa94-04c1-424b-9868-57a2d4851a1d" relativeResultsDirectory="6d5ae181-fe7a-45d7-8b00-c63d72771f1f" />
    <UnitTestResult executionId="30a67430-89f6-4d40-95e9-eac8cf8bc2e8" testId="d3ed2de6-7eef-ce52-b2c6-a316250e72cb" testName="backend.backend.Tests.UserConnectionManagerTests.KeepUserConnection_ShouldBeCaseInsensitive" computerName="DESKTOP-KCE3CM5" duration="00:00:00.0001859" startTime="2025-12-15T01:21:13.6176325+01:00" endTime="2025-12-15T01:21:13.6176326+01:00" testType="13cdc9d9-ddb5-4fa4-a97d-d965ccfc6d4b" outcome="Passed" testListId="8c84fa94-04c1-424b-9868-57a2d4851a1d" relativeResultsDirectory="30a67430-89f6-4d40-95e9-eac8cf8bc2e8" />
    <UnitTestResult executionId="bce1dd1b-476e-472c-b21c-d0836d85a87b" testId="b294224f-3502-75b2-20a1-ac9e314d967d" testName="backend.Tests.PricingServiceTests.CalculateFinalPrice_ShouldReturnCorrectAmount(basePrice: 50, duration: &quot;yearly&quot;, billingPeriod: &quot;upfront&quot;, expected: 570)" computerName="DESKTOP-KCE3CM5" duration="00:00:00.0000033" startTime="2025-12-15T01:21:13.6198816+01:00" endTime="2025-12-15T01:21:13.6198817+01:00" testType="13cdc9d9-ddb5-4fa4-a97d-d965ccfc6d4b" outcome="Passed" testListId="8c84fa94-04c1-424b-9868-57a2d4851a1d" relativeResultsDirectory="bce1dd1b-476e-472c-b21c-d0836d85a87b" />
    <UnitTestResult executionId="21fdbd7f-c2c4-435a-b926-5633664a855d" testId="bb4ec92b-2f39-5601-2281-d1b3c8c44188" testName="backend.Tests.AuthControllerTests.Register_ShouldSucceed_WhenDataIsCorrect" computerName="DESKTOP-KCE3CM5" duration="00:00:00.0084966" startTime="2025-12-15T01:21:13.7785990+01:00" endTime="2025-12-15T01:21:13.7785991+01:00" testType="13cdc9d9-ddb5-4fa4-a97d-d965ccfc6d4b" outcome="Passed" testListId="8c84fa94-04c1-424b-9868-57a2d4851a1d" relativeResultsDirectory="21fdbd7f-c2c4-435a-b926-5633664a855d" />
    <UnitTestResult executionId="333b6ae4-5a1b-445f-987c-7f3e098aa9df" testId="c7897678-47cc-3307-e73a-a1c5636d83e5" testName="backend.Tests.AccountControllerTests.UpdateProfile_ShouldReturnBadRequest_WhenUserIsUnder18" computerName="DESKTOP-KCE3CM5" duration="00:00:00.2097193" startTime="2025-12-15T01:21:13.7850623+01:00" endTime="2025-12-15T01:21:13.7850624+01:00" testType="13cdc9d9-ddb5-4fa4-a97d-d965ccfc6d4b" outcome="Passed" testListId="8c84fa94-04c1-424b-9868-57a2d4851a1d" relativeResultsDirectory="333b6ae4-5a1b-445f-987c-7f3e098aa9df" />
    <UnitTestResult executionId="ba54f9ec-6809-4947-8faa-e19b3b5ab730" testId="64f660d3-d49f-64fc-c50b-52a0c628d4eb" testName="backend.backend.Tests.UserConnectionManagerTests.RemoveUserConnection_ShouldRemoveUser_WhenLastConnectionClosed" computerName="DESKTOP-KCE3CM5" duration="00:00:00.0026595" startTime="2025-12-15T01:21:13.6180045+01:00" endTime="2025-12-15T01:21:13.6180046+01:00" testType="13cdc9d9-ddb5-4fa4-a97d-d965ccfc6d4b" outcome="Passed" testListId="8c84fa94-04c1-424b-9868-57a2d4851a1d" relativeResultsDirectory="ba54f9ec-6809-4947-8faa-e19b3b5ab730" />
    <UnitTestResult executionId="a021ef0a-5f41-4d85-b41f-10305e7b8c3b" testId="3742c538-16d7-f3de-46d1-f04fa7fb1708" testName="backend.Tests.SubscriptionExpirationWorkerTests.ExecuteAsync_ShouldProcessExpiringSubscriptions" computerName="DESKTOP-KCE3CM5" duration="00:00:01.1117325" startTime="2025-12-15T01:21:14.6871698+01:00" endTime="2025-12-15T01:21:14.6871705+01:00" testType="13cdc9d9-ddb5-4fa4-a97d-d965ccfc6d4b" outcome="Passed" testListId="8c84fa94-04c1-424b-9868-57a2d4851a1d" relativeResultsDirectory="a021ef0a-5f41-4d85-b41f-10305e7b8c3b" />
    <UnitTestResult executionId="4ee403e0-45fc-4b97-a7bf-c6fa65bf1851" testId="ddf46821-1129-9f6d-43c9-45de1dc9a9f8" testName="backend.Tests.PricingServiceTests.CalculateBasePriceWithRiskFactor_ShouldApplyCorrectMultipliers(basePrice: 100, category: &quot;Indywidualny&quot;, age: 30, expected: 100)" computerName="DESKTOP-KCE3CM5" duration="00:00:00.0000080" startTime="2025-12-15T01:21:13.6170731+01:00" endTime="2025-12-15T01:21:13.6170732+01:00" testType="13cdc9d9-ddb5-4fa4-a97d-d965ccfc6d4b" outcome="Passed" testListId="8c84fa94-04c1-424b-9868-57a2d4851a1d" relativeResultsDirectory="4ee403e0-45fc-4b97-a7bf-c6fa65bf1851" />
    <UnitTestResult executionId="87c43884-df73-41a1-8e82-7ffe780e701a" testId="56fc3619-cef4-2d15-367b-aba300ac4430" testName="backend.Tests.AdminControllerTests.GetLogs_ShouldHideSensitiveLogs_ForRegularAdmin" computerName="DESKTOP-KCE3CM5" duration="00:00:00.5027431" startTime="2025-12-15T01:21:14.0781255+01:00" endTime="2025-12-15T01:21:14.0781257+01:00" testType="13cdc9d9-ddb5-4fa4-a97d-d965ccfc6d4b" outcome="Passed" testListId="8c84fa94-04c1-424b-9868-57a2d4851a1d" relativeResultsDirectory="87c43884-df73-41a1-8e82-7ffe780e701a" />
    <UnitTestResult executionId="794832eb-4f76-486c-beba-a0944056017c" testId="0de8acf2-9760-0ef1-dc11-cb2d80cef712" testName="backend.Tests.NotificationServiceTests.BroadcastToAllUsersAsync_ShouldNotifyEveryoneInDb" computerName="DESKTOP-KCE3CM5" duration="00:00:00.0404794" startTime="2025-12-15T01:21:14.1151340+01:00" endTime="2025-12-15T01:21:14.1151341+01:00" testType="13cdc9d9-ddb5-4fa4-a97d-d965ccfc6d4b" outcome="Passed" testListId="8c84fa94-04c1-424b-9868-57a2d4851a1d" relativeResultsDirectory="794832eb-4f76-486c-beba-a0944056017c" />
    <UnitTestResult executionId="e7ae5b42-bff3-4573-a625-2986cd8c6d5f" testId="36773925-af73-4e19-f95d-9a8ab5814bb0" testName="backend.Tests.PricingServiceTests.CalculateBasePriceWithRiskFactor_ShouldApplyCorrectMultipliers(basePrice: 100, category: &quot;Indywidualny&quot;, age: 20, expected: 100)" computerName="DESKTOP-KCE3CM5" duration="00:00:00.0139355" startTime="2025-12-15T01:21:13.6047264+01:00" endTime="2025-12-15T01:21:13.6047425+01:00" testType="13cdc9d9-ddb5-4fa4-a97d-d965ccfc6d4b" outcome="Passed" testListId="8c84fa94-04c1-424b-9868-57a2d4851a1d" relativeResultsDirectory="e7ae5b42-bff3-4573-a625-2986cd8c6d5f" />
    <UnitTestResult executionId="6236d5a0-04b2-4414-b387-2c0e0aaa09ac" testId="2fde8d80-4919-9f2c-3c0c-f6c8af1c0643" testName="backend.Tests.PackagesControllerTests.GetPricingOptions_ShouldReturnOptionsFromService" computerName="DESKTOP-KCE3CM5" duration="00:00:00.0007320" startTime="2025-12-15T01:21:14.1206903+01:00" endTime="2025-12-15T01:21:14.1206904+01:00" testType="13cdc9d9-ddb5-4fa4-a97d-d965ccfc6d4b" outcome="Passed" testListId="8c84fa94-04c1-424b-9868-57a2d4851a1d" relativeResultsDirectory="6236d5a0-04b2-4414-b387-2c0e0aaa09ac" />
    <UnitTestResult executionId="f8236aed-8b96-4dc2-ac29-49ab6d179609" testId="14cc1016-1fd2-5fad-c474-3eac6bf81bd3" testName="backend.Tests.LogServiceTests.LogAsync_ShouldHandleNullUserId" computerName="DESKTOP-KCE3CM5" duration="00:00:00.0009694" startTime="2025-12-15T01:21:14.1026580+01:00" endTime="2025-12-15T01:21:14.1026580+01:00" testType="13cdc9d9-ddb5-4fa4-a97d-d965ccfc6d4b" outcome="Passed" testListId="8c84fa94-04c1-424b-9868-57a2d4851a1d" relativeResultsDirectory="f8236aed-8b96-4dc2-ac29-49ab6d179609" />
    <UnitTestResult executionId="0b2237d1-3a4a-481b-b12b-964f97cc68e2" testId="171e9e01-50ed-4f05-4203-ac10dec3c163" testName="backend.backend.Tests.UserConnectionManagerTests.KeepUserConnection_ShouldStoreMultipleConnections_ForSameUser" computerName="DESKTOP-KCE3CM5" duration="00:00:00.0130144" startTime="2025-12-15T01:21:13.6095877+01:00" endTime="2025-12-15T01:21:13.6095878+01:00" testType="13cdc9d9-ddb5-4fa4-a97d-d965ccfc6d4b" outcome="Passed" testListId="8c84fa94-04c1-424b-9868-57a2d4851a1d" relativeResultsDirectory="0b2237d1-3a4a-481b-b12b-964f97cc68e2" />
    <UnitTestResult executionId="c6048771-36b8-4f0b-997c-24d6c83da6d0" testId="37ceb3bd-172e-9c11-a52e-86af6e9cecc7" testName="backend.Tests.PricingServiceTests.CalculateFinalPrice_ShouldReturnCorrectAmount(basePrice: 10, duration: &quot;biennial&quot;, billingPeriod: &quot;upfront&quot;, expected: 204)" computerName="DESKTOP-KCE3CM5" duration="00:00:00.0000100" startTime="2025-12-15T01:21:13.6182748+01:00" endTime="2025-12-15T01:21:13.6182748+01:00" testType="13cdc9d9-ddb5-4fa4-a97d-d965ccfc6d4b" outcome="Passed" testListId="8c84fa94-04c1-424b-9868-57a2d4851a1d" relativeResultsDirectory="c6048771-36b8-4f0b-997c-24d6c83da6d0" />
    <UnitTestResult executionId="27579d26-4749-4f73-89f7-2531206a1fe1" testId="dd87b4a5-487d-7ddf-2abd-9983111ca95a" testName="backend.Tests.FavoritesControllerTests.GetMyFavorites_ShouldReturnOnlyUserFavorites" computerName="DESKTOP-KCE3CM5" duration="00:00:00.0117902" startTime="2025-12-15T01:21:14.1185460+01:00" endTime="2025-12-15T01:21:14.1185461+01:00" testType="13cdc9d9-ddb5-4fa4-a97d-d965ccfc6d4b" outcome="Passed" testListId="8c84fa94-04c1-424b-9868-57a2d4851a1d" relativeResultsDirectory="27579d26-4749-4f73-89f7-2531206a1fe1" />
    <UnitTestResult executionId="86a13992-d481-4c83-9c90-a2dd1db83095" testId="85eef496-9705-bbac-0fbf-2907c463f47c" testName="backend.Tests.PricingServiceTests.CalculateFinalPrice_ShouldReturnBasePrice_WhenBillingIsMonthly" computerName="DESKTOP-KCE3CM5" duration="00:00:00.0001800" startTime="2025-12-15T01:21:13.6204278+01:00" endTime="2025-12-15T01:21:13.6204279+01:00" testType="13cdc9d9-ddb5-4fa4-a97d-d965ccfc6d4b" outcome="Passed" testListId="8c84fa94-04c1-424b-9868-57a2d4851a1d" relativeResultsDirectory="86a13992-d481-4c83-9c90-a2dd1db83095" />
    <UnitTestResult executionId="1d26bca0-b1af-4dbd-bc41-8d9db4e7fa1b" testId="9e5da526-15be-1992-0287-495e10127401" testName="backend.Tests.PasswordResetTokenProviderTests.Options_ShouldHaveCorrectDefaults" computerName="DESKTOP-KCE3CM5" duration="00:00:00.0143265" startTime="2025-12-15T01:21:13.6101940+01:00" endTime="2025-12-15T01:21:13.6101940+01:00" testType="13cdc9d9-ddb5-4fa4-a97d-d965ccfc6d4b" outcome="Passed" testListId="8c84fa94-04c1-424b-9868-57a2d4851a1d" relativeResultsDirectory="1d26bca0-b1af-4dbd-bc41-8d9db4e7fa1b" />
    <UnitTestResult executionId="e7da4b25-d3bb-432a-9d72-74b8db1ba094" testId="3641ebfb-7be4-bc49-7f6b-4b11e7e30320" testName="backend.Tests.EmailServiceTests.SendEmailAsync_ShouldAttemptToSend_AndLogFailure_WhenServerIsFake" computerName="DESKTOP-KCE3CM5" duration="00:00:00.0033163" startTime="2025-12-15T01:21:13.6933255+01:00" endTime="2025-12-15T01:21:13.6933257+01:00" testType="13cdc9d9-ddb5-4fa4-a97d-d965ccfc6d4b" outcome="Passed" testListId="8c84fa94-04c1-424b-9868-57a2d4851a1d" relativeResultsDirectory="e7da4b25-d3bb-432a-9d72-74b8db1ba094" />
    <UnitTestResult executionId="26ee6d55-9812-4679-b663-49f35fa91197" testId="ceb1155c-7144-d228-d059-e0b6aa1680d1" testName="backend.Tests.PasswordResetTokenProviderTests.Provider_ShouldInitializeCorrectly" computerName="DESKTOP-KCE3CM5" duration="00:00:00.0515980" startTime="2025-12-15T01:21:13.6442051+01:00" endTime="2025-12-15T01:21:13.6442056+01:00" testType="13cdc9d9-ddb5-4fa4-a97d-d965ccfc6d4b" outcome="Passed" testListId="8c84fa94-04c1-424b-9868-57a2d4851a1d" relativeResultsDirectory="26ee6d55-9812-4679-b663-49f35fa91197" />
    <UnitTestResult executionId="51e0199f-4b33-42d7-802b-b5621bb3c406" testId="e4afb0ed-fbc0-6df6-ba14-6e0f57e22c6e" testName="backend.backend.Tests.PdfServiceTests.GenerateCertificate_ShouldNotThrowError_WhenOptionalDataIsMissing" computerName="DESKTOP-KCE3CM5" duration="00:00:00.0335953" startTime="2025-12-15T01:21:13.8285864+01:00" endTime="2025-12-15T01:21:13.8285866+01:00" testType="13cdc9d9-ddb5-4fa4-a97d-d965ccfc6d4b" outcome="Passed" testListId="8c84fa94-04c1-424b-9868-57a2d4851a1d" relativeResultsDirectory="51e0199f-4b33-42d7-802b-b5621bb3c406" />
    <UnitTestResult executionId="74fc55b1-9fcf-44f6-946e-b7f22b89ea64" testId="7f33902a-0b09-2d0d-f3da-ba52ea0cdc42" testName="backend.Tests.AdminControllerTests.LockUser_ShouldFail_WhenAdminTriesToLockAnotherAdmin" computerName="DESKTOP-KCE3CM5" duration="00:00:00.0048081" startTime="2025-12-15T01:21:14.1175096+01:00" endTime="2025-12-15T01:21:14.1175097+01:00" testType="13cdc9d9-ddb5-4fa4-a97d-d965ccfc6d4b" outcome="Passed" testListId="8c84fa94-04c1-424b-9868-57a2d4851a1d" relativeResultsDirectory="74fc55b1-9fcf-44f6-946e-b7f22b89ea64" />
    <UnitTestResult executionId="c243eb87-3674-4184-a796-b14627d16de1" testId="b83fbe41-e5bd-fefb-2e92-151089ae61a9" testName="backend.Tests.PricingServiceTests.CalculateBasePriceWithRiskFactor_ShouldApplyCorrectMultipliers(basePrice: 100, category: &quot;Biznesowy&quot;, age: 40, expected: 100)" computerName="DESKTOP-KCE3CM5" duration="00:00:00.0002393" startTime="2025-12-15T01:21:13.6110248+01:00" endTime="2025-12-15T01:21:13.6110248+01:00" testType="13cdc9d9-ddb5-4fa4-a97d-d965ccfc6d4b" outcome="Passed" testListId="8c84fa94-04c1-424b-9868-57a2d4851a1d" relativeResultsDirectory="c243eb87-3674-4184-a796-b14627d16de1" />
    <UnitTestResult executionId="e10e168c-fd4c-40e1-a892-bdac3af288f4" testId="93f0a8cf-6e81-9eb4-4f03-c27f36759df8" testName="backend.backend.Tests.UserConnectionManagerTests.KeepUserConnection_ShouldAddUserToOnlineList" computerName="DESKTOP-KCE3CM5" duration="00:00:00.0006191" startTime="2025-12-15T01:21:13.6174497+01:00" endTime="2025-12-15T01:21:13.6174497+01:00" testType="13cdc9d9-ddb5-4fa4-a97d-d965ccfc6d4b" outcome="Passed" testListId="8c84fa94-04c1-424b-9868-57a2d4851a1d" relativeResultsDirectory="e10e168c-fd4c-40e1-a892-bdac3af288f4" />
    <UnitTestResult executionId="9984f9e2-2839-42c8-99ca-62b2698d2f32" testId="e00d2733-5417-7d71-e16a-fc9fed9a743b" testName="backend.Tests.AccountControllerTests.UpdateProfile_ShouldReturnOk_WhenDataIsValid" computerName="DESKTOP-KCE3CM5" duration="00:00:00.0036497" startTime="2025-12-15T01:21:13.7887760+01:00" endTime="2025-12-15T01:21:13.7887761+01:00" testType="13cdc9d9-ddb5-4fa4-a97d-d965ccfc6d4b" outcome="Passed" testListId="8c84fa94-04c1-424b-9868-57a2d4851a1d" relativeResultsDirectory="9984f9e2-2839-42c8-99ca-62b2698d2f32" />
    <UnitTestResult executionId="abff4cce-e1c3-4286-821a-4bcf4e6c09c4" testId="52bc6620-548f-a6ea-441b-e71b786d9162" testName="backend.Tests.PackagesControllerTests.GetPackage_ShouldReturnPackage_WhenIdExists" computerName="DESKTOP-KCE3CM5" duration="00:00:00.0007793" startTime="2025-12-15T01:21:14.1199452+01:00" endTime="2025-12-15T01:21:14.1199453+01:00" testType="13cdc9d9-ddb5-4fa4-a97d-d965ccfc6d4b" outcome="Passed" testListId="8c84fa94-04c1-424b-9868-57a2d4851a1d" relativeResultsDirectory="abff4cce-e1c3-4286-821a-4bcf4e6c09c4" />
    <UnitTestResult executionId="60054e97-b435-45a5-a059-7f86054776bd" testId="4c392eba-9e7d-94c0-d161-6200375990d9" testName="backend.Tests.PackagesControllerTests.DeletePackage_ShouldRemoveFromDbAndLog" computerName="DESKTOP-KCE3CM5" duration="00:00:00.0321608" startTime="2025-12-15T01:21:14.1082616+01:00" endTime="2025-12-15T01:21:14.1082617+01:00" testType="13cdc9d9-ddb5-4fa4-a97d-d965ccfc6d4b" outcome="Passed" testListId="8c84fa94-04c1-424b-9868-57a2d4851a1d" relativeResultsDirectory="60054e97-b435-45a5-a059-7f86054776bd" />
    <UnitTestResult executionId="c5ab87aa-27ac-46ce-8b74-b3f133fe1d1f" testId="a93333e2-0980-2760-711a-48e08a3a4f67" testName="backend.Tests.LogServiceTests.LogAsync_ShouldSaveLogToDatabase_WhenDataIsCorrect" computerName="DESKTOP-KCE3CM5" duration="00:00:00.0268404" startTime="2025-12-15T01:21:14.1008216+01:00" endTime="2025-12-15T01:21:14.1008218+01:00" testType="13cdc9d9-ddb5-4fa4-a97d-d965ccfc6d4b" outcome="Passed" testListId="8c84fa94-04c1-424b-9868-57a2d4851a1d" relativeResultsDirectory="c5ab87aa-27ac-46ce-8b74-b3f133fe1d1f" />
    <UnitTestResult executionId="1dce8ccb-ed20-4eb9-b0b2-0b6858ca5522" testId="7738d824-a503-f166-d65a-aedcdc281d9d" testName="backend.Tests.PackagesControllerTests.GetPackages_ShouldReturnAllPackages" computerName="DESKTOP-KCE3CM5" duration="00:00:00.0044113" startTime="2025-12-15T01:21:14.1191266+01:00" endTime="2025-12-15T01:21:14.1191267+01:00" testType="13cdc9d9-ddb5-4fa4-a97d-d965ccfc6d4b" outcome="Passed" testListId="8c84fa94-04c1-424b-9868-57a2d4851a1d" relativeResultsDirectory="1dce8ccb-ed20-4eb9-b0b2-0b6858ca5522" />
    <UnitTestResult executionId="e79f7fdb-8d1d-4e86-bcc1-295a870b9edc" testId="1a7e4847-65f6-9317-45e9-57895cf098b4" testName="backend.Tests.NotificationServiceTests.CreateNotificationAsync_ShouldAddOneNotificationToDb" computerName="DESKTOP-KCE3CM5" duration="00:00:00.4992646" startTime="2025-12-15T01:21:14.0747913+01:00" endTime="2025-12-15T01:21:14.0747915+01:00" testType="13cdc9d9-ddb5-4fa4-a97d-d965ccfc6d4b" outcome="Passed" testListId="8c84fa94-04c1-424b-9868-57a2d4851a1d" relativeResultsDirectory="e79f7fdb-8d1d-4e86-bcc1-295a870b9edc" />
    <UnitTestResult executionId="a0a8e932-ca25-4a64-a826-0fe313c6056e" testId="1f70a0cb-1e89-b235-cfd5-ec8f34f73d98" testName="backend.Tests.FavoritesControllerTests.IsFavorite_ShouldReturnFalse_IfFavoriteDoesNotExist" computerName="DESKTOP-KCE3CM5" duration="00:00:00.0007309" startTime="2025-12-15T01:21:14.1193398+01:00" endTime="2025-12-15T01:21:14.1193399+01:00" testType="13cdc9d9-ddb5-4fa4-a97d-d965ccfc6d4b" outcome="Passed" testListId="8c84fa94-04c1-424b-9868-57a2d4851a1d" relativeResultsDirectory="a0a8e932-ca25-4a64-a826-0fe313c6056e" />
    <UnitTestResult executionId="6b3e3499-62c8-4498-94a7-6c9f7720216f" testId="db2a3050-c20d-0766-ea34-c420a6ae5519" testName="backend.Tests.AdminControllerTests.GetDashboardStats_ShouldReturnCorrectCounts" computerName="DESKTOP-KCE3CM5" duration="00:00:00.0344859" startTime="2025-12-15T01:21:14.1126738+01:00" endTime="2025-12-15T01:21:14.1126739+01:00" testType="13cdc9d9-ddb5-4fa4-a97d-d965ccfc6d4b" outcome="Passed" testListId="8c84fa94-04c1-424b-9868-57a2d4851a1d" relativeResultsDirectory="6b3e3499-62c8-4498-94a7-6c9f7720216f" />
    <UnitTestResult executionId="825cfaee-c084-4eee-a32e-ec75f8a5d8fb" testId="568b1123-1bea-ef90-1747-5333a7430e39" testName="backend.Tests.PricingServiceTests.CalculateBasePriceWithRiskFactor_ShouldApplyCorrectMultipliers(basePrice: 100, category: &quot;Indywidualny&quot;, age: 40, expected: 115)" computerName="DESKTOP-KCE3CM5" duration="00:00:00.0000121" startTime="2025-12-15T01:21:13.6168249+01:00" endTime="2025-12-15T01:21:13.6168252+01:00" testType="13cdc9d9-ddb5-4fa4-a97d-d965ccfc6d4b" outcome="Passed" testListId="8c84fa94-04c1-424b-9868-57a2d4851a1d" relativeResultsDirectory="825cfaee-c084-4eee-a32e-ec75f8a5d8fb" />
    <UnitTestResult executionId="a4fee9ae-b588-422a-902c-e7423608ed0f" testId="684fae4f-1267-9acd-1e71-da072c48bfc9" testName="backend.Tests.LogServiceTests.LogAsync_ShouldMarkAsSensitive_WhenFlagIsTrue" computerName="DESKTOP-KCE3CM5" duration="00:00:00.4985272" startTime="2025-12-15T01:21:14.0739209+01:00" endTime="2025-12-15T01:21:14.0739211+01:00" testType="13cdc9d9-ddb5-4fa4-a97d-d965ccfc6d4b" outcome="Passed" testListId="8c84fa94-04c1-424b-9868-57a2d4851a1d" relativeResultsDirectory="a4fee9ae-b588-422a-902c-e7423608ed0f" />
    <UnitTestResult executionId="486a97de-6e3c-4ce7-8565-f1ba555eb140" testId="1b3fa396-e7b4-ae72-597e-b8e9e9d1028a" testName="backend.Tests.PackagesControllerTests.CreatePackage_ShouldAddToDbAndLog" computerName="DESKTOP-KCE3CM5" duration="00:00:00.5006550" startTime="2025-12-15T01:21:14.0760324+01:00" endTime="2025-12-15T01:21:14.0760326+01:00" testType="13cdc9d9-ddb5-4fa4-a97d-d965ccfc6d4b" outcome="Passed" testListId="8c84fa94-04c1-424b-9868-57a2d4851a1d" relativeResultsDirectory="486a97de-6e3c-4ce7-8565-f1ba555eb140" />
    <UnitTestResult executionId="e182e182-f182-4039-b3c6-e0c70071edb1" testId="09fce9dd-6b32-3b12-021f-a02b252c2b0b" testName="backend.Tests.PricingServiceTests.CalculateFinalPrice_ShouldReturnCorrectAmount(basePrice: 100, duration: &quot;yearly&quot;, billingPeriod: &quot;upfront&quot;, expected: 1140)" computerName="DESKTOP-KCE3CM5" duration="00:00:00.0002983" startTime="2025-12-15T01:21:13.6180985+01:00" endTime="2025-12-15T01:21:13.6180986+01:00" testType="13cdc9d9-ddb5-4fa4-a97d-d965ccfc6d4b" outcome="Passed" testListId="8c84fa94-04c1-424b-9868-57a2d4851a1d" relativeResultsDirectory="e182e182-f182-4039-b3c6-e0c70071edb1" />
    <UnitTestResult executionId="8e75a610-d5af-4ca2-9d75-1a508605a488" testId="a03e420e-45ea-08b4-2b56-a94623cccfc1" testName="backend.Tests.FavoritesControllerTests.ToggleFavorite_ShouldAddFavorite_WhenNotExists" computerName="DESKTOP-KCE3CM5" duration="00:00:00.0018885" startTime="2025-12-15T01:21:14.1213467+01:00" endTime="2025-12-15T01:21:14.1213467+01:00" testType="13cdc9d9-ddb5-4fa4-a97d-d965ccfc6d4b" outcome="Passed" testListId="8c84fa94-04c1-424b-9868-57a2d4851a1d" relativeResultsDirectory="8e75a610-d5af-4ca2-9d75-1a508605a488" />
    <UnitTestResult executionId="c4929255-84df-4fb5-a3ae-f13244337fed" testId="ba70ecaa-1be4-8cf3-b944-9d25bbc946d0" testName="backend.Tests.PricingServiceTests.CalculateFinalPrice_ShouldReturnCorrectAmount(basePrice: 169, duration: &quot;biennial&quot;, billingPeriod: &quot;monthly&quot;, expected: 169)" computerName="DESKTOP-KCE3CM5" duration="00:00:00.0000048" startTime="2025-12-15T01:21:13.6200634+01:00" endTime="2025-12-15T01:21:13.6200635+01:00" testType="13cdc9d9-ddb5-4fa4-a97d-d965ccfc6d4b" outcome="Passed" testListId="8c84fa94-04c1-424b-9868-57a2d4851a1d" relativeResultsDirectory="c4929255-84df-4fb5-a3ae-f13244337fed" />
    <UnitTestResult executionId="be76397f-9b87-46b6-96fe-33648d8f4d9d" testId="840d6f13-43a3-73dc-0248-02e472a067e3" testName="backend.Tests.PackagesControllerTests.UpdatePackage_ShouldModifyDbAndLog" computerName="DESKTOP-KCE3CM5" duration="00:00:00.0040158" startTime="2025-12-15T01:21:14.1123505+01:00" endTime="2025-12-15T01:21:14.1123506+01:00" testType="13cdc9d9-ddb5-4fa4-a97d-d965ccfc6d4b" outcome="Passed" testListId="8c84fa94-04c1-424b-9868-57a2d4851a1d" relativeResultsDirectory="be76397f-9b87-46b6-96fe-33648d8f4d9d" />
    <UnitTestResult executionId="b8c54601-c420-43f6-968e-355d50faf8db" testId="3f54f33a-b481-9d8d-67ea-6fc744c75015" testName="backend.Tests.FavoritesControllerTests.ToggleFavorite_ShouldRemoveFavorite_WhenAlreadyExists" computerName="DESKTOP-KCE3CM5" duration="00:00:00.5159767" startTime="2025-12-15T01:21:14.0913619+01:00" endTime="2025-12-15T01:21:14.0913620+01:00" testType="13cdc9d9-ddb5-4fa4-a97d-d965ccfc6d4b" outcome="Passed" testListId="8c84fa94-04c1-424b-9868-57a2d4851a1d" relativeResultsDirectory="b8c54601-c420-43f6-968e-355d50faf8db" />
    <UnitTestResult executionId="9727122f-ebee-4a72-8bbd-cd3026e60c60" testId="311f430b-8702-833e-f2f2-b4c659bdc5a5" testName="backend.Tests.PricingServiceTests.CalculateFinalPrice_ShouldReturnCorrectAmount(basePrice: 100, duration: &quot;biennial&quot;, billingPeriod: &quot;upfront&quot;, expected: 2040)" computerName="DESKTOP-KCE3CM5" duration="00:00:00.0000045" startTime="2025-12-15T01:21:13.6202455+01:00" endTime="2025-12-15T01:21:13.6202456+01:00" testType="13cdc9d9-ddb5-4fa4-a97d-d965ccfc6d4b" outcome="Passed" testListId="8c84fa94-04c1-424b-9868-57a2d4851a1d" relativeResultsDirectory="9727122f-ebee-4a72-8bbd-cd3026e60c60" />
    <UnitTestResult executionId="2b1b2fc0-62e5-42f9-8568-a9366b0fb86d" testId="c8f10b2c-6ce2-8371-aefd-9026c4f349b8" testName="backend.Tests.EmailServiceTests.SendEmailAsync_ShouldHandleAttachments_WithoutCrashing" computerName="DESKTOP-KCE3CM5" duration="00:00:00.1118682" startTime="2025-12-15T01:21:13.6889696+01:00" endTime="2025-12-15T01:21:13.6889697+01:00" testType="13cdc9d9-ddb5-4fa4-a97d-d965ccfc6d4b" outcome="Passed" testListId="8c84fa94-04c1-424b-9868-57a2d4851a1d" relativeResultsDirectory="2b1b2fc0-62e5-42f9-8568-a9366b0fb86d" />
    <UnitTestResult executionId="e9f46bbf-ea59-4c67-aa60-94f58259a36e" testId="e5f5f809-a794-ca9f-7915-0760e75d1870" testName="backend.Tests.LogServiceTests.LogAsync_ShouldDefaultToSystem_WhenUserNameIsNull" computerName="DESKTOP-KCE3CM5" duration="00:00:00.0007892" startTime="2025-12-15T01:21:14.1016468+01:00" endTime="2025-12-15T01:21:14.1016469+01:00" testType="13cdc9d9-ddb5-4fa4-a97d-d965ccfc6d4b" outcome="Passed" testListId="8c84fa94-04c1-424b-9868-57a2d4851a1d" relativeResultsDirectory="e9f46bbf-ea59-4c67-aa60-94f58259a36e" />
    <UnitTestResult executionId="65a7baad-cf80-4e81-9391-2502350b82bb" testId="65d3676d-fc3e-aab2-bee6-74ff1d9ec238" testName="backend.Tests.PricingServiceTests.CalculateBasePriceWithRiskFactor_ShouldApplyCorrectMultipliers(basePrice: 100, category: &quot;Indywidualny&quot;, age: 60, expected: 155)" computerName="DESKTOP-KCE3CM5" duration="00:00:00.0000266" startTime="2025-12-15T01:21:13.6172633+01:00" endTime="2025-12-15T01:21:13.6172634+01:00" testType="13cdc9d9-ddb5-4fa4-a97d-d965ccfc6d4b" outcome="Passed" testListId="8c84fa94-04c1-424b-9868-57a2d4851a1d" relativeResultsDirectory="65a7baad-cf80-4e81-9391-2502350b82bb" />
    <UnitTestResult executionId="9ee59072-1827-4e19-a4ad-2736ef096ac0" testId="3229b200-0cc3-b781-3425-5b97c0a15f03" testName="backend.Tests.NotificationServiceTests.NotifyAllAdminsAsync_ShouldCreateNotificationsOnlyForAdmins" computerName="DESKTOP-KCE3CM5" duration="00:00:00.0052414" startTime="2025-12-15T01:21:14.1204419+01:00" endTime="2025-12-15T01:21:14.1204419+01:00" testType="13cdc9d9-ddb5-4fa4-a97d-d965ccfc6d4b" outcome="Passed" testListId="8c84fa94-04c1-424b-9868-57a2d4851a1d" relativeResultsDirectory="9ee59072-1827-4e19-a4ad-2736ef096ac0" />
    <UnitTestResult executionId="41d382af-060b-4fa4-a715-a8eb5cada54c" testId="59ea6ed0-4e2a-8ca1-9630-33cd51343c8a" testName="backend.backend.Tests.PdfServiceTests.GenerateCertificate_ShouldReturnPdfBytes_WhenAllDataIsProvided" computerName="DESKTOP-KCE3CM5" duration="00:00:00.2170725" startTime="2025-12-15T01:21:13.7949190+01:00" endTime="2025-12-15T01:21:13.7949192+01:00" testType="13cdc9d9-ddb5-4fa4-a97d-d965ccfc6d4b" outcome="Passed" testListId="8c84fa94-04c1-424b-9868-57a2d4851a1d" relativeResultsDirectory="41d382af-060b-4fa4-a715-a8eb5cada54c" />
    <UnitTestResult executionId="e6cc5fa5-3c5e-4f13-8ef0-a0d9c5f40f70" testId="06d4ccb0-6ecd-57e2-3c52-bf410233b932" testName="backend.Tests.PricingServiceTests.CalculateFinalPrice_ShouldReturnCorrectAmount(basePrice: 99, duration: &quot;yearly&quot;, billingPeriod: &quot;monthly&quot;, expected: 99)" computerName="DESKTOP-KCE3CM5" duration="00:00:00.0000034" startTime="2025-12-15T01:21:13.6196907+01:00" endTime="2025-12-15T01:21:13.6196908+01:00" testType="13cdc9d9-ddb5-4fa4-a97d-d965ccfc6d4b" outcome="Passed" testListId="8c84fa94-04c1-424b-9868-57a2d4851a1d" relativeResultsDirectory="e6cc5fa5-3c5e-4f13-8ef0-a0d9c5f40f70" />
    <UnitTestResult executionId="541749a3-3f66-4f47-9bd5-e5a427ad4bab" testId="d0d26361-86b6-6918-a751-f6af266de81e" testName="backend.Tests.NotificationServiceTests.NotifyAllAdminsAsync_ShouldDoNothing_WhenNoAdminsExist" computerName="DESKTOP-KCE3CM5" duration="00:00:00.0007416" startTime="2025-12-15T01:21:14.1212200+01:00" endTime="2025-12-15T01:21:14.1212201+01:00" testType="13cdc9d9-ddb5-4fa4-a97d-d965ccfc6d4b" outcome="Passed" testListId="8c84fa94-04c1-424b-9868-57a2d4851a1d" relativeResultsDirectory="541749a3-3f66-4f47-9bd5-e5a427ad4bab" />
    <UnitTestResult executionId="91be989c-f7d5-42b4-a322-30d4b3246771" testId="5b61c1c2-d3e7-00f9-39ab-050d29660eae" testName="backend.Tests.PricingServiceTests.CalculateFinalPrice_ShouldReturnCorrectAmount(basePrice: 69, duration: &quot;7d&quot;, billingPeriod: &quot;upfront&quot;, expected: 1)" computerName="DESKTOP-KCE3CM5" duration="00:00:00.0000030" startTime="2025-12-15T01:21:13.6195071+01:00" endTime="2025-12-15T01:21:13.6195071+01:00" testType="13cdc9d9-ddb5-4fa4-a97d-d965ccfc6d4b" outcome="Passed" testListId="8c84fa94-04c1-424b-9868-57a2d4851a1d" relativeResultsDirectory="91be989c-f7d5-42b4-a322-30d4b3246771" />
    <UnitTestResult executionId="e4fe507a-e460-47ba-8f5b-a71c947b78f7" testId="20e398eb-1ed8-67c5-567b-b02887bacf81" testName="backend.Tests.PricingServiceTests.CalculateFinalPrice_ShouldReturnCorrectAmount(basePrice: 450, duration: &quot;7d&quot;, billingPeriod: &quot;upfront&quot;, expected: 1)" computerName="DESKTOP-KCE3CM5" duration="00:00:00.0000033" startTime="2025-12-15T01:21:13.6193099+01:00" endTime="2025-12-15T01:21:13.6193100+01:00" testType="13cdc9d9-ddb5-4fa4-a97d-d965ccfc6d4b" outcome="Passed" testListId="8c84fa94-04c1-424b-9868-57a2d4851a1d" relativeResultsDirectory="e4fe507a-e460-47ba-8f5b-a71c947b78f7" />
    <UnitTestResult executionId="df899d78-429d-41f6-b04a-1c1585b0e28e" testId="8c99b516-318f-b793-0628-3e55de949e48" testName="backend.Tests.AuthControllerTests.Login_ShouldFail_WhenPasswordIsWrong" computerName="DESKTOP-KCE3CM5" duration="00:00:00.1946318" startTime="2025-12-15T01:21:13.7700441+01:00" endTime="2025-12-15T01:21:13.7700442+01:00" testType="13cdc9d9-ddb5-4fa4-a97d-d965ccfc6d4b" outcome="Passed" testListId="8c84fa94-04c1-424b-9868-57a2d4851a1d" relativeResultsDirectory="df899d78-429d-41f6-b04a-1c1585b0e28e" />
    <UnitTestResult executionId="0e5702dc-9f93-4e6d-a31b-6a5acd7f559a" testId="95a71f6e-9e41-edbd-53a9-6562a7b3f211" testName="backend.Tests.PackagesControllerTests.GetPackage_ShouldReturnNotFound_WhenIdDoesNotExist" computerName="DESKTOP-KCE3CM5" duration="00:00:00.0022811" startTime="2025-12-15T01:21:14.1146608+01:00" endTime="2025-12-15T01:21:14.1146608+01:00" testType="13cdc9d9-ddb5-4fa4-a97d-d965ccfc6d4b" outcome="Passed" testListId="8c84fa94-04c1-424b-9868-57a2d4851a1d" relativeResultsDirectory="0e5702dc-9f93-4e6d-a31b-6a5acd7f559a" />
    <UnitTestResult executionId="fb4e73c0-b257-470b-a834-a281cc2750ba" testId="8f468b58-05c5-a627-d295-c518484d896b" testName="backend.Tests.PricingServiceTests.CalculateFinalPrice_ShouldReturnCorrectAmount(basePrice: 69, duration: &quot;yearly&quot;, billingPeriod: &quot;monthly&quot;, expected: 69)" computerName="DESKTOP-KCE3CM5" duration="00:00:00.0031684" startTime="2025-12-15T01:21:13.6178208+01:00" endTime="2025-12-15T01:21:13.6178208+01:00" testType="13cdc9d9-ddb5-4fa4-a97d-d965ccfc6d4b" outcome="Passed" testListId="8c84fa94-04c1-424b-9868-57a2d4851a1d" relativeResultsDirectory="fb4e73c0-b257-470b-a834-a281cc2750ba" />
    <UnitTestResult executionId="d08ad8fe-5462-439f-8cfd-8e9b76777b2a" testId="517f6bab-db57-3dd3-7522-05c4cf2a1a65" testName="backend.Tests.AuthControllerTests.Login_ShouldSucceed_WhenCredentialsAreCorrect" computerName="DESKTOP-KCE3CM5" duration="00:00:00.3372787" startTime="2025-12-15T01:21:14.1159204+01:00" endTime="2025-12-15T01:21:14.1159205+01:00" testType="13cdc9d9-ddb5-4fa4-a97d-d965ccfc6d4b" outcome="Passed" testListId="8c84fa94-04c1-424b-9868-57a2d4851a1d" relativeResultsDirectory="d08ad8fe-5462-439f-8cfd-8e9b76777b2a" />
    <UnitTestResult executionId="f10cc69c-a49a-44cb-899a-a37d60847cb7" testId="82bdeae6-5926-ffb0-1295-279e4b99635f" testName="backend.Tests.PricingServiceTests.CalculateFinalPrice_ShouldReturnOneZloty_WhenDurationIs7Days" computerName="DESKTOP-KCE3CM5" duration="00:00:00.0001118" startTime="2025-12-15T01:21:13.6206064+01:00" endTime="2025-12-15T01:21:13.6206064+01:00" testType="13cdc9d9-ddb5-4fa4-a97d-d965ccfc6d4b" outcome="Passed" testListId="8c84fa94-04c1-424b-9868-57a2d4851a1d" relativeResultsDirectory="f10cc69c-a49a-44cb-899a-a37d60847cb7" />
  </Results>
  <TestDefinitions>
    <UnitTest name="backend.Tests.PricingServiceTests.CalculateFinalPrice_ShouldReturnCorrectAmount(basePrice: 99, duration: &quot;yearly&quot;, billingPeriod: &quot;monthly&quot;, expected: 99)" storage="c:\users\21kuben\desktop\web-project\inzynierka\backend\backend\backend.tests\bin\debug\net8.0\backend.tests.dll" id="06d4ccb0-6ecd-57e2-3c52-bf410233b932">
      <Execution id="e6cc5fa5-3c5e-4f13-8ef0-a0d9c5f40f70" />
      <TestMethod codeBase="C:\Users\21Kuben\Desktop\web-project\Inzynierka\backend\backend\backend.Tests\bin\Debug\net8.0\backend.Tests.dll" adapterTypeName="executor://xunit/VsTestRunner2/netcoreapp" className="backend.Tests.PricingServiceTests" name="CalculateFinalPrice_ShouldReturnCorrectAmount" />
    </UnitTest>
    <UnitTest name="backend.Tests.AccountControllerTests.UpdateProfile_ShouldReturnBadRequest_WhenUserIsUnder18" storage="c:\users\21kuben\desktop\web-project\inzynierka\backend\backend\backend.tests\bin\debug\net8.0\backend.tests.dll" id="c7897678-47cc-3307-e73a-a1c5636d83e5">
      <Execution id="333b6ae4-5a1b-445f-987c-7f3e098aa9df" />
      <TestMethod codeBase="C:\Users\21Kuben\Desktop\web-project\Inzynierka\backend\backend\backend.Tests\bin\Debug\net8.0\backend.Tests.dll" adapterTypeName="executor://xunit/VsTestRunner2/netcoreapp" className="backend.Tests.AccountControllerTests" name="UpdateProfile_ShouldReturnBadRequest_WhenUserIsUnder18" />
    </UnitTest>
    <UnitTest name="backend.Tests.LogServiceTests.LogAsync_ShouldHandleNullUserId" storage="c:\users\21kuben\desktop\web-project\inzynierka\backend\backend\backend.tests\bin\debug\net8.0\backend.tests.dll" id="14cc1016-1fd2-5fad-c474-3eac6bf81bd3">
      <Execution id="f8236aed-8b96-4dc2-ac29-49ab6d179609" />
      <TestMethod codeBase="C:\Users\21Kuben\Desktop\web-project\Inzynierka\backend\backend\backend.Tests\bin\Debug\net8.0\backend.Tests.dll" adapterTypeName="executor://xunit/VsTestRunner2/netcoreapp" className="backend.Tests.LogServiceTests" name="LogAsync_ShouldHandleNullUserId" />
    </UnitTest>
    <UnitTest name="backend.Tests.PasswordResetTokenProviderTests.Options_ShouldHaveCorrectDefaults" storage="c:\users\21kuben\desktop\web-project\inzynierka\backend\backend\backend.tests\bin\debug\net8.0\backend.tests.dll" id="9e5da526-15be-1992-0287-495e10127401">
      <Execution id="1d26bca0-b1af-4dbd-bc41-8d9db4e7fa1b" />
      <TestMethod codeBase="C:\Users\21Kuben\Desktop\web-project\Inzynierka\backend\backend\backend.Tests\bin\Debug\net8.0\backend.Tests.dll" adapterTypeName="executor://xunit/VsTestRunner2/netcoreapp" className="backend.Tests.PasswordResetTokenProviderTests" name="Options_ShouldHaveCorrectDefaults" />
    </UnitTest>
    <UnitTest name="backend.Tests.PricingServiceTests.CalculateFinalPrice_ShouldReturnOneZloty_WhenDurationIs7Days" storage="c:\users\21kuben\desktop\web-project\inzynierka\backend\backend\backend.tests\bin\debug\net8.0\backend.tests.dll" id="82bdeae6-5926-ffb0-1295-279e4b99635f">
      <Execution id="f10cc69c-a49a-44cb-899a-a37d60847cb7" />
      <TestMethod codeBase="C:\Users\21Kuben\Desktop\web-project\Inzynierka\backend\backend\backend.Tests\bin\Debug\net8.0\backend.Tests.dll" adapterTypeName="executor://xunit/VsTestRunner2/netcoreapp" className="backend.Tests.PricingServiceTests" name="CalculateFinalPrice_ShouldReturnOneZloty_WhenDurationIs7Days" />
    </UnitTest>
    <UnitTest name="backend.Tests.NotificationServiceTests.BroadcastToAllUsersAsync_ShouldNotifyEveryoneInDb" storage="c:\users\21kuben\desktop\web-project\inzynierka\backend\backend\backend.tests\bin\debug\net8.0\backend.tests.dll" id="0de8acf2-9760-0ef1-dc11-cb2d80cef712">
      <Execution id="794832eb-4f76-486c-beba-a0944056017c" />
      <TestMethod codeBase="C:\Users\21Kuben\Desktop\web-project\Inzynierka\backend\backend\backend.Tests\bin\Debug\net8.0\backend.Tests.dll" adapterTypeName="executor://xunit/VsTestRunner2/netcoreapp" className="backend.Tests.NotificationServiceTests" name="BroadcastToAllUsersAsync_ShouldNotifyEveryoneInDb" />
    </UnitTest>
    <UnitTest name="backend.Tests.PricingServiceTests.CalculateBasePriceWithRiskFactor_ShouldApplyCorrectMultipliers(basePrice: 100, category: &quot;Indywidualny&quot;, age: 40, expected: 115)" storage="c:\users\21kuben\desktop\web-project\inzynierka\backend\backend\backend.tests\bin\debug\net8.0\backend.tests.dll" id="568b1123-1bea-ef90-1747-5333a7430e39">
      <Execution id="825cfaee-c084-4eee-a32e-ec75f8a5d8fb" />
      <TestMethod codeBase="C:\Users\21Kuben\Desktop\web-project\Inzynierka\backend\backend\backend.Tests\bin\Debug\net8.0\backend.Tests.dll" adapterTypeName="executor://xunit/VsTestRunner2/netcoreapp" className="backend.Tests.PricingServiceTests" name="CalculateBasePriceWithRiskFactor_ShouldApplyCorrectMultipliers" />
    </UnitTest>
    <UnitTest name="backend.Tests.PricingServiceTests.CalculateBasePriceWithRiskFactor_ShouldApplyCorrectMultipliers(basePrice: 100, category: &quot;Biznesowy&quot;, age: 40, expected: 100)" storage="c:\users\21kuben\desktop\web-project\inzynierka\backend\backend\backend.tests\bin\debug\net8.0\backend.tests.dll" id="b83fbe41-e5bd-fefb-2e92-151089ae61a9">
      <Execution id="c243eb87-3674-4184-a796-b14627d16de1" />
      <TestMethod codeBase="C:\Users\21Kuben\Desktop\web-project\Inzynierka\backend\backend\backend.Tests\bin\Debug\net8.0\backend.Tests.dll" adapterTypeName="executor://xunit/VsTestRunner2/netcoreapp" className="backend.Tests.PricingServiceTests" name="CalculateBasePriceWithRiskFactor_ShouldApplyCorrectMultipliers" />
    </UnitTest>
    <UnitTest name="backend.Tests.FavoritesControllerTests.GetMyFavorites_ShouldReturnOnlyUserFavorites" storage="c:\users\21kuben\desktop\web-project\inzynierka\backend\backend\backend.tests\bin\debug\net8.0\backend.tests.dll" id="dd87b4a5-487d-7ddf-2abd-9983111ca95a">
      <Execution id="27579d26-4749-4f73-89f7-2531206a1fe1" />
      <TestMethod codeBase="C:\Users\21Kuben\Desktop\web-project\Inzynierka\backend\backend\backend.Tests\bin\Debug\net8.0\backend.Tests.dll" adapterTypeName="executor://xunit/VsTestRunner2/netcoreapp" className="backend.Tests.FavoritesControllerTests" name="GetMyFavorites_ShouldReturnOnlyUserFavorites" />
    </UnitTest>
    <UnitTest name="backend.Tests.PackagesControllerTests.UpdatePackage_ShouldModifyDbAndLog" storage="c:\users\21kuben\desktop\web-project\inzynierka\backend\backend\backend.tests\bin\debug\net8.0\backend.tests.dll" id="840d6f13-43a3-73dc-0248-02e472a067e3">
      <Execution id="be76397f-9b87-46b6-96fe-33648d8f4d9d" />
      <TestMethod codeBase="C:\Users\21Kuben\Desktop\web-project\Inzynierka\backend\backend\backend.Tests\bin\Debug\net8.0\backend.Tests.dll" adapterTypeName="executor://xunit/VsTestRunner2/netcoreapp" className="backend.Tests.PackagesControllerTests" name="UpdatePackage_ShouldModifyDbAndLog" />
    </UnitTest>
    <UnitTest name="backend.Tests.PricingServiceTests.CalculateFinalPrice_ShouldReturnCorrectAmount(basePrice: 10, duration: &quot;biennial&quot;, billingPeriod: &quot;upfront&quot;, expected: 204)" storage="c:\users\21kuben\desktop\web-project\inzynierka\backend\backend\backend.tests\bin\debug\net8.0\backend.tests.dll" id="37ceb3bd-172e-9c11-a52e-86af6e9cecc7">
      <Execution id="c6048771-36b8-4f0b-997c-24d6c83da6d0" />
      <TestMethod codeBase="C:\Users\21Kuben\Desktop\web-project\Inzynierka\backend\backend\backend.Tests\bin\Debug\net8.0\backend.Tests.dll" adapterTypeName="executor://xunit/VsTestRunner2/netcoreapp" className="backend.Tests.PricingServiceTests" name="CalculateFinalPrice_ShouldReturnCorrectAmount" />
    </UnitTest>
    <UnitTest name="backend.backend.Tests.UserConnectionManagerTests.KeepUserConnection_ShouldBeCaseInsensitive" storage="c:\users\21kuben\desktop\web-project\inzynierka\backend\backend\backend.tests\bin\debug\net8.0\backend.tests.dll" id="d3ed2de6-7eef-ce52-b2c6-a316250e72cb">
      <Execution id="30a67430-89f6-4d40-95e9-eac8cf8bc2e8" />
      <TestMethod codeBase="C:\Users\21Kuben\Desktop\web-project\Inzynierka\backend\backend\backend.Tests\bin\Debug\net8.0\backend.Tests.dll" adapterTypeName="executor://xunit/VsTestRunner2/netcoreapp" className="backend.backend.Tests.UserConnectionManagerTests" name="KeepUserConnection_ShouldBeCaseInsensitive" />
    </UnitTest>
    <UnitTest name="backend.Tests.AuthControllerTests.Login_ShouldFail_WhenPasswordIsWrong" storage="c:\users\21kuben\desktop\web-project\inzynierka\backend\backend\backend.tests\bin\debug\net8.0\backend.tests.dll" id="8c99b516-318f-b793-0628-3e55de949e48">
      <Execution id="df899d78-429d-41f6-b04a-1c1585b0e28e" />
      <TestMethod codeBase="C:\Users\21Kuben\Desktop\web-project\Inzynierka\backend\backend\backend.Tests\bin\Debug\net8.0\backend.Tests.dll" adapterTypeName="executor://xunit/VsTestRunner2/netcoreapp" className="backend.Tests.AuthControllerTests" name="Login_ShouldFail_WhenPasswordIsWrong" />
    </UnitTest>
    <UnitTest name="backend.Tests.PricingServiceTests.CalculateFinalPrice_ShouldReturnCorrectAmount(basePrice: 100, duration: &quot;yearly&quot;, billingPeriod: &quot;upfront&quot;, expected: 1140)" storage="c:\users\21kuben\desktop\web-project\inzynierka\backend\backend\backend.tests\bin\debug\net8.0\backend.tests.dll" id="09fce9dd-6b32-3b12-021f-a02b252c2b0b">
      <Execution id="e182e182-f182-4039-b3c6-e0c70071edb1" />
      <TestMethod codeBase="C:\Users\21Kuben\Desktop\web-project\Inzynierka\backend\backend\backend.Tests\bin\Debug\net8.0\backend.Tests.dll" adapterTypeName="executor://xunit/VsTestRunner2/netcoreapp" className="backend.Tests.PricingServiceTests" name="CalculateFinalPrice_ShouldReturnCorrectAmount" />
    </UnitTest>
    <UnitTest name="backend.Tests.AccountControllerTests.UpdateProfile_ShouldReturnOk_WhenDataIsValid" storage="c:\users\21kuben\desktop\web-project\inzynierka\backend\backend\backend.tests\bin\debug\net8.0\backend.tests.dll" id="e00d2733-5417-7d71-e16a-fc9fed9a743b">
      <Execution id="9984f9e2-2839-42c8-99ca-62b2698d2f32" />
      <TestMethod codeBase="C:\Users\21Kuben\Desktop\web-project\Inzynierka\backend\backend\backend.Tests\bin\Debug\net8.0\backend.Tests.dll" adapterTypeName="executor://xunit/VsTestRunner2/netcoreapp" className="backend.Tests.AccountControllerTests" name="UpdateProfile_ShouldReturnOk_WhenDataIsValid" />
    </UnitTest>
    <UnitTest name="backend.Tests.FavoritesControllerTests.ToggleFavorite_ShouldRemoveFavorite_WhenAlreadyExists" storage="c:\users\21kuben\desktop\web-project\inzynierka\backend\backend\backend.tests\bin\debug\net8.0\backend.tests.dll" id="3f54f33a-b481-9d8d-67ea-6fc744c75015">
      <Execution id="b8c54601-c420-43f6-968e-355d50faf8db" />
      <TestMethod codeBase="C:\Users\21Kuben\Desktop\web-project\Inzynierka\backend\backend\backend.Tests\bin\Debug\net8.0\backend.Tests.dll" adapterTypeName="executor://xunit/VsTestRunner2/netcoreapp" className="backend.Tests.FavoritesControllerTests" name="ToggleFavorite_ShouldRemoveFavorite_WhenAlreadyExists" />
    </UnitTest>
    <UnitTest name="backend.backend.Tests.PdfServiceTests.GenerateCertificate_ShouldNotThrowError_WhenOptionalDataIsMissing" storage="c:\users\21kuben\desktop\web-project\inzynierka\backend\backend\backend.tests\bin\debug\net8.0\backend.tests.dll" id="e4afb0ed-fbc0-6df6-ba14-6e0f57e22c6e">
      <Execution id="51e0199f-4b33-42d7-802b-b5621bb3c406" />
      <TestMethod codeBase="C:\Users\21Kuben\Desktop\web-project\Inzynierka\backend\backend\backend.Tests\bin\Debug\net8.0\backend.Tests.dll" adapterTypeName="executor://xunit/VsTestRunner2/netcoreapp" className="backend.backend.Tests.PdfServiceTests" name="GenerateCertificate_ShouldNotThrowError_WhenOptionalDataIsMissing" />
    </UnitTest>
    <UnitTest name="backend.Tests.PackagesControllerTests.GetPricingOptions_ShouldReturnOptionsFromService" storage="c:\users\21kuben\desktop\web-project\inzynierka\backend\backend\backend.tests\bin\debug\net8.0\backend.tests.dll" id="2fde8d80-4919-9f2c-3c0c-f6c8af1c0643">
      <Execution id="6236d5a0-04b2-4414-b387-2c0e0aaa09ac" />
      <TestMethod codeBase="C:\Users\21Kuben\Desktop\web-project\Inzynierka\backend\backend\backend.Tests\bin\Debug\net8.0\backend.Tests.dll" adapterTypeName="executor://xunit/VsTestRunner2/netcoreapp" className="backend.Tests.PackagesControllerTests" name="GetPricingOptions_ShouldReturnOptionsFromService" />
    </UnitTest>
    <UnitTest name="backend.Tests.AdminControllerTests.GetDashboardStats_ShouldReturnCorrectCounts" storage="c:\users\21kuben\desktop\web-project\inzynierka\backend\backend\backend.tests\bin\debug\net8.0\backend.tests.dll" id="db2a3050-c20d-0766-ea34-c420a6ae5519">
      <Execution id="6b3e3499-62c8-4498-94a7-6c9f7720216f" />
      <TestMethod codeBase="C:\Users\21Kuben\Desktop\web-project\Inzynierka\backend\backend\backend.Tests\bin\Debug\net8.0\backend.Tests.dll" adapterTypeName="executor://xunit/VsTestRunner2/netcoreapp" className="backend.Tests.AdminControllerTests" name="GetDashboardStats_ShouldReturnCorrectCounts" />
    </UnitTest>
    <UnitTest name="backend.Tests.PricingServiceTests.CalculateBasePriceWithRiskFactor_ShouldApplyCorrectMultipliers(basePrice: 100, category: &quot;Indywidualny&quot;, age: 30, expected: 100)" storage="c:\users\21kuben\desktop\web-project\inzynierka\backend\backend\backend.tests\bin\debug\net8.0\backend.tests.dll" id="ddf46821-1129-9f6d-43c9-45de1dc9a9f8">
      <Execution id="4ee403e0-45fc-4b97-a7bf-c6fa65bf1851" />
      <TestMethod codeBase="C:\Users\21Kuben\Desktop\web-project\Inzynierka\backend\backend\backend.Tests\bin\Debug\net8.0\backend.Tests.dll" adapterTypeName="executor://xunit/VsTestRunner2/netcoreapp" className="backend.Tests.PricingServiceTests" name="CalculateBasePriceWithRiskFactor_ShouldApplyCorrectMultipliers" />
    </UnitTest>
    <UnitTest name="backend.Tests.FavoritesControllerTests.ToggleFavorite_ShouldAddFavorite_WhenNotExists" storage="c:\users\21kuben\desktop\web-project\inzynierka\backend\backend\backend.tests\bin\debug\net8.0\backend.tests.dll" id="a03e420e-45ea-08b4-2b56-a94623cccfc1">
      <Execution id="8e75a610-d5af-4ca2-9d75-1a508605a488" />
      <TestMethod codeBase="C:\Users\21Kuben\Desktop\web-project\Inzynierka\backend\backend\backend.Tests\bin\Debug\net8.0\backend.Tests.dll" adapterTypeName="executor://xunit/VsTestRunner2/netcoreapp" className="backend.Tests.FavoritesControllerTests" name="ToggleFavorite_ShouldAddFavorite_WhenNotExists" />
    </UnitTest>
    <UnitTest name="backend.backend.Tests.UserConnectionManagerTests.RemoveUserConnection_ShouldRemoveUser_WhenLastConnectionClosed" storage="c:\users\21kuben\desktop\web-project\inzynierka\backend\backend\backend.tests\bin\debug\net8.0\backend.tests.dll" id="64f660d3-d49f-64fc-c50b-52a0c628d4eb">
      <Execution id="ba54f9ec-6809-4947-8faa-e19b3b5ab730" />
      <TestMethod codeBase="C:\Users\21Kuben\Desktop\web-project\Inzynierka\backend\backend\backend.Tests\bin\Debug\net8.0\backend.Tests.dll" adapterTypeName="executor://xunit/VsTestRunner2/netcoreapp" className="backend.backend.Tests.UserConnectionManagerTests" name="RemoveUserConnection_ShouldRemoveUser_WhenLastConnectionClosed" />
    </UnitTest>
    <UnitTest name="backend.Tests.EmailServiceTests.SendEmailAsync_ShouldAttemptToSend_AndLogFailure_WhenServerIsFake" storage="c:\users\21kuben\desktop\web-project\inzynierka\backend\backend\backend.tests\bin\debug\net8.0\backend.tests.dll" id="3641ebfb-7be4-bc49-7f6b-4b11e7e30320">
      <Execution id="e7da4b25-d3bb-432a-9d72-74b8db1ba094" />
      <TestMethod codeBase="C:\Users\21Kuben\Desktop\web-project\Inzynierka\backend\backend\backend.Tests\bin\Debug\net8.0\backend.Tests.dll" adapterTypeName="executor://xunit/VsTestRunner2/netcoreapp" className="backend.Tests.EmailServiceTests" name="SendEmailAsync_ShouldAttemptToSend_AndLogFailure_WhenServerIsFake" />
    </UnitTest>
    <UnitTest name="backend.Tests.EmailServiceTests.SendEmailAsync_ShouldHandleAttachments_WithoutCrashing" storage="c:\users\21kuben\desktop\web-project\inzynierka\backend\backend\backend.tests\bin\debug\net8.0\backend.tests.dll" id="c8f10b2c-6ce2-8371-aefd-9026c4f349b8">
      <Execution id="2b1b2fc0-62e5-42f9-8568-a9366b0fb86d" />
      <TestMethod codeBase="C:\Users\21Kuben\Desktop\web-project\Inzynierka\backend\backend\backend.Tests\bin\Debug\net8.0\backend.Tests.dll" adapterTypeName="executor://xunit/VsTestRunner2/netcoreapp" className="backend.Tests.EmailServiceTests" name="SendEmailAsync_ShouldHandleAttachments_WithoutCrashing" />
    </UnitTest>
    <UnitTest name="backend.Tests.PricingServiceTests.CalculateFinalPrice_ShouldReturnCorrectAmount(basePrice: 100, duration: &quot;biennial&quot;, billingPeriod: &quot;upfront&quot;, expected: 2040)" storage="c:\users\21kuben\desktop\web-project\inzynierka\backend\backend\backend.tests\bin\debug\net8.0\backend.tests.dll" id="311f430b-8702-833e-f2f2-b4c659bdc5a5">
      <Execution id="9727122f-ebee-4a72-8bbd-cd3026e60c60" />
      <TestMethod codeBase="C:\Users\21Kuben\Desktop\web-project\Inzynierka\backend\backend\backend.Tests\bin\Debug\net8.0\backend.Tests.dll" adapterTypeName="executor://xunit/VsTestRunner2/netcoreapp" className="backend.Tests.PricingServiceTests" name="CalculateFinalPrice_ShouldReturnCorrectAmount" />
    </UnitTest>
    <UnitTest name="backend.Tests.PricingServiceTests.CalculateBasePriceWithRiskFactor_ShouldApplyCorrectMultipliers(basePrice: 100, category: &quot;Indywidualny&quot;, age: 20, expected: 100)" storage="c:\users\21kuben\desktop\web-project\inzynierka\backend\backend\backend.tests\bin\debug\net8.0\backend.tests.dll" id="36773925-af73-4e19-f95d-9a8ab5814bb0">
      <Execution id="e7ae5b42-bff3-4573-a625-2986cd8c6d5f" />
      <TestMethod codeBase="C:\Users\21Kuben\Desktop\web-project\Inzynierka\backend\backend\backend.Tests\bin\Debug\net8.0\backend.Tests.dll" adapterTypeName="executor://xunit/VsTestRunner2/netcoreapp" className="backend.Tests.PricingServiceTests" name="CalculateBasePriceWithRiskFactor_ShouldApplyCorrectMultipliers" />
    </UnitTest>
    <UnitTest name="backend.backend.Tests.PdfServiceTests.GenerateCertificate_ShouldReturnPdfBytes_WhenAllDataIsProvided" storage="c:\users\21kuben\desktop\web-project\inzynierka\backend\backend\backend.tests\bin\debug\net8.0\backend.tests.dll" id="59ea6ed0-4e2a-8ca1-9630-33cd51343c8a">
      <Execution id="41d382af-060b-4fa4-a715-a8eb5cada54c" />
      <TestMethod codeBase="C:\Users\21Kuben\Desktop\web-project\Inzynierka\backend\backend\backend.Tests\bin\Debug\net8.0\backend.Tests.dll" adapterTypeName="executor://xunit/VsTestRunner2/netcoreapp" className="backend.backend.Tests.PdfServiceTests" name="GenerateCertificate_ShouldReturnPdfBytes_WhenAllDataIsProvided" />
    </UnitTest>
    <UnitTest name="backend.Tests.AdminControllerTests.LockUser_ShouldFail_WhenAdminTriesToLockAnotherAdmin" storage="c:\users\21kuben\desktop\web-project\inzynierka\backend\backend\backend.tests\bin\debug\net8.0\backend.tests.dll" id="7f33902a-0b09-2d0d-f3da-ba52ea0cdc42">
      <Execution id="74fc55b1-9fcf-44f6-946e-b7f22b89ea64" />
      <TestMethod codeBase="C:\Users\21Kuben\Desktop\web-project\Inzynierka\backend\backend\backend.Tests\bin\Debug\net8.0\backend.Tests.dll" adapterTypeName="executor://xunit/VsTestRunner2/netcoreapp" className="backend.Tests.AdminControllerTests" name="LockUser_ShouldFail_WhenAdminTriesToLockAnotherAdmin" />
    </UnitTest>
    <UnitTest name="backend.Tests.PricingServiceTests.CalculateBasePriceWithRiskFactor_ShouldApplyCorrectMultipliers(basePrice: 100, category: &quot;Indywidualny&quot;, age: 60, expected: 155)" storage="c:\users\21kuben\desktop\web-project\inzynierka\backend\backend\backend.tests\bin\debug\net8.0\backend.tests.dll" id="65d3676d-fc3e-aab2-bee6-74ff1d9ec238">
      <Execution id="65a7baad-cf80-4e81-9391-2502350b82bb" />
      <TestMethod codeBase="C:\Users\21Kuben\Desktop\web-project\Inzynierka\backend\backend\backend.Tests\bin\Debug\net8.0\backend.Tests.dll" adapterTypeName="executor://xunit/VsTestRunner2/netcoreapp" className="backend.Tests.PricingServiceTests" name="CalculateBasePriceWithRiskFactor_ShouldApplyCorrectMultipliers" />
    </UnitTest>
    <UnitTest name="backend.Tests.AuthControllerTests.Register_ShouldSucceed_WhenDataIsCorrect" storage="c:\users\21kuben\desktop\web-project\inzynierka\backend\backend\backend.tests\bin\debug\net8.0\backend.tests.dll" id="bb4ec92b-2f39-5601-2281-d1b3c8c44188">
      <Execution id="21fdbd7f-c2c4-435a-b926-5633664a855d" />
      <TestMethod codeBase="C:\Users\21Kuben\Desktop\web-project\Inzynierka\backend\backend\backend.Tests\bin\Debug\net8.0\backend.Tests.dll" adapterTypeName="executor://xunit/VsTestRunner2/netcoreapp" className="backend.Tests.AuthControllerTests" name="Register_ShouldSucceed_WhenDataIsCorrect" />
    </UnitTest>
    <UnitTest name="backend.Tests.PackagesControllerTests.GetPackages_ShouldReturnAllPackages" storage="c:\users\21kuben\desktop\web-project\inzynierka\backend\backend\backend.tests\bin\debug\net8.0\backend.tests.dll" id="7738d824-a503-f166-d65a-aedcdc281d9d">
      <Execution id="1dce8ccb-ed20-4eb9-b0b2-0b6858ca5522" />
      <TestMethod codeBase="C:\Users\21Kuben\Desktop\web-project\Inzynierka\backend\backend\backend.Tests\bin\Debug\net8.0\backend.Tests.dll" adapterTypeName="executor://xunit/VsTestRunner2/netcoreapp" className="backend.Tests.PackagesControllerTests" name="GetPackages_ShouldReturnAllPackages" />
    </UnitTest>
    <UnitTest name="backend.Tests.PricingServiceTests.CalculateFinalPrice_ShouldReturnCorrectAmount(basePrice: 50, duration: &quot;yearly&quot;, billingPeriod: &quot;upfront&quot;, expected: 570)" storage="c:\users\21kuben\desktop\web-project\inzynierka\backend\backend\backend.tests\bin\debug\net8.0\backend.tests.dll" id="b294224f-3502-75b2-20a1-ac9e314d967d">
      <Execution id="bce1dd1b-476e-472c-b21c-d0836d85a87b" />
      <TestMethod codeBase="C:\Users\21Kuben\Desktop\web-project\Inzynierka\backend\backend\backend.Tests\bin\Debug\net8.0\backend.Tests.dll" adapterTypeName="executor://xunit/VsTestRunner2/netcoreapp" className="backend.Tests.PricingServiceTests" name="CalculateFinalPrice_ShouldReturnCorrectAmount" />
    </UnitTest>
    <UnitTest name="backend.Tests.NotificationServiceTests.CreateNotificationAsync_ShouldAddOneNotificationToDb" storage="c:\users\21kuben\desktop\web-project\inzynierka\backend\backend\backend.tests\bin\debug\net8.0\backend.tests.dll" id="1a7e4847-65f6-9317-45e9-57895cf098b4">
      <Execution id="e79f7fdb-8d1d-4e86-bcc1-295a870b9edc" />
      <TestMethod codeBase="C:\Users\21Kuben\Desktop\web-project\Inzynierka\backend\backend\backend.Tests\bin\Debug\net8.0\backend.Tests.dll" adapterTypeName="executor://xunit/VsTestRunner2/netcoreapp" className="backend.Tests.NotificationServiceTests" name="CreateNotificationAsync_ShouldAddOneNotificationToDb" />
    </UnitTest>
    <UnitTest name="backend.backend.Tests.UserConnectionManagerTests.KeepUserConnection_ShouldAddUserToOnlineList" storage="c:\users\21kuben\desktop\web-project\inzynierka\backend\backend\backend.tests\bin\debug\net8.0\backend.tests.dll" id="93f0a8cf-6e81-9eb4-4f03-c27f36759df8">
      <Execution id="e10e168c-fd4c-40e1-a892-bdac3af288f4" />
      <TestMethod codeBase="C:\Users\21Kuben\Desktop\web-project\Inzynierka\backend\backend\backend.Tests\bin\Debug\net8.0\backend.Tests.dll" adapterTypeName="executor://xunit/VsTestRunner2/netcoreapp" className="backend.backend.Tests.UserConnectionManagerTests" name="KeepUserConnection_ShouldAddUserToOnlineList" />
    </UnitTest>
    <UnitTest name="backend.Tests.LogServiceTests.LogAsync_ShouldSaveLogToDatabase_WhenDataIsCorrect" storage="c:\users\21kuben\desktop\web-project\inzynierka\backend\backend\backend.tests\bin\debug\net8.0\backend.tests.dll" id="a93333e2-0980-2760-711a-48e08a3a4f67">
      <Execution id="c5ab87aa-27ac-46ce-8b74-b3f133fe1d1f" />
      <TestMethod codeBase="C:\Users\21Kuben\Desktop\web-project\Inzynierka\backend\backend\backend.Tests\bin\Debug\net8.0\backend.Tests.dll" adapterTypeName="executor://xunit/VsTestRunner2/netcoreapp" className="backend.Tests.LogServiceTests" name="LogAsync_ShouldSaveLogToDatabase_WhenDataIsCorrect" />
    </UnitTest>
    <UnitTest name="backend.Tests.AuthControllerTests.Login_ShouldSucceed_WhenCredentialsAreCorrect" storage="c:\users\21kuben\desktop\web-project\inzynierka\backend\backend\backend.tests\bin\debug\net8.0\backend.tests.dll" id="517f6bab-db57-3dd3-7522-05c4cf2a1a65">
      <Execution id="d08ad8fe-5462-439f-8cfd-8e9b76777b2a" />
      <TestMethod codeBase="C:\Users\21Kuben\Desktop\web-project\Inzynierka\backend\backend\backend.Tests\bin\Debug\net8.0\backend.Tests.dll" adapterTypeName="executor://xunit/VsTestRunner2/netcoreapp" className="backend.Tests.AuthControllerTests" name="Login_ShouldSucceed_WhenCredentialsAreCorrect" />
    </UnitTest>
    <UnitTest name="backend.Tests.PackagesControllerTests.CreatePackage_ShouldAddToDbAndLog" storage="c:\users\21kuben\desktop\web-project\inzynierka\backend\backend\backend.tests\bin\debug\net8.0\backend.tests.dll" id="1b3fa396-e7b4-ae72-597e-b8e9e9d1028a">
      <Execution id="486a97de-6e3c-4ce7-8565-f1ba555eb140" />
      <TestMethod codeBase="C:\Users\21Kuben\Desktop\web-project\Inzynierka\backend\backend\backend.Tests\bin\Debug\net8.0\backend.Tests.dll" adapterTypeName="executor://xunit/VsTestRunner2/netcoreapp" className="backend.Tests.PackagesControllerTests" name="CreatePackage_ShouldAddToDbAndLog" />
    </UnitTest>
    <UnitTest name="backend.Tests.PackagesControllerTests.GetPackage_ShouldReturnPackage_WhenIdExists" storage="c:\users\21kuben\desktop\web-project\inzynierka\backend\backend\backend.tests\bin\debug\net8.0\backend.tests.dll" id="52bc6620-548f-a6ea-441b-e71b786d9162">
      <Execution id="abff4cce-e1c3-4286-821a-4bcf4e6c09c4" />
      <TestMethod codeBase="C:\Users\21Kuben\Desktop\web-project\Inzynierka\backend\backend\backend.Tests\bin\Debug\net8.0\backend.Tests.dll" adapterTypeName="executor://xunit/VsTestRunner2/netcoreapp" className="backend.Tests.PackagesControllerTests" name="GetPackage_ShouldReturnPackage_WhenIdExists" />
    </UnitTest>
    <UnitTest name="backend.Tests.LogServiceTests.LogAsync_ShouldMarkAsSensitive_WhenFlagIsTrue" storage="c:\users\21kuben\desktop\web-project\inzynierka\backend\backend\backend.tests\bin\debug\net8.0\backend.tests.dll" id="684fae4f-1267-9acd-1e71-da072c48bfc9">
      <Execution id="a4fee9ae-b588-422a-902c-e7423608ed0f" />
      <TestMethod codeBase="C:\Users\21Kuben\Desktop\web-project\Inzynierka\backend\backend\backend.Tests\bin\Debug\net8.0\backend.Tests.dll" adapterTypeName="executor://xunit/VsTestRunner2/netcoreapp" className="backend.Tests.LogServiceTests" name="LogAsync_ShouldMarkAsSensitive_WhenFlagIsTrue" />
    </UnitTest>
    <UnitTest name="backend.Tests.PricingServiceTests.CalculateFinalPrice_ShouldReturnCorrectAmount(basePrice: 69, duration: &quot;7d&quot;, billingPeriod: &quot;upfront&quot;, expected: 1)" storage="c:\users\21kuben\desktop\web-project\inzynierka\backend\backend\backend.tests\bin\debug\net8.0\backend.tests.dll" id="5b61c1c2-d3e7-00f9-39ab-050d29660eae">
      <Execution id="91be989c-f7d5-42b4-a322-30d4b3246771" />
      <TestMethod codeBase="C:\Users\21Kuben\Desktop\web-project\Inzynierka\backend\backend\backend.Tests\bin\Debug\net8.0\backend.Tests.dll" adapterTypeName="executor://xunit/VsTestRunner2/netcoreapp" className="backend.Tests.PricingServiceTests" name="CalculateFinalPrice_ShouldReturnCorrectAmount" />
    </UnitTest>
    <UnitTest name="backend.Tests.NotificationServiceTests.NotifyAllAdminsAsync_ShouldDoNothing_WhenNoAdminsExist" storage="c:\users\21kuben\desktop\web-project\inzynierka\backend\backend\backend.tests\bin\debug\net8.0\backend.tests.dll" id="d0d26361-86b6-6918-a751-f6af266de81e">
      <Execution id="541749a3-3f66-4f47-9bd5-e5a427ad4bab" />
      <TestMethod codeBase="C:\Users\21Kuben\Desktop\web-project\Inzynierka\backend\backend\backend.Tests\bin\Debug\net8.0\backend.Tests.dll" adapterTypeName="executor://xunit/VsTestRunner2/netcoreapp" className="backend.Tests.NotificationServiceTests" name="NotifyAllAdminsAsync_ShouldDoNothing_WhenNoAdminsExist" />
    </UnitTest>
    <UnitTest name="backend.backend.Tests.UserConnectionManagerTests.KeepUserConnection_ShouldStoreMultipleConnections_ForSameUser" storage="c:\users\21kuben\desktop\web-project\inzynierka\backend\backend\backend.tests\bin\debug\net8.0\backend.tests.dll" id="171e9e01-50ed-4f05-4203-ac10dec3c163">
      <Execution id="0b2237d1-3a4a-481b-b12b-964f97cc68e2" />
      <TestMethod codeBase="C:\Users\21Kuben\Desktop\web-project\Inzynierka\backend\backend\backend.Tests\bin\Debug\net8.0\backend.Tests.dll" adapterTypeName="executor://xunit/VsTestRunner2/netcoreapp" className="backend.backend.Tests.UserConnectionManagerTests" name="KeepUserConnection_ShouldStoreMultipleConnections_ForSameUser" />
    </UnitTest>
    <UnitTest name="backend.Tests.PasswordResetTokenProviderTests.Provider_ShouldInitializeCorrectly" storage="c:\users\21kuben\desktop\web-project\inzynierka\backend\backend\backend.tests\bin\debug\net8.0\backend.tests.dll" id="ceb1155c-7144-d228-d059-e0b6aa1680d1">
      <Execution id="26ee6d55-9812-4679-b663-49f35fa91197" />
      <TestMethod codeBase="C:\Users\21Kuben\Desktop\web-project\Inzynierka\backend\backend\backend.Tests\bin\Debug\net8.0\backend.Tests.dll" adapterTypeName="executor://xunit/VsTestRunner2/netcoreapp" className="backend.Tests.PasswordResetTokenProviderTests" name="Provider_ShouldInitializeCorrectly" />
    </UnitTest>
    <UnitTest name="backend.Tests.PackagesControllerTests.DeletePackage_ShouldRemoveFromDbAndLog" storage="c:\users\21kuben\desktop\web-project\inzynierka\backend\backend\backend.tests\bin\debug\net8.0\backend.tests.dll" id="4c392eba-9e7d-94c0-d161-6200375990d9">
      <Execution id="60054e97-b435-45a5-a059-7f86054776bd" />
      <TestMethod codeBase="C:\Users\21Kuben\Desktop\web-project\Inzynierka\backend\backend\backend.Tests\bin\Debug\net8.0\backend.Tests.dll" adapterTypeName="executor://xunit/VsTestRunner2/netcoreapp" className="backend.Tests.PackagesControllerTests" name="DeletePackage_ShouldRemoveFromDbAndLog" />
    </UnitTest>
    <UnitTest name="backend.Tests.PricingServiceTests.CalculateFinalPrice_ShouldReturnCorrectAmount(basePrice: 169, duration: &quot;biennial&quot;, billingPeriod: &quot;monthly&quot;, expected: 169)" storage="c:\users\21kuben\desktop\web-project\inzynierka\backend\backend\backend.tests\bin\debug\net8.0\backend.tests.dll" id="ba70ecaa-1be4-8cf3-b944-9d25bbc946d0">
      <Execution id="c4929255-84df-4fb5-a3ae-f13244337fed" />
      <TestMethod codeBase="C:\Users\21Kuben\Desktop\web-project\Inzynierka\backend\backend\backend.Tests\bin\Debug\net8.0\backend.Tests.dll" adapterTypeName="executor://xunit/VsTestRunner2/netcoreapp" className="backend.Tests.PricingServiceTests" name="CalculateFinalPrice_ShouldReturnCorrectAmount" />
    </UnitTest>
    <UnitTest name="backend.Tests.AdminControllerTests.GetLogs_ShouldHideSensitiveLogs_ForRegularAdmin" storage="c:\users\21kuben\desktop\web-project\inzynierka\backend\backend\backend.tests\bin\debug\net8.0\backend.tests.dll" id="56fc3619-cef4-2d15-367b-aba300ac4430">
      <Execution id="87c43884-df73-41a1-8e82-7ffe780e701a" />
      <TestMethod codeBase="C:\Users\21Kuben\Desktop\web-project\Inzynierka\backend\backend\backend.Tests\bin\Debug\net8.0\backend.Tests.dll" adapterTypeName="executor://xunit/VsTestRunner2/netcoreapp" className="backend.Tests.AdminControllerTests" name="GetLogs_ShouldHideSensitiveLogs_ForRegularAdmin" />
    </UnitTest>
    <UnitTest name="backend.Tests.PackagesControllerTests.GetPackage_ShouldReturnNotFound_WhenIdDoesNotExist" storage="c:\users\21kuben\desktop\web-project\inzynierka\backend\backend\backend.tests\bin\debug\net8.0\backend.tests.dll" id="95a71f6e-9e41-edbd-53a9-6562a7b3f211">
      <Execution id="0e5702dc-9f93-4e6d-a31b-6a5acd7f559a" />
      <TestMethod codeBase="C:\Users\21Kuben\Desktop\web-project\Inzynierka\backend\backend\backend.Tests\bin\Debug\net8.0\backend.Tests.dll" adapterTypeName="executor://xunit/VsTestRunner2/netcoreapp" className="backend.Tests.PackagesControllerTests" name="GetPackage_ShouldReturnNotFound_WhenIdDoesNotExist" />
    </UnitTest>
    <UnitTest name="backend.Tests.LogServiceTests.LogAsync_ShouldDefaultToSystem_WhenUserNameIsNull" storage="c:\users\21kuben\desktop\web-project\inzynierka\backend\backend\backend.tests\bin\debug\net8.0\backend.tests.dll" id="e5f5f809-a794-ca9f-7915-0760e75d1870">
      <Execution id="e9f46bbf-ea59-4c67-aa60-94f58259a36e" />
      <TestMethod codeBase="C:\Users\21Kuben\Desktop\web-project\Inzynierka\backend\backend\backend.Tests\bin\Debug\net8.0\backend.Tests.dll" adapterTypeName="executor://xunit/VsTestRunner2/netcoreapp" className="backend.Tests.LogServiceTests" name="LogAsync_ShouldDefaultToSystem_WhenUserNameIsNull" />
    </UnitTest>
    <UnitTest name="backend.Tests.SubscriptionExpirationWorkerTests.ExecuteAsync_ShouldProcessExpiringSubscriptions" storage="c:\users\21kuben\desktop\web-project\inzynierka\backend\backend\backend.tests\bin\debug\net8.0\backend.tests.dll" id="3742c538-16d7-f3de-46d1-f04fa7fb1708">
      <Execution id="a021ef0a-5f41-4d85-b41f-10305e7b8c3b" />
      <TestMethod codeBase="C:\Users\21Kuben\Desktop\web-project\Inzynierka\backend\backend\backend.Tests\bin\Debug\net8.0\backend.Tests.dll" adapterTypeName="executor://xunit/VsTestRunner2/netcoreapp" className="backend.Tests.SubscriptionExpirationWorkerTests" name="ExecuteAsync_ShouldProcessExpiringSubscriptions" />
    </UnitTest>
    <UnitTest name="backend.Tests.FavoritesControllerTests.IsFavorite_ShouldReturnTrue_IfFavoriteExists" storage="c:\users\21kuben\desktop\web-project\inzynierka\backend\backend\backend.tests\bin\debug\net8.0\backend.tests.dll" id="4c48772d-455c-651a-58cd-617cf80928ed">
      <Execution id="6d5ae181-fe7a-45d7-8b00-c63d72771f1f" />
      <TestMethod codeBase="C:\Users\21Kuben\Desktop\web-project\Inzynierka\backend\backend\backend.Tests\bin\Debug\net8.0\backend.Tests.dll" adapterTypeName="executor://xunit/VsTestRunner2/netcoreapp" className="backend.Tests.FavoritesControllerTests" name="IsFavorite_ShouldReturnTrue_IfFavoriteExists" />
    </UnitTest>
    <UnitTest name="backend.Tests.PricingServiceTests.CalculateFinalPrice_ShouldReturnCorrectAmount(basePrice: 450, duration: &quot;7d&quot;, billingPeriod: &quot;upfront&quot;, expected: 1)" storage="c:\users\21kuben\desktop\web-project\inzynierka\backend\backend\backend.tests\bin\debug\net8.0\backend.tests.dll" id="20e398eb-1ed8-67c5-567b-b02887bacf81">
      <Execution id="e4fe507a-e460-47ba-8f5b-a71c947b78f7" />
      <TestMethod codeBase="C:\Users\21Kuben\Desktop\web-project\Inzynierka\backend\backend\backend.Tests\bin\Debug\net8.0\backend.Tests.dll" adapterTypeName="executor://xunit/VsTestRunner2/netcoreapp" className="backend.Tests.PricingServiceTests" name="CalculateFinalPrice_ShouldReturnCorrectAmount" />
    </UnitTest>
    <UnitTest name="backend.Tests.PricingServiceTests.CalculateFinalPrice_ShouldReturnCorrectAmount(basePrice: 69, duration: &quot;yearly&quot;, billingPeriod: &quot;monthly&quot;, expected: 69)" storage="c:\users\21kuben\desktop\web-project\inzynierka\backend\backend\backend.tests\bin\debug\net8.0\backend.tests.dll" id="8f468b58-05c5-a627-d295-c518484d896b">
      <Execution id="fb4e73c0-b257-470b-a834-a281cc2750ba" />
      <TestMethod codeBase="C:\Users\21Kuben\Desktop\web-project\Inzynierka\backend\backend\backend.Tests\bin\Debug\net8.0\backend.Tests.dll" adapterTypeName="executor://xunit/VsTestRunner2/netcoreapp" className="backend.Tests.PricingServiceTests" name="CalculateFinalPrice_ShouldReturnCorrectAmount" />
    </UnitTest>
    <UnitTest name="backend.Tests.NotificationServiceTests.NotifyAllAdminsAsync_ShouldCreateNotificationsOnlyForAdmins" storage="c:\users\21kuben\desktop\web-project\inzynierka\backend\backend\backend.tests\bin\debug\net8.0\backend.tests.dll" id="3229b200-0cc3-b781-3425-5b97c0a15f03">
      <Execution id="9ee59072-1827-4e19-a4ad-2736ef096ac0" />
      <TestMethod codeBase="C:\Users\21Kuben\Desktop\web-project\Inzynierka\backend\backend\backend.Tests\bin\Debug\net8.0\backend.Tests.dll" adapterTypeName="executor://xunit/VsTestRunner2/netcoreapp" className="backend.Tests.NotificationServiceTests" name="NotifyAllAdminsAsync_ShouldCreateNotificationsOnlyForAdmins" />
    </UnitTest>
    <UnitTest name="backend.Tests.FavoritesControllerTests.IsFavorite_ShouldReturnFalse_IfFavoriteDoesNotExist" storage="c:\users\21kuben\desktop\web-project\inzynierka\backend\backend\backend.tests\bin\debug\net8.0\backend.tests.dll" id="1f70a0cb-1e89-b235-cfd5-ec8f34f73d98">
      <Execution id="a0a8e932-ca25-4a64-a826-0fe313c6056e" />
      <TestMethod codeBase="C:\Users\21Kuben\Desktop\web-project\Inzynierka\backend\backend\backend.Tests\bin\Debug\net8.0\backend.Tests.dll" adapterTypeName="executor://xunit/VsTestRunner2/netcoreapp" className="backend.Tests.FavoritesControllerTests" name="IsFavorite_ShouldReturnFalse_IfFavoriteDoesNotExist" />
    </UnitTest>
    <UnitTest name="backend.Tests.PricingServiceTests.CalculateFinalPrice_ShouldReturnBasePrice_WhenBillingIsMonthly" storage="c:\users\21kuben\desktop\web-project\inzynierka\backend\backend\backend.tests\bin\debug\net8.0\backend.tests.dll" id="85eef496-9705-bbac-0fbf-2907c463f47c">
      <Execution id="86a13992-d481-4c83-9c90-a2dd1db83095" />
      <TestMethod codeBase="C:\Users\21Kuben\Desktop\web-project\Inzynierka\backend\backend\backend.Tests\bin\Debug\net8.0\backend.Tests.dll" adapterTypeName="executor://xunit/VsTestRunner2/netcoreapp" className="backend.Tests.PricingServiceTests" name="CalculateFinalPrice_ShouldReturnBasePrice_WhenBillingIsMonthly" />
    </UnitTest>
  </TestDefinitions>
  <TestEntries>
    <TestEntry testId="4c48772d-455c-651a-58cd-617cf80928ed" executionId="6d5ae181-fe7a-45d7-8b00-c63d72771f1f" testListId="8c84fa94-04c1-424b-9868-57a2d4851a1d" />
    <TestEntry testId="d3ed2de6-7eef-ce52-b2c6-a316250e72cb" executionId="30a67430-89f6-4d40-95e9-eac8cf8bc2e8" testListId="8c84fa94-04c1-424b-9868-57a2d4851a1d" />
    <TestEntry testId="b294224f-3502-75b2-20a1-ac9e314d967d" executionId="bce1dd1b-476e-472c-b21c-d0836d85a87b" testListId="8c84fa94-04c1-424b-9868-57a2d4851a1d" />
    <TestEntry testId="bb4ec92b-2f39-5601-2281-d1b3c8c44188" executionId="21fdbd7f-c2c4-435a-b926-5633664a855d" testListId="8c84fa94-04c1-424b-9868-57a2d4851a1d" />
    <TestEntry testId="c7897678-47cc-3307-e73a-a1c5636d83e5" executionId="333b6ae4-5a1b-445f-987c-7f3e098aa9df" testListId="8c84fa94-04c1-424b-9868-57a2d4851a1d" />
    <TestEntry testId="64f660d3-d49f-64fc-c50b-52a0c628d4eb" executionId="ba54f9ec-6809-4947-8faa-e19b3b5ab730" testListId="8c84fa94-04c1-424b-9868-57a2d4851a1d" />
    <TestEntry testId="3742c538-16d7-f3de-46d1-f04fa7fb1708" executionId="a021ef0a-5f41-4d85-b41f-10305e7b8c3b" testListId="8c84fa94-04c1-424b-9868-57a2d4851a1d" />
    <TestEntry testId="ddf46821-1129-9f6d-43c9-45de1dc9a9f8" executionId="4ee403e0-45fc-4b97-a7bf-c6fa65bf1851" testListId="8c84fa94-04c1-424b-9868-57a2d4851a1d" />
    <TestEntry testId="56fc3619-cef4-2d15-367b-aba300ac4430" executionId="87c43884-df73-41a1-8e82-7ffe780e701a" testListId="8c84fa94-04c1-424b-9868-57a2d4851a1d" />
    <TestEntry testId="0de8acf2-9760-0ef1-dc11-cb2d80cef712" executionId="794832eb-4f76-486c-beba-a0944056017c" testListId="8c84fa94-04c1-424b-9868-57a2d4851a1d" />
    <TestEntry testId="36773925-af73-4e19-f95d-9a8ab5814bb0" executionId="e7ae5b42-bff3-4573-a625-2986cd8c6d5f" testListId="8c84fa94-04c1-424b-9868-57a2d4851a1d" />
    <TestEntry testId="2fde8d80-4919-9f2c-3c0c-f6c8af1c0643" executionId="6236d5a0-04b2-4414-b387-2c0e0aaa09ac" testListId="8c84fa94-04c1-424b-9868-57a2d4851a1d" />
    <TestEntry testId="14cc1016-1fd2-5fad-c474-3eac6bf81bd3" executionId="f8236aed-8b96-4dc2-ac29-49ab6d179609" testListId="8c84fa94-04c1-424b-9868-57a2d4851a1d" />
    <TestEntry testId="171e9e01-50ed-4f05-4203-ac10dec3c163" executionId="0b2237d1-3a4a-481b-b12b-964f97cc68e2" testListId="8c84fa94-04c1-424b-9868-57a2d4851a1d" />
    <TestEntry testId="37ceb3bd-172e-9c11-a52e-86af6e9cecc7" executionId="c6048771-36b8-4f0b-997c-24d6c83da6d0" testListId="8c84fa94-04c1-424b-9868-57a2d4851a1d" />
    <TestEntry testId="dd87b4a5-487d-7ddf-2abd-9983111ca95a" executionId="27579d26-4749-4f73-89f7-2531206a1fe1" testListId="8c84fa94-04c1-424b-9868-57a2d4851a1d" />
    <TestEntry testId="85eef496-9705-bbac-0fbf-2907c463f47c" executionId="86a13992-d481-4c83-9c90-a2dd1db83095" testListId="8c84fa94-04c1-424b-9868-57a2d4851a1d" />
    <TestEntry testId="9e5da526-15be-1992-0287-495e10127401" executionId="1d26bca0-b1af-4dbd-bc41-8d9db4e7fa1b" testListId="8c84fa94-04c1-424b-9868-57a2d4851a1d" />
    <TestEntry testId="3641ebfb-7be4-bc49-7f6b-4b11e7e30320" executionId="e7da4b25-d3bb-432a-9d72-74b8db1ba094" testListId="8c84fa94-04c1-424b-9868-57a2d4851a1d" />
    <TestEntry testId="ceb1155c-7144-d228-d059-e0b6aa1680d1" executionId="26ee6d55-9812-4679-b663-49f35fa91197" testListId="8c84fa94-04c1-424b-9868-57a2d4851a1d" />
    <TestEntry testId="e4afb0ed-fbc0-6df6-ba14-6e0f57e22c6e" executionId="51e0199f-4b33-42d7-802b-b5621bb3c406" testListId="8c84fa94-04c1-424b-9868-57a2d4851a1d" />
    <TestEntry testId="7f33902a-0b09-2d0d-f3da-ba52ea0cdc42" executionId="74fc55b1-9fcf-44f6-946e-b7f22b89ea64" testListId="8c84fa94-04c1-424b-9868-57a2d4851a1d" />
    <TestEntry testId="b83fbe41-e5bd-fefb-2e92-151089ae61a9" executionId="c243eb87-3674-4184-a796-b14627d16de1" testListId="8c84fa94-04c1-424b-9868-57a2d4851a1d" />
    <TestEntry testId="93f0a8cf-6e81-9eb4-4f03-c27f36759df8" executionId="e10e168c-fd4c-40e1-a892-bdac3af288f4" testListId="8c84fa94-04c1-424b-9868-57a2d4851a1d" />
    <TestEntry testId="e00d2733-5417-7d71-e16a-fc9fed9a743b" executionId="9984f9e2-2839-42c8-99ca-62b2698d2f32" testListId="8c84fa94-04c1-424b-9868-57a2d4851a1d" />
    <TestEntry testId="52bc6620-548f-a6ea-441b-e71b786d9162" executionId="abff4cce-e1c3-4286-821a-4bcf4e6c09c4" testListId="8c84fa94-04c1-424b-9868-57a2d4851a1d" />
    <TestEntry testId="4c392eba-9e7d-94c0-d161-6200375990d9" executionId="60054e97-b435-45a5-a059-7f86054776bd" testListId="8c84fa94-04c1-424b-9868-57a2d4851a1d" />
    <TestEntry testId="a93333e2-0980-2760-711a-48e08a3a4f67" executionId="c5ab87aa-27ac-46ce-8b74-b3f133fe1d1f" testListId="8c84fa94-04c1-424b-9868-57a2d4851a1d" />
    <TestEntry testId="7738d824-a503-f166-d65a-aedcdc281d9d" executionId="1dce8ccb-ed20-4eb9-b0b2-0b6858ca5522" testListId="8c84fa94-04c1-424b-9868-57a2d4851a1d" />
    <TestEntry testId="1a7e4847-65f6-9317-45e9-57895cf098b4" executionId="e79f7fdb-8d1d-4e86-bcc1-295a870b9edc" testListId="8c84fa94-04c1-424b-9868-57a2d4851a1d" />
    <TestEntry testId="1f70a0cb-1e89-b235-cfd5-ec8f34f73d98" executionId="a0a8e932-ca25-4a64-a826-0fe313c6056e" testListId="8c84fa94-04c1-424b-9868-57a2d4851a1d" />
    <TestEntry testId="db2a3050-c20d-0766-ea34-c420a6ae5519" executionId="6b3e3499-62c8-4498-94a7-6c9f7720216f" testListId="8c84fa94-04c1-424b-9868-57a2d4851a1d" />
    <TestEntry testId="568b1123-1bea-ef90-1747-5333a7430e39" executionId="825cfaee-c084-4eee-a32e-ec75f8a5d8fb" testListId="8c84fa94-04c1-424b-9868-57a2d4851a1d" />
    <TestEntry testId="684fae4f-1267-9acd-1e71-da072c48bfc9" executionId="a4fee9ae-b588-422a-902c-e7423608ed0f" testListId="8c84fa94-04c1-424b-9868-57a2d4851a1d" />
    <TestEntry testId="1b3fa396-e7b4-ae72-597e-b8e9e9d1028a" executionId="486a97de-6e3c-4ce7-8565-f1ba555eb140" testListId="8c84fa94-04c1-424b-9868-57a2d4851a1d" />
    <TestEntry testId="09fce9dd-6b32-3b12-021f-a02b252c2b0b" executionId="e182e182-f182-4039-b3c6-e0c70071edb1" testListId="8c84fa94-04c1-424b-9868-57a2d4851a1d" />
    <TestEntry testId="a03e420e-45ea-08b4-2b56-a94623cccfc1" executionId="8e75a610-d5af-4ca2-9d75-1a508605a488" testListId="8c84fa94-04c1-424b-9868-57a2d4851a1d" />
    <TestEntry testId="ba70ecaa-1be4-8cf3-b944-9d25bbc946d0" executionId="c4929255-84df-4fb5-a3ae-f13244337fed" testListId="8c84fa94-04c1-424b-9868-57a2d4851a1d" />
    <TestEntry testId="840d6f13-43a3-73dc-0248-02e472a067e3" executionId="be76397f-9b87-46b6-96fe-33648d8f4d9d" testListId="8c84fa94-04c1-424b-9868-57a2d4851a1d" />
    <TestEntry testId="3f54f33a-b481-9d8d-67ea-6fc744c75015" executionId="b8c54601-c420-43f6-968e-355d50faf8db" testListId="8c84fa94-04c1-424b-9868-57a2d4851a1d" />
    <TestEntry testId="311f430b-8702-833e-f2f2-b4c659bdc5a5" executionId="9727122f-ebee-4a72-8bbd-cd3026e60c60" testListId="8c84fa94-04c1-424b-9868-57a2d4851a1d" />
    <TestEntry testId="c8f10b2c-6ce2-8371-aefd-9026c4f349b8" executionId="2b1b2fc0-62e5-42f9-8568-a9366b0fb86d" testListId="8c84fa94-04c1-424b-9868-57a2d4851a1d" />
    <TestEntry testId="e5f5f809-a794-ca9f-7915-0760e75d1870" executionId="e9f46bbf-ea59-4c67-aa60-94f58259a36e" testListId="8c84fa94-04c1-424b-9868-57a2d4851a1d" />
    <TestEntry testId="65d3676d-fc3e-aab2-bee6-74ff1d9ec238" executionId="65a7baad-cf80-4e81-9391-2502350b82bb" testListId="8c84fa94-04c1-424b-9868-57a2d4851a1d" />
    <TestEntry testId="3229b200-0cc3-b781-3425-5b97c0a15f03" executionId="9ee59072-1827-4e19-a4ad-2736ef096ac0" testListId="8c84fa94-04c1-424b-9868-57a2d4851a1d" />
    <TestEntry testId="59ea6ed0-4e2a-8ca1-9630-33cd51343c8a" executionId="41d382af-060b-4fa4-a715-a8eb5cada54c" testListId="8c84fa94-04c1-424b-9868-57a2d4851a1d" />
    <TestEntry testId="06d4ccb0-6ecd-57e2-3c52-bf410233b932" executionId="e6cc5fa5-3c5e-4f13-8ef0-a0d9c5f40f70" testListId="8c84fa94-04c1-424b-9868-57a2d4851a1d" />
    <TestEntry testId="d0d26361-86b6-6918-a751-f6af266de81e" executionId="541749a3-3f66-4f47-9bd5-e5a427ad4bab" testListId="8c84fa94-04c1-424b-9868-57a2d4851a1d" />
    <TestEntry testId="5b61c1c2-d3e7-00f9-39ab-050d29660eae" executionId="91be989c-f7d5-42b4-a322-30d4b3246771" testListId="8c84fa94-04c1-424b-9868-57a2d4851a1d" />
    <TestEntry testId="20e398eb-1ed8-67c5-567b-b02887bacf81" executionId="e4fe507a-e460-47ba-8f5b-a71c947b78f7" testListId="8c84fa94-04c1-424b-9868-57a2d4851a1d" />
    <TestEntry testId="8c99b516-318f-b793-0628-3e55de949e48" executionId="df899d78-429d-41f6-b04a-1c1585b0e28e" testListId="8c84fa94-04c1-424b-9868-57a2d4851a1d" />
    <TestEntry testId="95a71f6e-9e41-edbd-53a9-6562a7b3f211" executionId="0e5702dc-9f93-4e6d-a31b-6a5acd7f559a" testListId="8c84fa94-04c1-424b-9868-57a2d4851a1d" />
    <TestEntry testId="8f468b58-05c5-a627-d295-c518484d896b" executionId="fb4e73c0-b257-470b-a834-a281cc2750ba" testListId="8c84fa94-04c1-424b-9868-57a2d4851a1d" />
    <TestEntry testId="517f6bab-db57-3dd3-7522-05c4cf2a1a65" executionId="d08ad8fe-5462-439f-8cfd-8e9b76777b2a" testListId="8c84fa94-04c1-424b-9868-57a2d4851a1d" />
    <TestEntry testId="82bdeae6-5926-ffb0-1295-279e4b99635f" executionId="f10cc69c-a49a-44cb-899a-a37d60847cb7" testListId="8c84fa94-04c1-424b-9868-57a2d4851a1d" />
  </TestEntries>
  <TestLists>
    <TestList name="Wyniki, których nie ma na liście" id="8c84fa94-04c1-424b-9868-57a2d4851a1d" />
    <TestList name="Wszystkie załadowane wyniki" id="19431567-8539-422a-85d7-44ee4e166bda" />
  </TestLists>
  <ResultSummary outcome="Completed">
    <Counters total="55" executed="55" passed="55" failed="0" error="0" timeout="0" aborted="0" inconclusive="0" passedButRunAborted="0" notRunnable="0" notExecuted="0" disconnected="0" warning="0" completed="0" inProgress="0" pending="0" />
    <Output>
      <StdOut>[xUnit.net 00:00:00.00] xUnit.net VSTest Adapter v2.5.3.1+6b60a9e56a (64-bit .NET 8.0.22)&#xD;
[xUnit.net 00:00:00.11]   Discovering: backend.Tests&#xD;
[xUnit.net 00:00:00.15]   Discovered:  backend.Tests&#xD;
[xUnit.net 00:00:00.15]   Starting:    backend.Tests&#xD;
[xUnit.net 00:00:01.29]   Finished:    backend.Tests&#xD;
</StdOut>
    </Output>
    <CollectorDataEntries>
      <Collector agentName="DESKTOP-KCE3CM5" uri="datacollector://microsoft/CoverletCodeCoverage/1.0" collectorDisplayName="XPlat code coverage">
        <UriAttachments>
          <UriAttachment>
            <A href="DESKTOP-KCE3CM5\coverage.cobertura.xml"></A>
          </UriAttachment>
        </UriAttachments>
      </Collector>
    </CollectorDataEntries>
  </ResultSummary>
</TestRun>