<?xml version="1.0" encoding="utf-8"?>
<TestRun id="5c49a20f-672d-43a2-b5de-586235b7e441" name="21Kuben@DESKTOP-KCE3CM5 2025-12-14 19:37:57" runUser="DESKTOP-KCE3CM5\21Kuben" xmlns="http://microsoft.com/schemas/VisualStudio/TeamTest/2010">
  <Times creation="2025-12-14T19:37:57.8435806+01:00" queuing="2025-12-14T19:37:57.8435807+01:00" start="2025-12-14T19:37:57.3424505+01:00" finish="2025-12-14T19:37:58.0184594+01:00" />
  <TestSettings name="default" id="f4730523-e94c-461a-ba08-2b9cfbf6aca9">
    <Deployment runDeploymentRoot="21Kuben_DESKTOP-KCE3CM5_2025-12-14_19_37_57" />
  </TestSettings>
  <Results>
    <UnitTestResult executionId="10b4c95b-e0e1-4ef1-a962-dd1a5aa10140" testId="9e1babeb-46cb-861c-b832-aeb90787a708" testName="backend.Tests.PricingServiceTests.CalculateFinalPrice_ShouldReturnCorrectAmount(basePrice: 169, duration: &quot;24m&quot;, billingPeriod: &quot;monthly&quot;, expected: 169)" computerName="DESKTOP-KCE3CM5" duration="00:00:00.0000025" startTime="2025-12-14T19:37:57.8232340+01:00" endTime="2025-12-14T19:37:57.8232340+01:00" testType="13cdc9d9-ddb5-4fa4-a97d-d965ccfc6d4b" outcome="Passed" testListId="8c84fa94-04c1-424b-9868-57a2d4851a1d" relativeResultsDirectory="10b4c95b-e0e1-4ef1-a962-dd1a5aa10140" />
    <UnitTestResult executionId="da8f7ae0-c9c9-4955-8e94-e6f738c57ad1" testId="20e398eb-1ed8-67c5-567b-b02887bacf81" testName="backend.Tests.PricingServiceTests.CalculateFinalPrice_ShouldReturnCorrectAmount(basePrice: 450, duration: &quot;7d&quot;, billingPeriod: &quot;upfront&quot;, expected: 1)" computerName="DESKTOP-KCE3CM5" duration="00:00:00.0000023" startTime="2025-12-14T19:37:57.8053048+01:00" endTime="2025-12-14T19:37:57.8053048+01:00" testType="13cdc9d9-ddb5-4fa4-a97d-d965ccfc6d4b" outcome="Passed" testListId="8c84fa94-04c1-424b-9868-57a2d4851a1d" relativeResultsDirectory="da8f7ae0-c9c9-4955-8e94-e6f738c57ad1" />
    <UnitTestResult executionId="9b260848-2ad0-43bd-80e2-7414f0cc986f" testId="d3ed2de6-7eef-ce52-b2c6-a316250e72cb" testName="backend.backend.Tests.UserConnectionManagerTests.KeepUserConnection_ShouldBeCaseInsensitive" computerName="DESKTOP-KCE3CM5" duration="00:00:00.0001174" startTime="2025-12-14T19:37:57.8233691+01:00" endTime="2025-12-14T19:37:57.8233692+01:00" testType="13cdc9d9-ddb5-4fa4-a97d-d965ccfc6d4b" outcome="Passed" testListId="8c84fa94-04c1-424b-9868-57a2d4851a1d" relativeResultsDirectory="9b260848-2ad0-43bd-80e2-7414f0cc986f" />
    <UnitTestResult executionId="a44e1f57-3980-41fe-af7c-3e81a814f810" testId="5fb9373b-4672-c314-dfc9-45d363a0aab5" testName="backend.Tests.PricingServiceTests.CalculateFinalPrice_ShouldReturnCorrectAmount(basePrice: 100, duration: &quot;24m&quot;, billingPeriod: &quot;upfront&quot;, expected: 2040)" computerName="DESKTOP-KCE3CM5" duration="00:00:00.0001901" startTime="2025-12-14T19:37:57.8049637+01:00" endTime="2025-12-14T19:37:57.8049637+01:00" testType="13cdc9d9-ddb5-4fa4-a97d-d965ccfc6d4b" outcome="Passed" testListId="8c84fa94-04c1-424b-9868-57a2d4851a1d" relativeResultsDirectory="a44e1f57-3980-41fe-af7c-3e81a814f810" />
    <UnitTestResult executionId="5bec89ff-47ce-4975-9656-d6d7e771a88e" testId="6290e6f9-47a0-c509-39f2-f3ed6f62b14c" testName="backend.Tests.PricingServiceTests.CalculateFinalPrice_ShouldReturnCorrectAmount(basePrice: 10, duration: &quot;24m&quot;, billingPeriod: &quot;upfront&quot;, expected: 204)" computerName="DESKTOP-KCE3CM5" duration="00:00:00.0524055" startTime="2025-12-14T19:37:57.8027839+01:00" endTime="2025-12-14T19:37:57.8028009+01:00" testType="13cdc9d9-ddb5-4fa4-a97d-d965ccfc6d4b" outcome="Passed" testListId="8c84fa94-04c1-424b-9868-57a2d4851a1d" relativeResultsDirectory="5bec89ff-47ce-4975-9656-d6d7e771a88e" />
    <UnitTestResult executionId="cab2143b-4bff-4077-9917-6d42324c4287" testId="93f0a8cf-6e81-9eb4-4f03-c27f36759df8" testName="backend.backend.Tests.UserConnectionManagerTests.KeepUserConnection_ShouldAddUserToOnlineList" computerName="DESKTOP-KCE3CM5" duration="00:00:00.0004420" startTime="2025-12-14T19:37:57.8233461+01:00" endTime="2025-12-14T19:37:57.8233462+01:00" testType="13cdc9d9-ddb5-4fa4-a97d-d965ccfc6d4b" outcome="Passed" testListId="8c84fa94-04c1-424b-9868-57a2d4851a1d" relativeResultsDirectory="cab2143b-4bff-4077-9917-6d42324c4287" />
    <UnitTestResult executionId="7e55f1cf-f1cc-4ab3-9ea6-12f26f73e409" testId="64f660d3-d49f-64fc-c50b-52a0c628d4eb" testName="backend.backend.Tests.UserConnectionManagerTests.RemoveUserConnection_ShouldRemoveUser_WhenLastConnectionClosed" computerName="DESKTOP-KCE3CM5" duration="00:00:00.0034447" startTime="2025-12-14T19:37:57.8234012+01:00" endTime="2025-12-14T19:37:57.8234012+01:00" testType="13cdc9d9-ddb5-4fa4-a97d-d965ccfc6d4b" outcome="Passed" testListId="8c84fa94-04c1-424b-9868-57a2d4851a1d" relativeResultsDirectory="7e55f1cf-f1cc-4ab3-9ea6-12f26f73e409" />
    <UnitTestResult executionId="92dbe4a5-65f4-40c1-b4cb-daca19f112b9" testId="82bdeae6-5926-ffb0-1295-279e4b99635f" testName="backend.Tests.PricingServiceTests.CalculateFinalPrice_ShouldReturnOneZloty_WhenDurationIs7Days" computerName="DESKTOP-KCE3CM5" duration="00:00:00.0001101" startTime="2025-12-14T19:37:57.8232989+01:00" endTime="2025-12-14T19:37:57.8232989+01:00" testType="13cdc9d9-ddb5-4fa4-a97d-d965ccfc6d4b" outcome="Passed" testListId="8c84fa94-04c1-424b-9868-57a2d4851a1d" relativeResultsDirectory="92dbe4a5-65f4-40c1-b4cb-daca19f112b9" />
    <UnitTestResult executionId="18a3a7de-56d3-428b-904b-4778e86b3d6c" testId="5b61c1c2-d3e7-00f9-39ab-050d29660eae" testName="backend.Tests.PricingServiceTests.CalculateFinalPrice_ShouldReturnCorrectAmount(basePrice: 69, duration: &quot;7d&quot;, billingPeriod: &quot;upfront&quot;, expected: 1)" computerName="DESKTOP-KCE3CM5" duration="00:00:00.0000023" startTime="2025-12-14T19:37:57.8231111+01:00" endTime="2025-12-14T19:37:57.8231112+01:00" testType="13cdc9d9-ddb5-4fa4-a97d-d965ccfc6d4b" outcome="Passed" testListId="8c84fa94-04c1-424b-9868-57a2d4851a1d" relativeResultsDirectory="18a3a7de-56d3-428b-904b-4778e86b3d6c" />
    <UnitTestResult executionId="4bbd8f9b-33ad-46b4-9b96-4c188482b1a1" testId="171e9e01-50ed-4f05-4203-ac10dec3c163" testName="backend.backend.Tests.UserConnectionManagerTests.KeepUserConnection_ShouldStoreMultipleConnections_ForSameUser" computerName="DESKTOP-KCE3CM5" duration="00:00:00.0601657" startTime="2025-12-14T19:37:57.8233119+01:00" endTime="2025-12-14T19:37:57.8233119+01:00" testType="13cdc9d9-ddb5-4fa4-a97d-d965ccfc6d4b" outcome="Passed" testListId="8c84fa94-04c1-424b-9868-57a2d4851a1d" relativeResultsDirectory="4bbd8f9b-33ad-46b4-9b96-4c188482b1a1" />
    <UnitTestResult executionId="acfb5296-075b-4d17-9cc5-f3e890a08f9b" testId="3b4e62de-f405-cad7-e8e5-47555910b822" testName="backend.Tests.PricingServiceTests.CalculateFinalPrice_ShouldReturnCorrectAmount(basePrice: 69, duration: &quot;12m&quot;, billingPeriod: &quot;monthly&quot;, expected: 69)" computerName="DESKTOP-KCE3CM5" duration="00:00:00.0000030" startTime="2025-12-14T19:37:57.8052359+01:00" endTime="2025-12-14T19:37:57.8052360+01:00" testType="13cdc9d9-ddb5-4fa4-a97d-d965ccfc6d4b" outcome="Passed" testListId="8c84fa94-04c1-424b-9868-57a2d4851a1d" relativeResultsDirectory="acfb5296-075b-4d17-9cc5-f3e890a08f9b" />
    <UnitTestResult executionId="e3513696-2270-40aa-82a3-960e68ae44bf" testId="59ea6ed0-4e2a-8ca1-9630-33cd51343c8a" testName="backend.backend.Tests.PdfServiceTests.GenerateCertificate_ShouldReturnPdfBytes_WhenAllDataIsProvided" computerName="DESKTOP-KCE3CM5" duration="00:00:00.2089454" startTime="2025-12-14T19:37:57.9591774+01:00" endTime="2025-12-14T19:37:57.9591776+01:00" testType="13cdc9d9-ddb5-4fa4-a97d-d965ccfc6d4b" outcome="Passed" testListId="8c84fa94-04c1-424b-9868-57a2d4851a1d" relativeResultsDirectory="e3513696-2270-40aa-82a3-960e68ae44bf" />
    <UnitTestResult executionId="3dfcc0ad-41d8-483b-9433-b33cae2f5b84" testId="85eef496-9705-bbac-0fbf-2907c463f47c" testName="backend.Tests.PricingServiceTests.CalculateFinalPrice_ShouldReturnBasePrice_WhenBillingIsMonthly" computerName="DESKTOP-KCE3CM5" duration="00:00:00.0069364" startTime="2025-12-14T19:37:57.8232732+01:00" endTime="2025-12-14T19:37:57.8232732+01:00" testType="13cdc9d9-ddb5-4fa4-a97d-d965ccfc6d4b" outcome="Passed" testListId="8c84fa94-04c1-424b-9868-57a2d4851a1d" relativeResultsDirectory="3dfcc0ad-41d8-483b-9433-b33cae2f5b84" />
    <UnitTestResult executionId="699bb045-8520-49fd-bcce-ec753518cd33" testId="e4c7fbda-f533-f3bf-4fe2-45b2cab3bfb6" testName="backend.Tests.PricingServiceTests.CalculateFinalPrice_ShouldReturnCorrectAmount(basePrice: 100, duration: &quot;12m&quot;, billingPeriod: &quot;upfront&quot;, expected: 1140)" computerName="DESKTOP-KCE3CM5" duration="00:00:00.0000035" startTime="2025-12-14T19:37:57.8052542+01:00" endTime="2025-12-14T19:37:57.8052542+01:00" testType="13cdc9d9-ddb5-4fa4-a97d-d965ccfc6d4b" outcome="Passed" testListId="8c84fa94-04c1-424b-9868-57a2d4851a1d" relativeResultsDirectory="699bb045-8520-49fd-bcce-ec753518cd33" />
    <UnitTestResult executionId="837ad64c-1b44-450e-8fe5-3511e90f2336" testId="d6df6e33-3fcd-419c-3ee4-370603165c70" testName="backend.Tests.PricingServiceTests.CalculateFinalPrice_ShouldReturnCorrectAmount(basePrice: 50, duration: &quot;12m&quot;, billingPeriod: &quot;upfront&quot;, expected: 570)" computerName="DESKTOP-KCE3CM5" duration="00:00:00.0000038" startTime="2025-12-14T19:37:57.8052816+01:00" endTime="2025-12-14T19:37:57.8052817+01:00" testType="13cdc9d9-ddb5-4fa4-a97d-d965ccfc6d4b" outcome="Passed" testListId="8c84fa94-04c1-424b-9868-57a2d4851a1d" relativeResultsDirectory="837ad64c-1b44-450e-8fe5-3511e90f2336" />
    <UnitTestResult executionId="a53c71ac-8e66-464a-9d55-60951ec1c327" testId="e4afb0ed-fbc0-6df6-ba14-6e0f57e22c6e" testName="backend.backend.Tests.PdfServiceTests.GenerateCertificate_ShouldNotThrowError_WhenOptionalDataIsMissing" computerName="DESKTOP-KCE3CM5" duration="00:00:00.0212428" startTime="2025-12-14T19:37:57.9804587+01:00" endTime="2025-12-14T19:37:57.9804589+01:00" testType="13cdc9d9-ddb5-4fa4-a97d-d965ccfc6d4b" outcome="Passed" testListId="8c84fa94-04c1-424b-9868-57a2d4851a1d" relativeResultsDirectory="a53c71ac-8e66-464a-9d55-60951ec1c327" />
    <UnitTestResult executionId="ef06dea5-321b-48f1-be5e-0ea7f6e4cef5" testId="5407537b-270e-0c76-ad18-741c9dd2f0ba" testName="backend.Tests.PricingServiceTests.CalculateFinalPrice_ShouldReturnCorrectAmount(basePrice: 99, duration: &quot;12m&quot;, billingPeriod: &quot;monthly&quot;, expected: 99)" computerName="DESKTOP-KCE3CM5" duration="00:00:00.0000059" startTime="2025-12-14T19:37:57.8052133+01:00" endTime="2025-12-14T19:37:57.8052133+01:00" testType="13cdc9d9-ddb5-4fa4-a97d-d965ccfc6d4b" outcome="Passed" testListId="8c84fa94-04c1-424b-9868-57a2d4851a1d" relativeResultsDirectory="ef06dea5-321b-48f1-be5e-0ea7f6e4cef5" />
  </Results>
  <TestDefinitions>
    <UnitTest name="backend.Tests.PricingServiceTests.CalculateFinalPrice_ShouldReturnCorrectAmount(basePrice: 69, duration: &quot;7d&quot;, billingPeriod: &quot;upfront&quot;, expected: 1)" storage="c:\users\21kuben\desktop\web-project\inzynierka\backend\backend\backend.tests\bin\debug\net8.0\backend.tests.dll" id="5b61c1c2-d3e7-00f9-39ab-050d29660eae">
      <Execution id="18a3a7de-56d3-428b-904b-4778e86b3d6c" />
      <TestMethod codeBase="C:\Users\21Kuben\Desktop\web-project\Inzynierka\backend\backend\backend.Tests\bin\Debug\net8.0\backend.Tests.dll" adapterTypeName="executor://xunit/VsTestRunner2/netcoreapp" className="backend.Tests.PricingServiceTests" name="CalculateFinalPrice_ShouldReturnCorrectAmount" />
    </UnitTest>
    <UnitTest name="backend.Tests.PricingServiceTests.CalculateFinalPrice_ShouldReturnCorrectAmount(basePrice: 100, duration: &quot;12m&quot;, billingPeriod: &quot;upfront&quot;, expected: 1140)" storage="c:\users\21kuben\desktop\web-project\inzynierka\backend\backend\backend.tests\bin\debug\net8.0\backend.tests.dll" id="e4c7fbda-f533-f3bf-4fe2-45b2cab3bfb6">
      <Execution id="699bb045-8520-49fd-bcce-ec753518cd33" />
      <TestMethod codeBase="C:\Users\21Kuben\Desktop\web-project\Inzynierka\backend\backend\backend.Tests\bin\Debug\net8.0\backend.Tests.dll" adapterTypeName="executor://xunit/VsTestRunner2/netcoreapp" className="backend.Tests.PricingServiceTests" name="CalculateFinalPrice_ShouldReturnCorrectAmount" />
    </UnitTest>
    <UnitTest name="backend.Tests.PricingServiceTests.CalculateFinalPrice_ShouldReturnCorrectAmount(basePrice: 10, duration: &quot;24m&quot;, billingPeriod: &quot;upfront&quot;, expected: 204)" storage="c:\users\21kuben\desktop\web-project\inzynierka\backend\backend\backend.tests\bin\debug\net8.0\backend.tests.dll" id="6290e6f9-47a0-c509-39f2-f3ed6f62b14c">
      <Execution id="5bec89ff-47ce-4975-9656-d6d7e771a88e" />
      <TestMethod codeBase="C:\Users\21Kuben\Desktop\web-project\Inzynierka\backend\backend\backend.Tests\bin\Debug\net8.0\backend.Tests.dll" adapterTypeName="executor://xunit/VsTestRunner2/netcoreapp" className="backend.Tests.PricingServiceTests" name="CalculateFinalPrice_ShouldReturnCorrectAmount" />
    </UnitTest>
    <UnitTest name="backend.backend.Tests.PdfServiceTests.GenerateCertificate_ShouldReturnPdfBytes_WhenAllDataIsProvided" storage="c:\users\21kuben\desktop\web-project\inzynierka\backend\backend\backend.tests\bin\debug\net8.0\backend.tests.dll" id="59ea6ed0-4e2a-8ca1-9630-33cd51343c8a">
      <Execution id="e3513696-2270-40aa-82a3-960e68ae44bf" />
      <TestMethod codeBase="C:\Users\21Kuben\Desktop\web-project\Inzynierka\backend\backend\backend.Tests\bin\Debug\net8.0\backend.Tests.dll" adapterTypeName="executor://xunit/VsTestRunner2/netcoreapp" className="backend.backend.Tests.PdfServiceTests" name="GenerateCertificate_ShouldReturnPdfBytes_WhenAllDataIsProvided" />
    </UnitTest>
    <UnitTest name="backend.Tests.PricingServiceTests.CalculateFinalPrice_ShouldReturnCorrectAmount(basePrice: 450, duration: &quot;7d&quot;, billingPeriod: &quot;upfront&quot;, expected: 1)" storage="c:\users\21kuben\desktop\web-project\inzynierka\backend\backend\backend.tests\bin\debug\net8.0\backend.tests.dll" id="20e398eb-1ed8-67c5-567b-b02887bacf81">
      <Execution id="da8f7ae0-c9c9-4955-8e94-e6f738c57ad1" />
      <TestMethod codeBase="C:\Users\21Kuben\Desktop\web-project\Inzynierka\backend\backend\backend.Tests\bin\Debug\net8.0\backend.Tests.dll" adapterTypeName="executor://xunit/VsTestRunner2/netcoreapp" className="backend.Tests.PricingServiceTests" name="CalculateFinalPrice_ShouldReturnCorrectAmount" />
    </UnitTest>
    <UnitTest name="backend.Tests.PricingServiceTests.CalculateFinalPrice_ShouldReturnCorrectAmount(basePrice: 50, duration: &quot;12m&quot;, billingPeriod: &quot;upfront&quot;, expected: 570)" storage="c:\users\21kuben\desktop\web-project\inzynierka\backend\backend\backend.tests\bin\debug\net8.0\backend.tests.dll" id="d6df6e33-3fcd-419c-3ee4-370603165c70">
      <Execution id="837ad64c-1b44-450e-8fe5-3511e90f2336" />
      <TestMethod codeBase="C:\Users\21Kuben\Desktop\web-project\Inzynierka\backend\backend\backend.Tests\bin\Debug\net8.0\backend.Tests.dll" adapterTypeName="executor://xunit/VsTestRunner2/netcoreapp" className="backend.Tests.PricingServiceTests" name="CalculateFinalPrice_ShouldReturnCorrectAmount" />
    </UnitTest>
    <UnitTest name="backend.Tests.PricingServiceTests.CalculateFinalPrice_ShouldReturnCorrectAmount(basePrice: 169, duration: &quot;24m&quot;, billingPeriod: &quot;monthly&quot;, expected: 169)" storage="c:\users\21kuben\desktop\web-project\inzynierka\backend\backend\backend.tests\bin\debug\net8.0\backend.tests.dll" id="9e1babeb-46cb-861c-b832-aeb90787a708">
      <Execution id="10b4c95b-e0e1-4ef1-a962-dd1a5aa10140" />
      <TestMethod codeBase="C:\Users\21Kuben\Desktop\web-project\Inzynierka\backend\backend\backend.Tests\bin\Debug\net8.0\backend.Tests.dll" adapterTypeName="executor://xunit/VsTestRunner2/netcoreapp" className="backend.Tests.PricingServiceTests" name="CalculateFinalPrice_ShouldReturnCorrectAmount" />
    </UnitTest>
    <UnitTest name="backend.Tests.PricingServiceTests.CalculateFinalPrice_ShouldReturnCorrectAmount(basePrice: 69, duration: &quot;12m&quot;, billingPeriod: &quot;monthly&quot;, expected: 69)" storage="c:\users\21kuben\desktop\web-project\inzynierka\backend\backend\backend.tests\bin\debug\net8.0\backend.tests.dll" id="3b4e62de-f405-cad7-e8e5-47555910b822">
      <Execution id="acfb5296-075b-4d17-9cc5-f3e890a08f9b" />
      <TestMethod codeBase="C:\Users\21Kuben\Desktop\web-project\Inzynierka\backend\backend\backend.Tests\bin\Debug\net8.0\backend.Tests.dll" adapterTypeName="executor://xunit/VsTestRunner2/netcoreapp" className="backend.Tests.PricingServiceTests" name="CalculateFinalPrice_ShouldReturnCorrectAmount" />
    </UnitTest>
    <UnitTest name="backend.Tests.PricingServiceTests.CalculateFinalPrice_ShouldReturnBasePrice_WhenBillingIsMonthly" storage="c:\users\21kuben\desktop\web-project\inzynierka\backend\backend\backend.tests\bin\debug\net8.0\backend.tests.dll" id="85eef496-9705-bbac-0fbf-2907c463f47c">
      <Execution id="3dfcc0ad-41d8-483b-9433-b33cae2f5b84" />
      <TestMethod codeBase="C:\Users\21Kuben\Desktop\web-project\Inzynierka\backend\backend\backend.Tests\bin\Debug\net8.0\backend.Tests.dll" adapterTypeName="executor://xunit/VsTestRunner2/netcoreapp" className="backend.Tests.PricingServiceTests" name="CalculateFinalPrice_ShouldReturnBasePrice_WhenBillingIsMonthly" />
    </UnitTest>
    <UnitTest name="backend.Tests.PricingServiceTests.CalculateFinalPrice_ShouldReturnCorrectAmount(basePrice: 100, duration: &quot;24m&quot;, billingPeriod: &quot;upfront&quot;, expected: 2040)" storage="c:\users\21kuben\desktop\web-project\inzynierka\backend\backend\backend.tests\bin\debug\net8.0\backend.tests.dll" id="5fb9373b-4672-c314-dfc9-45d363a0aab5">
      <Execution id="a44e1f57-3980-41fe-af7c-3e81a814f810" />
      <TestMethod codeBase="C:\Users\21Kuben\Desktop\web-project\Inzynierka\backend\backend\backend.Tests\bin\Debug\net8.0\backend.Tests.dll" adapterTypeName="executor://xunit/VsTestRunner2/netcoreapp" className="backend.Tests.PricingServiceTests" name="CalculateFinalPrice_ShouldReturnCorrectAmount" />
    </UnitTest>
    <UnitTest name="backend.backend.Tests.UserConnectionManagerTests.KeepUserConnection_ShouldAddUserToOnlineList" storage="c:\users\21kuben\desktop\web-project\inzynierka\backend\backend\backend.tests\bin\debug\net8.0\backend.tests.dll" id="93f0a8cf-6e81-9eb4-4f03-c27f36759df8">
      <Execution id="cab2143b-4bff-4077-9917-6d42324c4287" />
      <TestMethod codeBase="C:\Users\21Kuben\Desktop\web-project\Inzynierka\backend\backend\backend.Tests\bin\Debug\net8.0\backend.Tests.dll" adapterTypeName="executor://xunit/VsTestRunner2/netcoreapp" className="backend.backend.Tests.UserConnectionManagerTests" name="KeepUserConnection_ShouldAddUserToOnlineList" />
    </UnitTest>
    <UnitTest name="backend.backend.Tests.UserConnectionManagerTests.KeepUserConnection_ShouldBeCaseInsensitive" storage="c:\users\21kuben\desktop\web-project\inzynierka\backend\backend\backend.tests\bin\debug\net8.0\backend.tests.dll" id="d3ed2de6-7eef-ce52-b2c6-a316250e72cb">
      <Execution id="9b260848-2ad0-43bd-80e2-7414f0cc986f" />
      <TestMethod codeBase="C:\Users\21Kuben\Desktop\web-project\Inzynierka\backend\backend\backend.Tests\bin\Debug\net8.0\backend.Tests.dll" adapterTypeName="executor://xunit/VsTestRunner2/netcoreapp" className="backend.backend.Tests.UserConnectionManagerTests" name="KeepUserConnection_ShouldBeCaseInsensitive" />
    </UnitTest>
    <UnitTest name="backend.Tests.PricingServiceTests.CalculateFinalPrice_ShouldReturnCorrectAmount(basePrice: 99, duration: &quot;12m&quot;, billingPeriod: &quot;monthly&quot;, expected: 99)" storage="c:\users\21kuben\desktop\web-project\inzynierka\backend\backend\backend.tests\bin\debug\net8.0\backend.tests.dll" id="5407537b-270e-0c76-ad18-741c9dd2f0ba">
      <Execution id="ef06dea5-321b-48f1-be5e-0ea7f6e4cef5" />
      <TestMethod codeBase="C:\Users\21Kuben\Desktop\web-project\Inzynierka\backend\backend\backend.Tests\bin\Debug\net8.0\backend.Tests.dll" adapterTypeName="executor://xunit/VsTestRunner2/netcoreapp" className="backend.Tests.PricingServiceTests" name="CalculateFinalPrice_ShouldReturnCorrectAmount" />
    </UnitTest>
    <UnitTest name="backend.Tests.PricingServiceTests.CalculateFinalPrice_ShouldReturnOneZloty_WhenDurationIs7Days" storage="c:\users\21kuben\desktop\web-project\inzynierka\backend\backend\backend.tests\bin\debug\net8.0\backend.tests.dll" id="82bdeae6-5926-ffb0-1295-279e4b99635f">
      <Execution id="92dbe4a5-65f4-40c1-b4cb-daca19f112b9" />
      <TestMethod codeBase="C:\Users\21Kuben\Desktop\web-project\Inzynierka\backend\backend\backend.Tests\bin\Debug\net8.0\backend.Tests.dll" adapterTypeName="executor://xunit/VsTestRunner2/netcoreapp" className="backend.Tests.PricingServiceTests" name="CalculateFinalPrice_ShouldReturnOneZloty_WhenDurationIs7Days" />
    </UnitTest>
    <UnitTest name="backend.backend.Tests.UserConnectionManagerTests.KeepUserConnection_ShouldStoreMultipleConnections_ForSameUser" storage="c:\users\21kuben\desktop\web-project\inzynierka\backend\backend\backend.tests\bin\debug\net8.0\backend.tests.dll" id="171e9e01-50ed-4f05-4203-ac10dec3c163">
      <Execution id="4bbd8f9b-33ad-46b4-9b96-4c188482b1a1" />
      <TestMethod codeBase="C:\Users\21Kuben\Desktop\web-project\Inzynierka\backend\backend\backend.Tests\bin\Debug\net8.0\backend.Tests.dll" adapterTypeName="executor://xunit/VsTestRunner2/netcoreapp" className="backend.backend.Tests.UserConnectionManagerTests" name="KeepUserConnection_ShouldStoreMultipleConnections_ForSameUser" />
    </UnitTest>
    <UnitTest name="backend.backend.Tests.PdfServiceTests.GenerateCertificate_ShouldNotThrowError_WhenOptionalDataIsMissing" storage="c:\users\21kuben\desktop\web-project\inzynierka\backend\backend\backend.tests\bin\debug\net8.0\backend.tests.dll" id="e4afb0ed-fbc0-6df6-ba14-6e0f57e22c6e">
      <Execution id="a53c71ac-8e66-464a-9d55-60951ec1c327" />
      <TestMethod codeBase="C:\Users\21Kuben\Desktop\web-project\Inzynierka\backend\backend\backend.Tests\bin\Debug\net8.0\backend.Tests.dll" adapterTypeName="executor://xunit/VsTestRunner2/netcoreapp" className="backend.backend.Tests.PdfServiceTests" name="GenerateCertificate_ShouldNotThrowError_WhenOptionalDataIsMissing" />
    </UnitTest>
    <UnitTest name="backend.backend.Tests.UserConnectionManagerTests.RemoveUserConnection_ShouldRemoveUser_WhenLastConnectionClosed" storage="c:\users\21kuben\desktop\web-project\inzynierka\backend\backend\backend.tests\bin\debug\net8.0\backend.tests.dll" id="64f660d3-d49f-64fc-c50b-52a0c628d4eb">
      <Execution id="7e55f1cf-f1cc-4ab3-9ea6-12f26f73e409" />
      <TestMethod codeBase="C:\Users\21Kuben\Desktop\web-project\Inzynierka\backend\backend\backend.Tests\bin\Debug\net8.0\backend.Tests.dll" adapterTypeName="executor://xunit/VsTestRunner2/netcoreapp" className="backend.backend.Tests.UserConnectionManagerTests" name="RemoveUserConnection_ShouldRemoveUser_WhenLastConnectionClosed" />
    </UnitTest>
  </TestDefinitions>
  <TestEntries>
    <TestEntry testId="9e1babeb-46cb-861c-b832-aeb90787a708" executionId="10b4c95b-e0e1-4ef1-a962-dd1a5aa10140" testListId="8c84fa94-04c1-424b-9868-57a2d4851a1d" />
    <TestEntry testId="20e398eb-1ed8-67c5-567b-b02887bacf81" executionId="da8f7ae0-c9c9-4955-8e94-e6f738c57ad1" testListId="8c84fa94-04c1-424b-9868-57a2d4851a1d" />
    <TestEntry testId="d3ed2de6-7eef-ce52-b2c6-a316250e72cb" executionId="9b260848-2ad0-43bd-80e2-7414f0cc986f" testListId="8c84fa94-04c1-424b-9868-57a2d4851a1d" />
    <TestEntry testId="5fb9373b-4672-c314-dfc9-45d363a0aab5" executionId="a44e1f57-3980-41fe-af7c-3e81a814f810" testListId="8c84fa94-04c1-424b-9868-57a2d4851a1d" />
    <TestEntry testId="6290e6f9-47a0-c509-39f2-f3ed6f62b14c" executionId="5bec89ff-47ce-4975-9656-d6d7e771a88e" testListId="8c84fa94-04c1-424b-9868-57a2d4851a1d" />
    <TestEntry testId="93f0a8cf-6e81-9eb4-4f03-c27f36759df8" executionId="cab2143b-4bff-4077-9917-6d42324c4287" testListId="8c84fa94-04c1-424b-9868-57a2d4851a1d" />
    <TestEntry testId="64f660d3-d49f-64fc-c50b-52a0c628d4eb" executionId="7e55f1cf-f1cc-4ab3-9ea6-12f26f73e409" testListId="8c84fa94-04c1-424b-9868-57a2d4851a1d" />
    <TestEntry testId="82bdeae6-5926-ffb0-1295-279e4b99635f" executionId="92dbe4a5-65f4-40c1-b4cb-daca19f112b9" testListId="8c84fa94-04c1-424b-9868-57a2d4851a1d" />
    <TestEntry testId="5b61c1c2-d3e7-00f9-39ab-050d29660eae" executionId="18a3a7de-56d3-428b-904b-4778e86b3d6c" testListId="8c84fa94-04c1-424b-9868-57a2d4851a1d" />
    <TestEntry testId="171e9e01-50ed-4f05-4203-ac10dec3c163" executionId="4bbd8f9b-33ad-46b4-9b96-4c188482b1a1" testListId="8c84fa94-04c1-424b-9868-57a2d4851a1d" />
    <TestEntry testId="3b4e62de-f405-cad7-e8e5-47555910b822" executionId="acfb5296-075b-4d17-9cc5-f3e890a08f9b" testListId="8c84fa94-04c1-424b-9868-57a2d4851a1d" />
    <TestEntry testId="59ea6ed0-4e2a-8ca1-9630-33cd51343c8a" executionId="e3513696-2270-40aa-82a3-960e68ae44bf" testListId="8c84fa94-04c1-424b-9868-57a2d4851a1d" />
    <TestEntry testId="85eef496-9705-bbac-0fbf-2907c463f47c" executionId="3dfcc0ad-41d8-483b-9433-b33cae2f5b84" testListId="8c84fa94-04c1-424b-9868-57a2d4851a1d" />
    <TestEntry testId="e4c7fbda-f533-f3bf-4fe2-45b2cab3bfb6" executionId="699bb045-8520-49fd-bcce-ec753518cd33" testListId="8c84fa94-04c1-424b-9868-57a2d4851a1d" />
    <TestEntry testId="d6df6e33-3fcd-419c-3ee4-370603165c70" executionId="837ad64c-1b44-450e-8fe5-3511e90f2336" testListId="8c84fa94-04c1-424b-9868-57a2d4851a1d" />
    <TestEntry testId="e4afb0ed-fbc0-6df6-ba14-6e0f57e22c6e" executionId="a53c71ac-8e66-464a-9d55-60951ec1c327" testListId="8c84fa94-04c1-424b-9868-57a2d4851a1d" />
    <TestEntry testId="5407537b-270e-0c76-ad18-741c9dd2f0ba" executionId="ef06dea5-321b-48f1-be5e-0ea7f6e4cef5" testListId="8c84fa94-04c1-424b-9868-57a2d4851a1d" />
  </TestEntries>
  <TestLists>
    <TestList name="Wyniki, których nie ma na liście" id="8c84fa94-04c1-424b-9868-57a2d4851a1d" />
    <TestList name="Wszystkie załadowane wyniki" id="19431567-8539-422a-85d7-44ee4e166bda" />
  </TestLists>
  <ResultSummary outcome="Completed">
    <Counters total="17" executed="17" passed="17" failed="0" error="0" timeout="0" aborted="0" inconclusive="0" passedButRunAborted="0" notRunnable="0" notExecuted="0" disconnected="0" warning="0" completed="0" inProgress="0" pending="0" />
    <Output>
      <StdOut>[xUnit.net 00:00:00.00] xUnit.net VSTest Adapter v2.5.3.1+6b60a9e56a (64-bit .NET 8.0.22)&#xD;
[xUnit.net 00:00:00.05]   Discovering: backend.Tests&#xD;
[xUnit.net 00:00:00.08]   Discovered:  backend.Tests&#xD;
[xUnit.net 00:00:00.08]   Starting:    backend.Tests&#xD;
[xUnit.net 00:00:00.35]   Finished:    backend.Tests&#xD;
</StdOut>
    </Output>
  </ResultSummary>
</TestRun>